11:14:34.246-[LAPTOP-FPFPK7D7][sys]-- INFO 74536 --- [           main] com.tianji.RemarkApplication             : The following 1 profile is active: "local"
11:14:34.273-[LAPTOP-FPFPK7D7][sys]-- INFO 74536 --- [           main] c.a.c.n.c.NacosConfigDataLoader          : [Nacos Config] Load config[dataId=shared-mq.yaml, group=DEFAULT_GROUP] success
11:14:34.273-[LAPTOP-FPFPK7D7][sys]-- INFO 74536 --- [           main] c.a.c.n.c.NacosConfigDataLoader          : [Nacos Config] Load config[dataId=shared-feign.yaml, group=DEFAULT_GROUP] success
11:14:34.273-[LAPTOP-FPFPK7D7][sys]-- INFO 74536 --- [           main] c.a.c.n.c.NacosConfigDataLoader          : [Nacos Config] Load config[dataId=shared-logs.yaml, group=DEFAULT_GROUP] success
11:14:34.273-[LAPTOP-FPFPK7D7][sys]-- INFO 74536 --- [           main] c.a.c.n.c.NacosConfigDataLoader          : [Nacos Config] Load config[dataId=shared-mybatis.yaml, group=DEFAULT_GROUP] success
11:14:34.273-[LAPTOP-FPFPK7D7][sys]-- INFO 74536 --- [           main] c.a.c.n.c.NacosConfigDataLoader          : [Nacos Config] Load config[dataId=shared-redis.yaml, group=DEFAULT_GROUP] success
11:14:34.273-[LAPTOP-FPFPK7D7][sys]-- INFO 74536 --- [           main] c.a.c.n.c.NacosConfigDataLoader          : [Nacos Config] Load config[dataId=shared-spring.yaml, group=DEFAULT_GROUP] success
11:14:34.273-[LAPTOP-FPFPK7D7][sys]-- WARN 74536 --- [           main] c.a.c.n.c.NacosConfigDataLoader          : [Nacos Config] config[dataId=remark-service.yaml, group=DEFAULT_GROUP] is empty
11:14:35.105-[LAPTOP-FPFPK7D7][sys]-- INFO 74536 --- [           main] .s.d.r.c.RepositoryConfigurationDelegate : Multiple Spring Data modules found, entering strict repository configuration mode
11:14:35.107-[LAPTOP-FPFPK7D7][sys]-- INFO 74536 --- [           main] .s.d.r.c.RepositoryConfigurationDelegate : Bootstrapping Spring Data Redis repositories in DEFAULT mode.
11:14:35.160-[LAPTOP-FPFPK7D7][sys]-- INFO 74536 --- [           main] .s.d.r.c.RepositoryConfigurationDelegate : Finished Spring Data repository scanning in 40 ms. Found 0 Redis repository interfaces.
11:14:35.455-[LAPTOP-FPFPK7D7][sys]-- INFO 74536 --- [           main] o.s.cloud.context.scope.GenericScope     : BeanFactory id=8008f8d3-1a58-3e6f-b2bc-1294e6deb9c3
11:14:35.493-[LAPTOP-FPFPK7D7][sys]-- WARN 74536 --- [           main] trationDelegate$BeanPostProcessorChecker : Bean 'com.alibaba.cloud.nacos.NacosConfigAutoConfiguration' of type [com.alibaba.cloud.nacos.NacosConfigAutoConfiguration] is not eligible for getting processed by all BeanPostProcessors (for example: not eligible for auto-proxying). The currently created BeanPostProcessor [nacosAnnotationProcessor] is declared through a non-static factory method on that class; consider declaring it as static instead.
11:14:35.794-[LAPTOP-FPFPK7D7][sys]-- WARN 74536 --- [           main] trationDelegate$BeanPostProcessorChecker : Bean 'org.springframework.cloud.client.loadbalancer.LoadBalancerAutoConfiguration$DeferringLoadBalancerInterceptorConfig' of type [org.springframework.cloud.client.loadbalancer.LoadBalancerAutoConfiguration$DeferringLoadBalancerInterceptorConfig] is not eligible for getting processed by all BeanPostProcessors (for example: not eligible for auto-proxying). The currently created BeanPostProcessor [lbRestClientPostProcessor] is declared through a non-static factory method on that class; consider declaring it as static instead.
11:14:35.799-[LAPTOP-FPFPK7D7][sys]-- WARN 74536 --- [           main] trationDelegate$BeanPostProcessorChecker : Bean 'deferringLoadBalancerInterceptor' of type [org.springframework.cloud.client.loadbalancer.DeferringLoadBalancerInterceptor] is not eligible for getting processed by all BeanPostProcessors (for example: not eligible for auto-proxying). Is this bean getting eagerly injected/applied to a currently created BeanPostProcessor [lbRestClientPostProcessor]? Check the corresponding BeanPostProcessor declaration and its dependencies/advisors. If this bean does not have to be post-processed, declare it with ROLE_INFRASTRUCTURE.
11:14:36.046-[LAPTOP-FPFPK7D7][sys]-- INFO 74536 --- [           main] o.s.b.w.embedded.tomcat.TomcatWebServer  : Tomcat initialized with port 8091 (http)
11:14:36.061-[LAPTOP-FPFPK7D7][sys]-- INFO 74536 --- [           main] o.apache.catalina.core.StandardService   : Starting service [Tomcat]
11:14:36.062-[LAPTOP-FPFPK7D7][sys]-- INFO 74536 --- [           main] o.apache.catalina.core.StandardEngine    : Starting Servlet engine: [Apache Tomcat/10.1.31]
11:14:36.144-[LAPTOP-FPFPK7D7][sys]-- INFO 74536 --- [           main] o.a.c.c.C.[Tomcat].[localhost].[/]       : Initializing Spring embedded WebApplicationContext
11:14:36.145-[LAPTOP-FPFPK7D7][sys]-- INFO 74536 --- [           main] w.s.c.ServletWebServerApplicationContext : Root WebApplicationContext: initialization completed in 1871 ms
11:14:37.647-[LAPTOP-FPFPK7D7][sys]-- INFO 74536 --- [           main] c.a.c.sentinel.SentinelWebMvcConfigurer  : [Sentinel Starter] register SentinelWebInterceptor with urlPatterns: [/**].
11:14:38.016-[LAPTOP-FPFPK7D7][sys]-- INFO 74536 --- [           main] o.s.c.openfeign.FeignClientFactoryBean   : For 'course-service' URL not provided. Will try picking an instance via load-balancing.
11:14:38.070-[LAPTOP-FPFPK7D7][sys]-- INFO 74536 --- [           main] o.s.c.openfeign.FeignClientFactoryBean   : For 'auth-service' URL not provided. Will try picking an instance via load-balancing.
11:14:39.603-[LAPTOP-FPFPK7D7][sys]-- INFO 74536 --- [           main] o.s.cloud.commons.util.InetUtils         : Cannot determine local hostname
11:14:39.714-[LAPTOP-FPFPK7D7][sys]-- INFO 74536 --- [           main] o.s.b.w.embedded.tomcat.TomcatWebServer  : Tomcat started on port 8091 (http) with context path '/'
11:14:39.731-[LAPTOP-FPFPK7D7][sys]-- INFO 74536 --- [           main] c.a.n.p.a.s.c.ClientAuthPluginManager    : [ClientAuthPluginManager] Load ClientAuthService com.alibaba.nacos.client.auth.impl.NacosClientAuthServiceImpl success.
11:14:39.731-[LAPTOP-FPFPK7D7][sys]-- INFO 74536 --- [           main] c.a.n.p.a.s.c.ClientAuthPluginManager    : [ClientAuthPluginManager] Load ClientAuthService com.alibaba.nacos.client.auth.ram.RamClientAuthServiceImpl success.
11:14:39.831-[LAPTOP-FPFPK7D7][sys]-- INFO 74536 --- [           main] c.a.c.n.registry.NacosServiceRegistry    : nacos registry, DEFAULT_GROUP remark-service 192.168.150.1:8091 register finished
11:14:40.178-[LAPTOP-FPFPK7D7][sys]-- INFO 74536 --- [           main] com.tianji.RemarkApplication             : Started RemarkApplication in 10.277 seconds (process running for 10.986)
11:14:40.195-[LAPTOP-FPFPK7D7][sys]-- INFO 74536 --- [           main] c.a.c.n.refresh.NacosContextRefresher    : [Nacos Config] Listening config: dataId=shared-mq.yaml, group=DEFAULT_GROUP
11:14:40.197-[LAPTOP-FPFPK7D7][sys]-- INFO 74536 --- [           main] c.a.c.n.refresh.NacosContextRefresher    : [Nacos Config] Listening config: dataId=shared-redis.yaml, group=DEFAULT_GROUP
11:14:40.198-[LAPTOP-FPFPK7D7][sys]-- INFO 74536 --- [           main] c.a.c.n.refresh.NacosContextRefresher    : [Nacos Config] Listening config: dataId=shared-spring.yaml, group=DEFAULT_GROUP
11:14:40.198-[LAPTOP-FPFPK7D7][sys]-- INFO 74536 --- [           main] c.a.c.n.refresh.NacosContextRefresher    : [Nacos Config] Listening config: dataId=remark-service.yaml, group=DEFAULT_GROUP
11:14:40.199-[LAPTOP-FPFPK7D7][sys]-- INFO 74536 --- [           main] c.a.c.n.refresh.NacosContextRefresher    : [Nacos Config] Listening config: dataId=shared-feign.yaml, group=DEFAULT_GROUP
11:14:40.200-[LAPTOP-FPFPK7D7][sys]-- INFO 74536 --- [           main] c.a.c.n.refresh.NacosContextRefresher    : [Nacos Config] Listening config: dataId=shared-mybatis.yaml, group=DEFAULT_GROUP
11:14:40.201-[LAPTOP-FPFPK7D7][sys]-- INFO 74536 --- [           main] c.a.c.n.refresh.NacosContextRefresher    : [Nacos Config] Listening config: dataId=shared-logs.yaml, group=DEFAULT_GROUP
11:14:40.202-[LAPTOP-FPFPK7D7][sys]-- INFO 74536 --- [           main] com.tianji.RemarkApplication             : --/
---------------------------------------------------------------------------------------
	Application 'remark-service' is running! Access URLs:
	Local: 		http://localhost:8091
	External: 	http://10.254.2.55:8091
	Profile(s): 	[local]
---------------------------------------------------------------------------------------
12:21:07.415-[LAPTOP-FPFPK7D7][sys]--ERROR 74536 --- [   scheduling-1] o.s.s.s.TaskUtils$LoggingErrorHandler    : Unexpected error occurred in scheduled task
org.springframework.data.redis.RedisSystemException: Redis exception
	at org.springframework.data.redis.connection.lettuce.LettuceExceptionConverter.convert(LettuceExceptionConverter.java:72) ~[spring-data-redis-3.3.5.jar:3.3.5]
	at org.springframework.data.redis.connection.lettuce.LettuceExceptionConverter.convert(LettuceExceptionConverter.java:41) ~[spring-data-redis-3.3.5.jar:3.3.5]
	at org.springframework.data.redis.PassThroughExceptionTranslationStrategy.translate(PassThroughExceptionTranslationStrategy.java:40) ~[spring-data-redis-3.3.5.jar:3.3.5]
	at org.springframework.data.redis.FallbackExceptionTranslationStrategy.translate(FallbackExceptionTranslationStrategy.java:38) ~[spring-data-redis-3.3.5.jar:3.3.5]
	at org.springframework.data.redis.connection.lettuce.LettuceConnection.convertLettuceAccessException(LettuceConnection.java:310) ~[spring-data-redis-3.3.5.jar:3.3.5]
	at org.springframework.data.redis.connection.lettuce.LettuceConnection.await(LettuceConnection.java:1012) ~[spring-data-redis-3.3.5.jar:3.3.5]
	at org.springframework.data.redis.connection.lettuce.LettuceConnection.lambda$doInvoke$3(LettuceConnection.java:447) ~[spring-data-redis-3.3.5.jar:3.3.5]
	at org.springframework.data.redis.connection.lettuce.LettuceInvoker$Synchronizer.invoke(LettuceInvoker.java:673) ~[spring-data-redis-3.3.5.jar:3.3.5]
	at org.springframework.data.redis.connection.lettuce.LettuceInvoker$DefaultManyInvocationSpec.toSet(LettuceInvoker.java:639) ~[spring-data-redis-3.3.5.jar:3.3.5]
	at org.springframework.data.redis.connection.lettuce.LettuceZSetCommands.zPopMin(LettuceZSetCommands.java:282) ~[spring-data-redis-3.3.5.jar:3.3.5]
	at org.springframework.data.redis.connection.DefaultedRedisConnection.zPopMin(DefaultedRedisConnection.java:987) ~[spring-data-redis-3.3.5.jar:3.3.5]
	at org.springframework.data.redis.connection.DefaultStringRedisConnection.zPopMin(DefaultStringRedisConnection.java:2025) ~[spring-data-redis-3.3.5.jar:3.3.5]
	at org.springframework.data.redis.core.DefaultZSetOperations.lambda$popMin$40(DefaultZSetOperations.java:450) ~[spring-data-redis-3.3.5.jar:3.3.5]
	at org.springframework.data.redis.core.RedisTemplate.execute(RedisTemplate.java:411) ~[spring-data-redis-3.3.5.jar:3.3.5]
	at org.springframework.data.redis.core.RedisTemplate.execute(RedisTemplate.java:378) ~[spring-data-redis-3.3.5.jar:3.3.5]
	at org.springframework.data.redis.core.AbstractOperations.execute(AbstractOperations.java:97) ~[spring-data-redis-3.3.5.jar:3.3.5]
	at org.springframework.data.redis.core.DefaultZSetOperations.popMin(DefaultZSetOperations.java:450) ~[spring-data-redis-3.3.5.jar:3.3.5]
	at com.tianji.remark.service.impl.LikedRecordServiceRedisImpl.readLikedTimesAndSendMessage(LikedRecordServiceRedisImpl.java:90) ~[classes/:na]
	at jdk.internal.reflect.GeneratedMethodAccessor46.invoke(Unknown Source) ~[na:na]
	at java.base/jdk.internal.reflect.DelegatingMethodAccessorImpl.invoke(DelegatingMethodAccessorImpl.java:43) ~[na:na]
	at java.base/java.lang.reflect.Method.invoke(Method.java:568) ~[na:na]
	at org.springframework.aop.support.AopUtils.invokeJoinpointUsingReflection(AopUtils.java:355) ~[spring-aop-6.1.14.jar:6.1.14]
	at org.springframework.aop.framework.CglibAopProxy$DynamicAdvisedInterceptor.intercept(CglibAopProxy.java:716) ~[spring-aop-6.1.14.jar:6.1.14]
	at com.tianji.remark.service.impl.LikedRecordServiceRedisImpl$$SpringCGLIB$$0.readLikedTimesAndSendMessage(<generated>) ~[classes/:na]
	at com.tianji.remark.task.LikedTimesCheckTask.checkLikedTimes(LikedTimesCheckTask.java:22) ~[classes/:na]
	at jdk.internal.reflect.GeneratedMethodAccessor47.invoke(Unknown Source) ~[na:na]
	at java.base/jdk.internal.reflect.DelegatingMethodAccessorImpl.invoke(DelegatingMethodAccessorImpl.java:43) ~[na:na]
	at java.base/java.lang.reflect.Method.invoke(Method.java:568) ~[na:na]
	at org.springframework.scheduling.support.ScheduledMethodRunnable.runInternal(ScheduledMethodRunnable.java:130) ~[spring-context-6.1.14.jar:6.1.14]
	at org.springframework.scheduling.support.ScheduledMethodRunnable.lambda$run$2(ScheduledMethodRunnable.java:124) ~[spring-context-6.1.14.jar:6.1.14]
	at io.micrometer.observation.Observation.observe(Observation.java:499) ~[micrometer-observation-1.13.6.jar:1.13.6]
	at org.springframework.scheduling.support.ScheduledMethodRunnable.run(ScheduledMethodRunnable.java:124) ~[spring-context-6.1.14.jar:6.1.14]
	at org.springframework.scheduling.support.DelegatingErrorHandlingRunnable.run(DelegatingErrorHandlingRunnable.java:54) ~[spring-context-6.1.14.jar:6.1.14]
	at java.base/java.util.concurrent.Executors$RunnableAdapter.call(Executors.java:539) ~[na:na]
	at java.base/java.util.concurrent.FutureTask.runAndReset$$$capture(FutureTask.java:305) ~[na:na]
	at java.base/java.util.concurrent.FutureTask.runAndReset(FutureTask.java) ~[na:na]
	at java.base/java.util.concurrent.ScheduledThreadPoolExecutor$ScheduledFutureTask.run(ScheduledThreadPoolExecutor.java:305) ~[na:na]
	at java.base/java.util.concurrent.ThreadPoolExecutor.runWorker(ThreadPoolExecutor.java:1136) ~[na:na]
	at java.base/java.util.concurrent.ThreadPoolExecutor$Worker.run(ThreadPoolExecutor.java:635) ~[na:na]
	at java.base/java.lang.Thread.run(Thread.java:842) ~[na:na]
Caused by: io.lettuce.core.RedisException: java.net.SocketException: Connection reset
	at io.lettuce.core.internal.Exceptions.bubble(Exceptions.java:83) ~[lettuce-core-6.3.2.RELEASE.jar:6.3.2.RELEASE/8941aea]
	at io.lettuce.core.internal.Futures.awaitOrCancel(Futures.java:250) ~[lettuce-core-6.3.2.RELEASE.jar:6.3.2.RELEASE/8941aea]
	at io.lettuce.core.LettuceFutures.awaitOrCancel(LettuceFutures.java:74) ~[lettuce-core-6.3.2.RELEASE.jar:6.3.2.RELEASE/8941aea]
	at org.springframework.data.redis.connection.lettuce.LettuceConnection.await(LettuceConnection.java:1010) ~[spring-data-redis-3.3.5.jar:3.3.5]
	... 34 common frames omitted
Caused by: java.net.SocketException: Connection reset
	at java.base/sun.nio.ch.SocketChannelImpl.throwConnectionReset(SocketChannelImpl.java:394) ~[na:na]
	at java.base/sun.nio.ch.SocketChannelImpl.read(SocketChannelImpl.java:426) ~[na:na]
	at io.netty.buffer.PooledByteBuf.setBytes(PooledByteBuf.java:255) ~[netty-buffer-4.1.114.Final.jar:4.1.114.Final]
	at io.netty.buffer.AbstractByteBuf.writeBytes(AbstractByteBuf.java:1132) ~[netty-buffer-4.1.114.Final.jar:4.1.114.Final]
	at io.netty.channel.socket.nio.NioSocketChannel.doReadBytes(NioSocketChannel.java:356) ~[netty-transport-4.1.114.Final.jar:4.1.114.Final]
	at io.netty.channel.nio.AbstractNioByteChannel$NioByteUnsafe.read(AbstractNioByteChannel.java:151) ~[netty-transport-4.1.114.Final.jar:4.1.114.Final]
	at io.netty.channel.nio.NioEventLoop.processSelectedKey(NioEventLoop.java:788) ~[netty-transport-4.1.114.Final.jar:4.1.114.Final]
	at io.netty.channel.nio.NioEventLoop.processSelectedKeysOptimized(NioEventLoop.java:724) ~[netty-transport-4.1.114.Final.jar:4.1.114.Final]
	at io.netty.channel.nio.NioEventLoop.processSelectedKeys(NioEventLoop.java:650) ~[netty-transport-4.1.114.Final.jar:4.1.114.Final]
	at io.netty.channel.nio.NioEventLoop.run(NioEventLoop.java:562) ~[netty-transport-4.1.114.Final.jar:4.1.114.Final]
	at io.netty.util.concurrent.SingleThreadEventExecutor$4.run(SingleThreadEventExecutor.java:997) ~[netty-common-4.1.114.Final.jar:4.1.114.Final]
	at io.netty.util.internal.ThreadExecutorMap$2.run(ThreadExecutorMap.java:74) ~[netty-common-4.1.114.Final.jar:4.1.114.Final]
	at io.netty.util.concurrent.FastThreadLocalRunnable.run(FastThreadLocalRunnable.java:30) ~[netty-common-4.1.114.Final.jar:4.1.114.Final]
	... 1 common frames omitted
13:58:27.156-[LAPTOP-FPFPK7D7][sys]-- INFO 74536 --- [xecutorLoop-1-2] i.l.core.protocol.ConnectionWatchdog     : Reconnecting, last destination was /192.168.150.101:6379
13:58:27.814-[LAPTOP-FPFPK7D7][sys]-- WARN 74536 --- [ioEventLoop-4-2] i.l.core.protocol.ConnectionWatchdog     : Cannot reconnect to [192.168.150.101/<unresolved>:6379]: No route to host: no further information: /192.168.150.101:6379
io.netty.channel.AbstractChannel$AnnotatedNoRouteToHostException: No route to host: no further information: /192.168.150.101:6379
Caused by: java.net.NoRouteToHostException: No route to host: no further information
	at java.base/sun.nio.ch.Net.pollConnect(Native Method) ~[na:na]
	at java.base/sun.nio.ch.Net.pollConnectNow(Net.java:672) ~[na:na]
	at java.base/sun.nio.ch.SocketChannelImpl.finishConnect(SocketChannelImpl.java:946) ~[na:na]
	at io.netty.channel.socket.nio.NioSocketChannel.doFinishConnect(NioSocketChannel.java:336) ~[netty-transport-4.1.114.Final.jar:4.1.114.Final]
	at io.netty.channel.nio.AbstractNioChannel$AbstractNioUnsafe.finishConnect(AbstractNioChannel.java:339) ~[netty-transport-4.1.114.Final.jar:4.1.114.Final]
	at io.netty.channel.nio.NioEventLoop.processSelectedKey(NioEventLoop.java:776) ~[netty-transport-4.1.114.Final.jar:4.1.114.Final]
	at io.netty.channel.nio.NioEventLoop.processSelectedKeysOptimized(NioEventLoop.java:724) ~[netty-transport-4.1.114.Final.jar:4.1.114.Final]
	at io.netty.channel.nio.NioEventLoop.processSelectedKeys(NioEventLoop.java:650) ~[netty-transport-4.1.114.Final.jar:4.1.114.Final]
	at io.netty.channel.nio.NioEventLoop.run(NioEventLoop.java:562) ~[netty-transport-4.1.114.Final.jar:4.1.114.Final]
	at io.netty.util.concurrent.SingleThreadEventExecutor$4.run(SingleThreadEventExecutor.java:997) ~[netty-common-4.1.114.Final.jar:4.1.114.Final]
	at io.netty.util.internal.ThreadExecutorMap$2.run(ThreadExecutorMap.java:74) ~[netty-common-4.1.114.Final.jar:4.1.114.Final]
	at io.netty.util.concurrent.FastThreadLocalRunnable.run(FastThreadLocalRunnable.java:30) ~[netty-common-4.1.114.Final.jar:4.1.114.Final]
	at java.base/java.lang.Thread.run(Thread.java:842) ~[na:na]
13:58:28.063-[LAPTOP-FPFPK7D7][sys]-- INFO 74536 --- [xecutorLoop-1-3] i.l.core.protocol.ConnectionWatchdog     : Reconnecting, last destination was 192.168.150.101/<unresolved>:6379
13:58:28.186-[LAPTOP-FPFPK7D7][sys]-- WARN 74536 --- [ioEventLoop-4-3] i.l.core.protocol.ConnectionWatchdog     : Cannot reconnect to [192.168.150.101/<unresolved>:6379]: No route to host: no further information: /192.168.150.101:6379
io.netty.channel.AbstractChannel$AnnotatedNoRouteToHostException: No route to host: no further information: /192.168.150.101:6379
Caused by: java.net.NoRouteToHostException: No route to host: no further information
	at java.base/sun.nio.ch.Net.pollConnect(Native Method) ~[na:na]
	at java.base/sun.nio.ch.Net.pollConnectNow(Net.java:672) ~[na:na]
	at java.base/sun.nio.ch.SocketChannelImpl.finishConnect(SocketChannelImpl.java:946) ~[na:na]
	at io.netty.channel.socket.nio.NioSocketChannel.doFinishConnect(NioSocketChannel.java:336) ~[netty-transport-4.1.114.Final.jar:4.1.114.Final]
	at io.netty.channel.nio.AbstractNioChannel$AbstractNioUnsafe.finishConnect(AbstractNioChannel.java:339) ~[netty-transport-4.1.114.Final.jar:4.1.114.Final]
	at io.netty.channel.nio.NioEventLoop.processSelectedKey(NioEventLoop.java:776) ~[netty-transport-4.1.114.Final.jar:4.1.114.Final]
	at io.netty.channel.nio.NioEventLoop.processSelectedKeysOptimized(NioEventLoop.java:724) ~[netty-transport-4.1.114.Final.jar:4.1.114.Final]
	at io.netty.channel.nio.NioEventLoop.processSelectedKeys(NioEventLoop.java:650) ~[netty-transport-4.1.114.Final.jar:4.1.114.Final]
	at io.netty.channel.nio.NioEventLoop.run(NioEventLoop.java:562) ~[netty-transport-4.1.114.Final.jar:4.1.114.Final]
	at io.netty.util.concurrent.SingleThreadEventExecutor$4.run(SingleThreadEventExecutor.java:997) ~[netty-common-4.1.114.Final.jar:4.1.114.Final]
	at io.netty.util.internal.ThreadExecutorMap$2.run(ThreadExecutorMap.java:74) ~[netty-common-4.1.114.Final.jar:4.1.114.Final]
	at io.netty.util.concurrent.FastThreadLocalRunnable.run(FastThreadLocalRunnable.java:30) ~[netty-common-4.1.114.Final.jar:4.1.114.Final]
	at java.base/java.lang.Thread.run(Thread.java:842) ~[na:na]
13:58:34.492-[LAPTOP-FPFPK7D7][sys]-- INFO 74536 --- [ecutorLoop-1-13] i.l.core.protocol.ConnectionWatchdog     : Reconnecting, last destination was 192.168.150.101/<unresolved>:6379
13:58:41.543-[LAPTOP-FPFPK7D7][sys]-- INFO 74536 --- [oEventLoop-4-13] i.l.core.protocol.ReconnectionHandler    : Reconnected to 192.168.150.101/<unresolved>:6379
15:08:44.649-[LAPTOP-FPFPK7D7][sys]-- INFO 74536 --- [nio-8091-exec-1] o.a.c.c.C.[Tomcat].[localhost].[/]       : Initializing Spring DispatcherServlet 'dispatcherServlet'
15:08:44.654-[LAPTOP-FPFPK7D7][sys]-- INFO 74536 --- [nio-8091-exec-1] o.s.web.servlet.DispatcherServlet        : Initializing Servlet 'dispatcherServlet'
15:08:44.727-[LAPTOP-FPFPK7D7][sys]-- INFO 74536 --- [nio-8091-exec-1] o.s.web.servlet.DispatcherServlet        : Completed initialization in 73 ms
16:04:49.692-[LAPTOP-FPFPK7D7][sys]--ERROR 74536 --- [   scheduling-1] o.s.s.s.TaskUtils$LoggingErrorHandler    : Unexpected error occurred in scheduled task
org.springframework.data.redis.RedisSystemException: Redis exception
	at org.springframework.data.redis.connection.lettuce.LettuceExceptionConverter.convert(LettuceExceptionConverter.java:72) ~[spring-data-redis-3.3.5.jar:3.3.5]
	at org.springframework.data.redis.connection.lettuce.LettuceExceptionConverter.convert(LettuceExceptionConverter.java:41) ~[spring-data-redis-3.3.5.jar:3.3.5]
	at org.springframework.data.redis.PassThroughExceptionTranslationStrategy.translate(PassThroughExceptionTranslationStrategy.java:40) ~[spring-data-redis-3.3.5.jar:3.3.5]
	at org.springframework.data.redis.FallbackExceptionTranslationStrategy.translate(FallbackExceptionTranslationStrategy.java:38) ~[spring-data-redis-3.3.5.jar:3.3.5]
	at org.springframework.data.redis.connection.lettuce.LettuceConnection.convertLettuceAccessException(LettuceConnection.java:310) ~[spring-data-redis-3.3.5.jar:3.3.5]
	at org.springframework.data.redis.connection.lettuce.LettuceConnection.await(LettuceConnection.java:1012) ~[spring-data-redis-3.3.5.jar:3.3.5]
	at org.springframework.data.redis.connection.lettuce.LettuceConnection.lambda$doInvoke$3(LettuceConnection.java:447) ~[spring-data-redis-3.3.5.jar:3.3.5]
	at org.springframework.data.redis.connection.lettuce.LettuceInvoker$Synchronizer.invoke(LettuceInvoker.java:673) ~[spring-data-redis-3.3.5.jar:3.3.5]
	at org.springframework.data.redis.connection.lettuce.LettuceInvoker$DefaultManyInvocationSpec.toSet(LettuceInvoker.java:639) ~[spring-data-redis-3.3.5.jar:3.3.5]
	at org.springframework.data.redis.connection.lettuce.LettuceZSetCommands.zPopMin(LettuceZSetCommands.java:282) ~[spring-data-redis-3.3.5.jar:3.3.5]
	at org.springframework.data.redis.connection.DefaultedRedisConnection.zPopMin(DefaultedRedisConnection.java:987) ~[spring-data-redis-3.3.5.jar:3.3.5]
	at org.springframework.data.redis.connection.DefaultStringRedisConnection.zPopMin(DefaultStringRedisConnection.java:2025) ~[spring-data-redis-3.3.5.jar:3.3.5]
	at org.springframework.data.redis.core.DefaultZSetOperations.lambda$popMin$40(DefaultZSetOperations.java:450) ~[spring-data-redis-3.3.5.jar:3.3.5]
	at org.springframework.data.redis.core.RedisTemplate.execute(RedisTemplate.java:411) ~[spring-data-redis-3.3.5.jar:3.3.5]
	at org.springframework.data.redis.core.RedisTemplate.execute(RedisTemplate.java:378) ~[spring-data-redis-3.3.5.jar:3.3.5]
	at org.springframework.data.redis.core.AbstractOperations.execute(AbstractOperations.java:97) ~[spring-data-redis-3.3.5.jar:3.3.5]
	at org.springframework.data.redis.core.DefaultZSetOperations.popMin(DefaultZSetOperations.java:450) ~[spring-data-redis-3.3.5.jar:3.3.5]
	at com.tianji.remark.service.impl.LikedRecordServiceRedisImpl.readLikedTimesAndSendMessage(LikedRecordServiceRedisImpl.java:90) ~[classes/:na]
	at jdk.internal.reflect.GeneratedMethodAccessor46.invoke(Unknown Source) ~[na:na]
	at java.base/jdk.internal.reflect.DelegatingMethodAccessorImpl.invoke(DelegatingMethodAccessorImpl.java:43) ~[na:na]
	at java.base/java.lang.reflect.Method.invoke(Method.java:568) ~[na:na]
	at org.springframework.aop.support.AopUtils.invokeJoinpointUsingReflection(AopUtils.java:355) ~[spring-aop-6.1.14.jar:6.1.14]
	at org.springframework.aop.framework.CglibAopProxy$DynamicAdvisedInterceptor.intercept(CglibAopProxy.java:716) ~[spring-aop-6.1.14.jar:6.1.14]
	at com.tianji.remark.service.impl.LikedRecordServiceRedisImpl$$SpringCGLIB$$0.readLikedTimesAndSendMessage(<generated>) ~[classes/:na]
	at com.tianji.remark.task.LikedTimesCheckTask.checkLikedTimes(LikedTimesCheckTask.java:22) ~[classes/:na]
	at jdk.internal.reflect.GeneratedMethodAccessor47.invoke(Unknown Source) ~[na:na]
	at java.base/jdk.internal.reflect.DelegatingMethodAccessorImpl.invoke(DelegatingMethodAccessorImpl.java:43) ~[na:na]
	at java.base/java.lang.reflect.Method.invoke(Method.java:568) ~[na:na]
	at org.springframework.scheduling.support.ScheduledMethodRunnable.runInternal(ScheduledMethodRunnable.java:130) ~[spring-context-6.1.14.jar:6.1.14]
	at org.springframework.scheduling.support.ScheduledMethodRunnable.lambda$run$2(ScheduledMethodRunnable.java:124) ~[spring-context-6.1.14.jar:6.1.14]
	at io.micrometer.observation.Observation.observe(Observation.java:499) ~[micrometer-observation-1.13.6.jar:1.13.6]
	at org.springframework.scheduling.support.ScheduledMethodRunnable.run(ScheduledMethodRunnable.java:124) ~[spring-context-6.1.14.jar:6.1.14]
	at org.springframework.scheduling.support.DelegatingErrorHandlingRunnable.run(DelegatingErrorHandlingRunnable.java:54) ~[spring-context-6.1.14.jar:6.1.14]
	at java.base/java.util.concurrent.Executors$RunnableAdapter.call(Executors.java:539) ~[na:na]
	at java.base/java.util.concurrent.FutureTask.runAndReset$$$capture(FutureTask.java:305) ~[na:na]
	at java.base/java.util.concurrent.FutureTask.runAndReset(FutureTask.java) ~[na:na]
	at java.base/java.util.concurrent.ScheduledThreadPoolExecutor$ScheduledFutureTask.run(ScheduledThreadPoolExecutor.java:305) ~[na:na]
	at java.base/java.util.concurrent.ThreadPoolExecutor.runWorker(ThreadPoolExecutor.java:1136) ~[na:na]
	at java.base/java.util.concurrent.ThreadPoolExecutor$Worker.run(ThreadPoolExecutor.java:635) ~[na:na]
	at java.base/java.lang.Thread.run(Thread.java:842) ~[na:na]
Caused by: io.lettuce.core.RedisException: java.net.SocketException: Connection reset
	at io.lettuce.core.internal.Exceptions.bubble(Exceptions.java:83) ~[lettuce-core-6.3.2.RELEASE.jar:6.3.2.RELEASE/8941aea]
	at io.lettuce.core.internal.Futures.awaitOrCancel(Futures.java:250) ~[lettuce-core-6.3.2.RELEASE.jar:6.3.2.RELEASE/8941aea]
	at io.lettuce.core.LettuceFutures.awaitOrCancel(LettuceFutures.java:74) ~[lettuce-core-6.3.2.RELEASE.jar:6.3.2.RELEASE/8941aea]
	at org.springframework.data.redis.connection.lettuce.LettuceConnection.await(LettuceConnection.java:1010) ~[spring-data-redis-3.3.5.jar:3.3.5]
	... 34 common frames omitted
Caused by: java.net.SocketException: Connection reset
	at java.base/sun.nio.ch.SocketChannelImpl.throwConnectionReset(SocketChannelImpl.java:394) ~[na:na]
	at java.base/sun.nio.ch.SocketChannelImpl.read(SocketChannelImpl.java:426) ~[na:na]
	at io.netty.buffer.PooledByteBuf.setBytes(PooledByteBuf.java:255) ~[netty-buffer-4.1.114.Final.jar:4.1.114.Final]
	at io.netty.buffer.AbstractByteBuf.writeBytes(AbstractByteBuf.java:1132) ~[netty-buffer-4.1.114.Final.jar:4.1.114.Final]
	at io.netty.channel.socket.nio.NioSocketChannel.doReadBytes(NioSocketChannel.java:356) ~[netty-transport-4.1.114.Final.jar:4.1.114.Final]
	at io.netty.channel.nio.AbstractNioByteChannel$NioByteUnsafe.read(AbstractNioByteChannel.java:151) ~[netty-transport-4.1.114.Final.jar:4.1.114.Final]
	at io.netty.channel.nio.NioEventLoop.processSelectedKey(NioEventLoop.java:788) ~[netty-transport-4.1.114.Final.jar:4.1.114.Final]
	at io.netty.channel.nio.NioEventLoop.processSelectedKeysOptimized(NioEventLoop.java:724) ~[netty-transport-4.1.114.Final.jar:4.1.114.Final]
	at io.netty.channel.nio.NioEventLoop.processSelectedKeys(NioEventLoop.java:650) ~[netty-transport-4.1.114.Final.jar:4.1.114.Final]
	at io.netty.channel.nio.NioEventLoop.run(NioEventLoop.java:562) ~[netty-transport-4.1.114.Final.jar:4.1.114.Final]
	at io.netty.util.concurrent.SingleThreadEventExecutor$4.run(SingleThreadEventExecutor.java:997) ~[netty-common-4.1.114.Final.jar:4.1.114.Final]
	at io.netty.util.internal.ThreadExecutorMap$2.run(ThreadExecutorMap.java:74) ~[netty-common-4.1.114.Final.jar:4.1.114.Final]
	at io.netty.util.concurrent.FastThreadLocalRunnable.run(FastThreadLocalRunnable.java:30) ~[netty-common-4.1.114.Final.jar:4.1.114.Final]
	... 1 common frames omitted
16:04:49.779-[LAPTOP-FPFPK7D7][sys]-- INFO 74536 --- [xecutorLoop-1-5] i.l.core.protocol.ConnectionWatchdog     : Reconnecting, last destination was /192.168.150.101:6379
16:04:59.800-[LAPTOP-FPFPK7D7][sys]-- WARN 74536 --- [oEventLoop-4-18] i.l.core.protocol.ConnectionWatchdog     : Cannot reconnect to [192.168.150.101/<unresolved>:6379]: connection timed out after 10000 ms: /192.168.150.101:6379
16:04:59.879-[LAPTOP-FPFPK7D7][sys]-- INFO 74536 --- [xecutorLoop-1-6] i.l.core.protocol.ConnectionWatchdog     : Reconnecting, last destination was 192.168.150.101/<unresolved>:6379
16:05:09.893-[LAPTOP-FPFPK7D7][sys]-- WARN 74536 --- [oEventLoop-4-19] i.l.core.protocol.ConnectionWatchdog     : Cannot reconnect to [192.168.150.101/<unresolved>:6379]: connection timed out after 10000 ms: /192.168.150.101:6379
16:05:09.978-[LAPTOP-FPFPK7D7][sys]-- INFO 74536 --- [xecutorLoop-1-7] i.l.core.protocol.ConnectionWatchdog     : Reconnecting, last destination was 192.168.150.101/<unresolved>:6379
16:05:19.994-[LAPTOP-FPFPK7D7][sys]-- WARN 74536 --- [oEventLoop-4-20] i.l.core.protocol.ConnectionWatchdog     : Cannot reconnect to [192.168.150.101/<unresolved>:6379]: connection timed out after 10000 ms: /192.168.150.101:6379
16:05:20.084-[LAPTOP-FPFPK7D7][sys]-- INFO 74536 --- [xecutorLoop-1-8] i.l.core.protocol.ConnectionWatchdog     : Reconnecting, last destination was 192.168.150.101/<unresolved>:6379
16:05:30.092-[LAPTOP-FPFPK7D7][sys]-- WARN 74536 --- [ioEventLoop-4-1] i.l.core.protocol.ConnectionWatchdog     : Cannot reconnect to [192.168.150.101/<unresolved>:6379]: connection timed out after 10000 ms: /192.168.150.101:6379
16:05:30.183-[LAPTOP-FPFPK7D7][sys]-- INFO 74536 --- [xecutorLoop-1-9] i.l.core.protocol.ConnectionWatchdog     : Reconnecting, last destination was 192.168.150.101/<unresolved>:6379
16:05:40.201-[LAPTOP-FPFPK7D7][sys]-- WARN 74536 --- [ioEventLoop-4-2] i.l.core.protocol.ConnectionWatchdog     : Cannot reconnect to [192.168.150.101/<unresolved>:6379]: connection timed out after 10000 ms: /192.168.150.101:6379
16:05:40.278-[LAPTOP-FPFPK7D7][sys]-- INFO 74536 --- [ecutorLoop-1-10] i.l.core.protocol.ConnectionWatchdog     : Reconnecting, last destination was 192.168.150.101/<unresolved>:6379
16:05:50.289-[LAPTOP-FPFPK7D7][sys]-- WARN 74536 --- [ioEventLoop-4-3] i.l.core.protocol.ConnectionWatchdog     : Cannot reconnect to [192.168.150.101/<unresolved>:6379]: connection timed out after 10000 ms: /192.168.150.101:6379
16:05:50.382-[LAPTOP-FPFPK7D7][sys]-- INFO 74536 --- [ecutorLoop-1-12] i.l.core.protocol.ConnectionWatchdog     : Reconnecting, last destination was 192.168.150.101/<unresolved>:6379
16:06:00.394-[LAPTOP-FPFPK7D7][sys]-- WARN 74536 --- [ioEventLoop-4-4] i.l.core.protocol.ConnectionWatchdog     : Cannot reconnect to [192.168.150.101/<unresolved>:6379]: connection timed out after 10000 ms: /192.168.150.101:6379
16:06:00.591-[LAPTOP-FPFPK7D7][sys]-- INFO 74536 --- [ecutorLoop-1-14] i.l.core.protocol.ConnectionWatchdog     : Reconnecting, last destination was 192.168.150.101/<unresolved>:6379
16:06:09.725-[LAPTOP-FPFPK7D7][sys]--ERROR 74536 --- [   scheduling-1] o.s.s.s.TaskUtils$LoggingErrorHandler    : Unexpected error occurred in scheduled task
org.springframework.dao.QueryTimeoutException: Redis command timed out
	at org.springframework.data.redis.connection.lettuce.LettuceExceptionConverter.convert(LettuceExceptionConverter.java:68) ~[spring-data-redis-3.3.5.jar:3.3.5]
	at org.springframework.data.redis.connection.lettuce.LettuceExceptionConverter.convert(LettuceExceptionConverter.java:41) ~[spring-data-redis-3.3.5.jar:3.3.5]
	at org.springframework.data.redis.PassThroughExceptionTranslationStrategy.translate(PassThroughExceptionTranslationStrategy.java:40) ~[spring-data-redis-3.3.5.jar:3.3.5]
	at org.springframework.data.redis.FallbackExceptionTranslationStrategy.translate(FallbackExceptionTranslationStrategy.java:38) ~[spring-data-redis-3.3.5.jar:3.3.5]
	at org.springframework.data.redis.connection.lettuce.LettuceConnection.convertLettuceAccessException(LettuceConnection.java:310) ~[spring-data-redis-3.3.5.jar:3.3.5]
	at org.springframework.data.redis.connection.lettuce.LettuceConnection.await(LettuceConnection.java:1012) ~[spring-data-redis-3.3.5.jar:3.3.5]
	at org.springframework.data.redis.connection.lettuce.LettuceConnection.lambda$doInvoke$3(LettuceConnection.java:447) ~[spring-data-redis-3.3.5.jar:3.3.5]
	at org.springframework.data.redis.connection.lettuce.LettuceInvoker$Synchronizer.invoke(LettuceInvoker.java:673) ~[spring-data-redis-3.3.5.jar:3.3.5]
	at org.springframework.data.redis.connection.lettuce.LettuceInvoker$DefaultManyInvocationSpec.toSet(LettuceInvoker.java:639) ~[spring-data-redis-3.3.5.jar:3.3.5]
	at org.springframework.data.redis.connection.lettuce.LettuceZSetCommands.zPopMin(LettuceZSetCommands.java:282) ~[spring-data-redis-3.3.5.jar:3.3.5]
	at org.springframework.data.redis.connection.DefaultedRedisConnection.zPopMin(DefaultedRedisConnection.java:987) ~[spring-data-redis-3.3.5.jar:3.3.5]
	at org.springframework.data.redis.connection.DefaultStringRedisConnection.zPopMin(DefaultStringRedisConnection.java:2025) ~[spring-data-redis-3.3.5.jar:3.3.5]
	at org.springframework.data.redis.core.DefaultZSetOperations.lambda$popMin$40(DefaultZSetOperations.java:450) ~[spring-data-redis-3.3.5.jar:3.3.5]
	at org.springframework.data.redis.core.RedisTemplate.execute(RedisTemplate.java:411) ~[spring-data-redis-3.3.5.jar:3.3.5]
	at org.springframework.data.redis.core.RedisTemplate.execute(RedisTemplate.java:378) ~[spring-data-redis-3.3.5.jar:3.3.5]
	at org.springframework.data.redis.core.AbstractOperations.execute(AbstractOperations.java:97) ~[spring-data-redis-3.3.5.jar:3.3.5]
	at org.springframework.data.redis.core.DefaultZSetOperations.popMin(DefaultZSetOperations.java:450) ~[spring-data-redis-3.3.5.jar:3.3.5]
	at com.tianji.remark.service.impl.LikedRecordServiceRedisImpl.readLikedTimesAndSendMessage(LikedRecordServiceRedisImpl.java:90) ~[classes/:na]
	at jdk.internal.reflect.GeneratedMethodAccessor46.invoke(Unknown Source) ~[na:na]
	at java.base/jdk.internal.reflect.DelegatingMethodAccessorImpl.invoke(DelegatingMethodAccessorImpl.java:43) ~[na:na]
	at java.base/java.lang.reflect.Method.invoke(Method.java:568) ~[na:na]
	at org.springframework.aop.support.AopUtils.invokeJoinpointUsingReflection(AopUtils.java:355) ~[spring-aop-6.1.14.jar:6.1.14]
	at org.springframework.aop.framework.CglibAopProxy$DynamicAdvisedInterceptor.intercept(CglibAopProxy.java:716) ~[spring-aop-6.1.14.jar:6.1.14]
	at com.tianji.remark.service.impl.LikedRecordServiceRedisImpl$$SpringCGLIB$$0.readLikedTimesAndSendMessage(<generated>) ~[classes/:na]
	at com.tianji.remark.task.LikedTimesCheckTask.checkLikedTimes(LikedTimesCheckTask.java:22) ~[classes/:na]
	at jdk.internal.reflect.GeneratedMethodAccessor47.invoke(Unknown Source) ~[na:na]
	at java.base/jdk.internal.reflect.DelegatingMethodAccessorImpl.invoke(DelegatingMethodAccessorImpl.java:43) ~[na:na]
	at java.base/java.lang.reflect.Method.invoke(Method.java:568) ~[na:na]
	at org.springframework.scheduling.support.ScheduledMethodRunnable.runInternal(ScheduledMethodRunnable.java:130) ~[spring-context-6.1.14.jar:6.1.14]
	at org.springframework.scheduling.support.ScheduledMethodRunnable.lambda$run$2(ScheduledMethodRunnable.java:124) ~[spring-context-6.1.14.jar:6.1.14]
	at io.micrometer.observation.Observation.observe(Observation.java:499) ~[micrometer-observation-1.13.6.jar:1.13.6]
	at org.springframework.scheduling.support.ScheduledMethodRunnable.run(ScheduledMethodRunnable.java:124) ~[spring-context-6.1.14.jar:6.1.14]
	at org.springframework.scheduling.support.DelegatingErrorHandlingRunnable.run(DelegatingErrorHandlingRunnable.java:54) ~[spring-context-6.1.14.jar:6.1.14]
	at java.base/java.util.concurrent.Executors$RunnableAdapter.call(Executors.java:539) ~[na:na]
	at java.base/java.util.concurrent.FutureTask.runAndReset$$$capture(FutureTask.java:305) ~[na:na]
	at java.base/java.util.concurrent.FutureTask.runAndReset(FutureTask.java) ~[na:na]
	at java.base/java.util.concurrent.ScheduledThreadPoolExecutor$ScheduledFutureTask.run(ScheduledThreadPoolExecutor.java:305) ~[na:na]
	at java.base/java.util.concurrent.ThreadPoolExecutor.runWorker(ThreadPoolExecutor.java:1136) ~[na:na]
	at java.base/java.util.concurrent.ThreadPoolExecutor$Worker.run(ThreadPoolExecutor.java:635) ~[na:na]
	at java.base/java.lang.Thread.run(Thread.java:842) ~[na:na]
Caused by: io.lettuce.core.RedisCommandTimeoutException: Command timed out after 1 minute(s)
	at io.lettuce.core.internal.ExceptionFactory.createTimeoutException(ExceptionFactory.java:59) ~[lettuce-core-6.3.2.RELEASE.jar:6.3.2.RELEASE/8941aea]
	at io.lettuce.core.internal.Futures.awaitOrCancel(Futures.java:246) ~[lettuce-core-6.3.2.RELEASE.jar:6.3.2.RELEASE/8941aea]
	at io.lettuce.core.LettuceFutures.awaitOrCancel(LettuceFutures.java:74) ~[lettuce-core-6.3.2.RELEASE.jar:6.3.2.RELEASE/8941aea]
	at org.springframework.data.redis.connection.lettuce.LettuceConnection.await(LettuceConnection.java:1010) ~[spring-data-redis-3.3.5.jar:3.3.5]
	... 34 common frames omitted
16:06:10.596-[LAPTOP-FPFPK7D7][sys]-- WARN 74536 --- [ioEventLoop-4-5] i.l.core.protocol.ConnectionWatchdog     : Cannot reconnect to [192.168.150.101/<unresolved>:6379]: connection timed out after 10000 ms: /192.168.150.101:6379
16:06:10.880-[LAPTOP-FPFPK7D7][sys]-- INFO 74536 --- [ecutorLoop-1-16] i.l.core.protocol.ConnectionWatchdog     : Reconnecting, last destination was 192.168.150.101/<unresolved>:6379
16:06:20.886-[LAPTOP-FPFPK7D7][sys]-- WARN 74536 --- [ioEventLoop-4-6] i.l.core.protocol.ConnectionWatchdog     : Cannot reconnect to [192.168.150.101/<unresolved>:6379]: connection timed out after 10000 ms: /192.168.150.101:6379
16:06:21.478-[LAPTOP-FPFPK7D7][sys]-- INFO 74536 --- [ecutorLoop-1-18] i.l.core.protocol.ConnectionWatchdog     : Reconnecting, last destination was 192.168.150.101/<unresolved>:6379
16:06:31.491-[LAPTOP-FPFPK7D7][sys]-- WARN 74536 --- [ioEventLoop-4-7] i.l.core.protocol.ConnectionWatchdog     : Cannot reconnect to [192.168.150.101/<unresolved>:6379]: connection timed out after 10000 ms: /192.168.150.101:6379
16:06:32.577-[LAPTOP-FPFPK7D7][sys]-- INFO 74536 --- [xecutorLoop-1-1] i.l.core.protocol.ConnectionWatchdog     : Reconnecting, last destination was 192.168.150.101/<unresolved>:6379
16:06:42.581-[LAPTOP-FPFPK7D7][sys]-- WARN 74536 --- [ioEventLoop-4-8] i.l.core.protocol.ConnectionWatchdog     : Cannot reconnect to [192.168.150.101/<unresolved>:6379]: connection timed out after 10000 ms: /192.168.150.101:6379
16:06:44.682-[LAPTOP-FPFPK7D7][sys]-- INFO 74536 --- [xecutorLoop-1-2] i.l.core.protocol.ConnectionWatchdog     : Reconnecting, last destination was 192.168.150.101/<unresolved>:6379
16:06:54.694-[LAPTOP-FPFPK7D7][sys]-- WARN 74536 --- [ioEventLoop-4-9] i.l.core.protocol.ConnectionWatchdog     : Cannot reconnect to [192.168.150.101/<unresolved>:6379]: connection timed out after 10000 ms: /192.168.150.101:6379
16:06:58.878-[LAPTOP-FPFPK7D7][sys]-- INFO 74536 --- [xecutorLoop-1-4] i.l.core.protocol.ConnectionWatchdog     : Reconnecting, last destination was 192.168.150.101/<unresolved>:6379
16:07:08.882-[LAPTOP-FPFPK7D7][sys]-- WARN 74536 --- [oEventLoop-4-10] i.l.core.protocol.ConnectionWatchdog     : Cannot reconnect to [192.168.150.101/<unresolved>:6379]: connection timed out after 10000 ms: /192.168.150.101:6379
16:07:17.077-[LAPTOP-FPFPK7D7][sys]-- INFO 74536 --- [xecutorLoop-1-7] i.l.core.protocol.ConnectionWatchdog     : Reconnecting, last destination was 192.168.150.101/<unresolved>:6379
16:07:27.085-[LAPTOP-FPFPK7D7][sys]-- WARN 74536 --- [oEventLoop-4-11] i.l.core.protocol.ConnectionWatchdog     : Cannot reconnect to [192.168.150.101/<unresolved>:6379]: connection timed out after 10000 ms: /192.168.150.101:6379
16:07:27.087-[LAPTOP-FPFPK7D7][sys]-- WARN 74536 --- [      Thread-13] c.a.n.common.http.HttpClientBeanHolder   : [HttpClientBeanHolder] Start destroying common HttpClient
16:07:27.088-[LAPTOP-FPFPK7D7][sys]-- WARN 74536 --- [      Thread-15] c.a.nacos.common.notify.NotifyCenter     : [NotifyCenter] Start destroying Publisher
16:07:27.088-[LAPTOP-FPFPK7D7][sys]-- WARN 74536 --- [       Thread-2] c.a.n.common.executor.ThreadPoolManager  : [ThreadPoolManager] Start destroying ThreadPool
16:07:27.088-[LAPTOP-FPFPK7D7][sys]-- WARN 74536 --- [      Thread-15] c.a.nacos.common.notify.NotifyCenter     : [NotifyCenter] Destruction of the end
16:07:27.089-[LAPTOP-FPFPK7D7][sys]-- WARN 74536 --- [       Thread-2] c.a.n.common.executor.ThreadPoolManager  : [ThreadPoolManager] Destruction of the end
16:07:27.092-[LAPTOP-FPFPK7D7][sys]-- WARN 74536 --- [      Thread-13] c.a.n.common.http.HttpClientBeanHolder   : [HttpClientBeanHolder] Destruction of the end
16:07:29.752-[LAPTOP-FPFPK7D7][sys]--ERROR 74536 --- [   scheduling-1] o.s.s.s.TaskUtils$LoggingErrorHandler    : Unexpected error occurred in scheduled task
org.springframework.dao.QueryTimeoutException: Redis command timed out
	at org.springframework.data.redis.connection.lettuce.LettuceExceptionConverter.convert(LettuceExceptionConverter.java:68) ~[spring-data-redis-3.3.5.jar:3.3.5]
	at org.springframework.data.redis.connection.lettuce.LettuceExceptionConverter.convert(LettuceExceptionConverter.java:41) ~[spring-data-redis-3.3.5.jar:3.3.5]
	at org.springframework.data.redis.PassThroughExceptionTranslationStrategy.translate(PassThroughExceptionTranslationStrategy.java:40) ~[spring-data-redis-3.3.5.jar:3.3.5]
	at org.springframework.data.redis.FallbackExceptionTranslationStrategy.translate(FallbackExceptionTranslationStrategy.java:38) ~[spring-data-redis-3.3.5.jar:3.3.5]
	at org.springframework.data.redis.connection.lettuce.LettuceConnection.convertLettuceAccessException(LettuceConnection.java:310) ~[spring-data-redis-3.3.5.jar:3.3.5]
	at org.springframework.data.redis.connection.lettuce.LettuceConnection.await(LettuceConnection.java:1012) ~[spring-data-redis-3.3.5.jar:3.3.5]
	at org.springframework.data.redis.connection.lettuce.LettuceConnection.lambda$doInvoke$3(LettuceConnection.java:447) ~[spring-data-redis-3.3.5.jar:3.3.5]
	at org.springframework.data.redis.connection.lettuce.LettuceInvoker$Synchronizer.invoke(LettuceInvoker.java:673) ~[spring-data-redis-3.3.5.jar:3.3.5]
	at org.springframework.data.redis.connection.lettuce.LettuceInvoker$DefaultManyInvocationSpec.toSet(LettuceInvoker.java:639) ~[spring-data-redis-3.3.5.jar:3.3.5]
	at org.springframework.data.redis.connection.lettuce.LettuceZSetCommands.zPopMin(LettuceZSetCommands.java:282) ~[spring-data-redis-3.3.5.jar:3.3.5]
	at org.springframework.data.redis.connection.DefaultedRedisConnection.zPopMin(DefaultedRedisConnection.java:987) ~[spring-data-redis-3.3.5.jar:3.3.5]
	at org.springframework.data.redis.connection.DefaultStringRedisConnection.zPopMin(DefaultStringRedisConnection.java:2025) ~[spring-data-redis-3.3.5.jar:3.3.5]
	at org.springframework.data.redis.core.DefaultZSetOperations.lambda$popMin$40(DefaultZSetOperations.java:450) ~[spring-data-redis-3.3.5.jar:3.3.5]
	at org.springframework.data.redis.core.RedisTemplate.execute(RedisTemplate.java:411) ~[spring-data-redis-3.3.5.jar:3.3.5]
	at org.springframework.data.redis.core.RedisTemplate.execute(RedisTemplate.java:378) ~[spring-data-redis-3.3.5.jar:3.3.5]
	at org.springframework.data.redis.core.AbstractOperations.execute(AbstractOperations.java:97) ~[spring-data-redis-3.3.5.jar:3.3.5]
	at org.springframework.data.redis.core.DefaultZSetOperations.popMin(DefaultZSetOperations.java:450) ~[spring-data-redis-3.3.5.jar:3.3.5]
	at com.tianji.remark.service.impl.LikedRecordServiceRedisImpl.readLikedTimesAndSendMessage(LikedRecordServiceRedisImpl.java:90) ~[classes/:na]
	at jdk.internal.reflect.GeneratedMethodAccessor46.invoke(Unknown Source) ~[na:na]
	at java.base/jdk.internal.reflect.DelegatingMethodAccessorImpl.invoke(DelegatingMethodAccessorImpl.java:43) ~[na:na]
	at java.base/java.lang.reflect.Method.invoke(Method.java:568) ~[na:na]
	at org.springframework.aop.support.AopUtils.invokeJoinpointUsingReflection(AopUtils.java:355) ~[spring-aop-6.1.14.jar:6.1.14]
	at org.springframework.aop.framework.CglibAopProxy$DynamicAdvisedInterceptor.intercept(CglibAopProxy.java:716) ~[spring-aop-6.1.14.jar:6.1.14]
	at com.tianji.remark.service.impl.LikedRecordServiceRedisImpl$$SpringCGLIB$$0.readLikedTimesAndSendMessage(<generated>) ~[classes/:na]
	at com.tianji.remark.task.LikedTimesCheckTask.checkLikedTimes(LikedTimesCheckTask.java:22) ~[classes/:na]
	at jdk.internal.reflect.GeneratedMethodAccessor47.invoke(Unknown Source) ~[na:na]
	at java.base/jdk.internal.reflect.DelegatingMethodAccessorImpl.invoke(DelegatingMethodAccessorImpl.java:43) ~[na:na]
	at java.base/java.lang.reflect.Method.invoke(Method.java:568) ~[na:na]
	at org.springframework.scheduling.support.ScheduledMethodRunnable.runInternal(ScheduledMethodRunnable.java:130) ~[spring-context-6.1.14.jar:6.1.14]
	at org.springframework.scheduling.support.ScheduledMethodRunnable.lambda$run$2(ScheduledMethodRunnable.java:124) ~[spring-context-6.1.14.jar:6.1.14]
	at io.micrometer.observation.Observation.observe(Observation.java:499) ~[micrometer-observation-1.13.6.jar:1.13.6]
	at org.springframework.scheduling.support.ScheduledMethodRunnable.run(ScheduledMethodRunnable.java:124) ~[spring-context-6.1.14.jar:6.1.14]
	at org.springframework.scheduling.support.DelegatingErrorHandlingRunnable.run(DelegatingErrorHandlingRunnable.java:54) ~[spring-context-6.1.14.jar:6.1.14]
	at java.base/java.util.concurrent.Executors$RunnableAdapter.call(Executors.java:539) ~[na:na]
	at java.base/java.util.concurrent.FutureTask.runAndReset$$$capture(FutureTask.java:305) ~[na:na]
	at java.base/java.util.concurrent.FutureTask.runAndReset(FutureTask.java) ~[na:na]
	at java.base/java.util.concurrent.ScheduledThreadPoolExecutor$ScheduledFutureTask.run(ScheduledThreadPoolExecutor.java:305) ~[na:na]
	at java.base/java.util.concurrent.ThreadPoolExecutor.runWorker(ThreadPoolExecutor.java:1136) ~[na:na]
	at java.base/java.util.concurrent.ThreadPoolExecutor$Worker.run(ThreadPoolExecutor.java:635) ~[na:na]
	at java.base/java.lang.Thread.run(Thread.java:842) ~[na:na]
Caused by: io.lettuce.core.RedisCommandTimeoutException: Command timed out after 1 minute(s)
	at io.lettuce.core.internal.ExceptionFactory.createTimeoutException(ExceptionFactory.java:59) ~[lettuce-core-6.3.2.RELEASE.jar:6.3.2.RELEASE/8941aea]
	at io.lettuce.core.internal.Futures.awaitOrCancel(Futures.java:246) ~[lettuce-core-6.3.2.RELEASE.jar:6.3.2.RELEASE/8941aea]
	at io.lettuce.core.LettuceFutures.awaitOrCancel(LettuceFutures.java:74) ~[lettuce-core-6.3.2.RELEASE.jar:6.3.2.RELEASE/8941aea]
	at org.springframework.data.redis.connection.lettuce.LettuceConnection.await(LettuceConnection.java:1010) ~[spring-data-redis-3.3.5.jar:3.3.5]
	... 34 common frames omitted
16:07:29.899-[LAPTOP-FPFPK7D7][sys]-- INFO 74536 --- [ionShutdownHook] c.a.c.n.registry.NacosServiceRegistry    : De-registering from Nacos Server now...
16:07:30.355-[LAPTOP-FPFPK7D7][sys]--ERROR 74536 --- [ionShutdownHook] c.a.c.n.registry.NacosServiceRegistry    : ERR_NACOS_DEREGISTER, de-register failed...NacosRegistration{nacosDiscoveryProperties=NacosDiscoveryProperties{serverAddr='null', username='******', password='******', endpoint='null', namespace='null', watchDelay=30000, logName='null', service='null', weight=1.0, clusterName='null', group='DEFAULT_GROUP', namingLoadCacheAtStart='false', metadata={}, registerEnabled=true, ip='null', networkInterface='', port=-1, secure=false, accessKey='null', secretKey='null', heartBeatInterval=null, heartBeatTimeout=null, ipDeleteTimeout=null, instanceEnabled=true, ephemeral=true, failureToleranceEnabled=false}, ipDeleteTimeout=null, failFast=true}},
com.alibaba.nacos.api.exception.NacosException: Client not connected, current status:UNHEALTHY
	at com.alibaba.nacos.common.remote.client.RpcClient.request(RpcClient.java:645) ~[nacos-client-2.4.2.jar:na]
	at com.alibaba.nacos.common.remote.client.RpcClient.request(RpcClient.java:624) ~[nacos-client-2.4.2.jar:na]
	at com.alibaba.nacos.client.naming.remote.gprc.NamingGrpcClientProxy.requestToServer(NamingGrpcClientProxy.java:447) ~[nacos-client-2.4.2.jar:na]
	at com.alibaba.nacos.client.naming.remote.gprc.NamingGrpcClientProxy.doDeregisterService(NamingGrpcClientProxy.java:308) ~[nacos-client-2.4.2.jar:na]
	at com.alibaba.nacos.client.naming.remote.gprc.NamingGrpcClientProxy.deregisterServiceForEphemeral(NamingGrpcClientProxy.java:293) ~[nacos-client-2.4.2.jar:na]
	at com.alibaba.nacos.client.naming.remote.gprc.NamingGrpcClientProxy.deregisterService(NamingGrpcClientProxy.java:275) ~[nacos-client-2.4.2.jar:na]
	at com.alibaba.nacos.client.naming.remote.NamingClientProxyDelegate.deregisterService(NamingClientProxyDelegate.java:122) ~[nacos-client-2.4.2.jar:na]
	at com.alibaba.nacos.client.naming.NacosNamingService.deregisterInstance(NacosNamingService.java:211) ~[nacos-client-2.4.2.jar:na]
	at com.alibaba.nacos.client.naming.NacosNamingService.deregisterInstance(NacosNamingService.java:199) ~[nacos-client-2.4.2.jar:na]
	at com.alibaba.cloud.nacos.registry.NacosServiceRegistry.deregister(NacosServiceRegistry.java:107) ~[spring-cloud-starter-alibaba-nacos-discovery-2023.0.3.2.jar:2023.0.3.2]
	at org.springframework.cloud.client.serviceregistry.AbstractAutoServiceRegistration.deregister(AbstractAutoServiceRegistration.java:281) ~[spring-cloud-commons-4.1.4.jar:4.1.4]
	at org.springframework.cloud.client.serviceregistry.AbstractAutoServiceRegistration.stop(AbstractAutoServiceRegistration.java:299) ~[spring-cloud-commons-4.1.4.jar:4.1.4]
	at org.springframework.cloud.client.serviceregistry.AbstractAutoServiceRegistration.destroy(AbstractAutoServiceRegistration.java:233) ~[spring-cloud-commons-4.1.4.jar:4.1.4]
	at java.base/jdk.internal.reflect.NativeMethodAccessorImpl.invoke0(Native Method) ~[na:na]
	at java.base/jdk.internal.reflect.NativeMethodAccessorImpl.invoke(NativeMethodAccessorImpl.java:77) ~[na:na]
	at java.base/jdk.internal.reflect.DelegatingMethodAccessorImpl.invoke(DelegatingMethodAccessorImpl.java:43) ~[na:na]
	at java.base/java.lang.reflect.Method.invoke(Method.java:568) ~[na:na]
	at org.springframework.beans.factory.annotation.InitDestroyAnnotationBeanPostProcessor$LifecycleMethod.invoke(InitDestroyAnnotationBeanPostProcessor.java:457) ~[spring-beans-6.1.14.jar:6.1.14]
	at org.springframework.beans.factory.annotation.InitDestroyAnnotationBeanPostProcessor$LifecycleMetadata.invokeDestroyMethods(InitDestroyAnnotationBeanPostProcessor.java:415) ~[spring-beans-6.1.14.jar:6.1.14]
	at org.springframework.beans.factory.annotation.InitDestroyAnnotationBeanPostProcessor.postProcessBeforeDestruction(InitDestroyAnnotationBeanPostProcessor.java:239) ~[spring-beans-6.1.14.jar:6.1.14]
	at org.springframework.beans.factory.support.DisposableBeanAdapter.destroy(DisposableBeanAdapter.java:202) ~[spring-beans-6.1.14.jar:6.1.14]
	at org.springframework.beans.factory.support.DefaultSingletonBeanRegistry.destroyBean(DefaultSingletonBeanRegistry.java:587) ~[spring-beans-6.1.14.jar:6.1.14]
	at org.springframework.beans.factory.support.DefaultSingletonBeanRegistry.destroySingleton(DefaultSingletonBeanRegistry.java:559) ~[spring-beans-6.1.14.jar:6.1.14]
	at org.springframework.beans.factory.support.DefaultListableBeanFactory.destroySingleton(DefaultListableBeanFactory.java:1202) ~[spring-beans-6.1.14.jar:6.1.14]
	at org.springframework.beans.factory.support.DefaultSingletonBeanRegistry.destroySingletons(DefaultSingletonBeanRegistry.java:520) ~[spring-beans-6.1.14.jar:6.1.14]
	at org.springframework.beans.factory.support.DefaultListableBeanFactory.destroySingletons(DefaultListableBeanFactory.java:1195) ~[spring-beans-6.1.14.jar:6.1.14]
	at org.springframework.context.support.AbstractApplicationContext.destroyBeans(AbstractApplicationContext.java:1195) ~[spring-context-6.1.14.jar:6.1.14]
	at org.springframework.context.support.AbstractApplicationContext.doClose(AbstractApplicationContext.java:1156) ~[spring-context-6.1.14.jar:6.1.14]
	at org.springframework.boot.web.servlet.context.ServletWebServerApplicationContext.doClose(ServletWebServerApplicationContext.java:174) ~[spring-boot-3.3.5.jar:3.3.5]
	at org.springframework.context.support.AbstractApplicationContext.close(AbstractApplicationContext.java:1102) ~[spring-context-6.1.14.jar:6.1.14]
	at org.springframework.boot.SpringApplicationShutdownHook.closeAndWait(SpringApplicationShutdownHook.java:145) ~[spring-boot-3.3.5.jar:3.3.5]
	at java.base/java.lang.Iterable.forEach(Iterable.java:75) ~[na:na]
	at org.springframework.boot.SpringApplicationShutdownHook.run(SpringApplicationShutdownHook.java:114) ~[spring-boot-3.3.5.jar:3.3.5]
	at java.base/java.lang.Thread.run(Thread.java:842) ~[na:na]
16:07:30.357-[LAPTOP-FPFPK7D7][sys]-- INFO 74536 --- [ionShutdownHook] c.a.c.n.registry.NacosServiceRegistry    : De-registration finished.
