11:15:22.959-[LAPTOP-FPFPK7D7][sys]-- INFO 35348 --- [           main] com.tianji.UserApplication               : The following 1 profile is active: "local"
11:15:22.981-[LAPTOP-FPFPK7D7][sys]-- INFO 35348 --- [           main] c.a.c.n.c.NacosConfigDataLoader          : [Nacos Config] Load config[dataId=shared-feign.yaml, group=DEFAULT_GROUP] success
11:15:22.981-[LAPTOP-FPFPK7D7][sys]-- INFO 35348 --- [           main] c.a.c.n.c.NacosConfigDataLoader          : [Nacos Config] Load config[dataId=shared-logs.yaml, group=DEFAULT_GROUP] success
11:15:22.981-[LAPTOP-FPFPK7D7][sys]-- INFO 35348 --- [           main] c.a.c.n.c.NacosConfigDataLoader          : [Nacos Config] Load config[dataId=shared-mybatis.yaml, group=DEFAULT_GROUP] success
11:15:22.982-[LAPTOP-FPFPK7D7][sys]-- INFO 35348 --- [           main] c.a.c.n.c.NacosConfigDataLoader          : [Nacos Config] Load config[dataId=shared-redis.yaml, group=DEFAULT_GROUP] success
11:15:22.982-[LAPTOP-FPFPK7D7][sys]-- INFO 35348 --- [           main] c.a.c.n.c.NacosConfigDataLoader          : [Nacos Config] Load config[dataId=shared-spring.yaml, group=DEFAULT_GROUP] success
11:15:22.982-[LAPTOP-FPFPK7D7][sys]-- WARN 35348 --- [           main] c.a.c.n.c.NacosConfigDataLoader          : [Nacos Config] config[dataId=user-service.yaml, group=DEFAULT_GROUP] is empty
11:15:23.698-[LAPTOP-FPFPK7D7][sys]-- INFO 35348 --- [           main] .s.d.r.c.RepositoryConfigurationDelegate : Multiple Spring Data modules found, entering strict repository configuration mode
11:15:23.701-[LAPTOP-FPFPK7D7][sys]-- INFO 35348 --- [           main] .s.d.r.c.RepositoryConfigurationDelegate : Bootstrapping Spring Data Redis repositories in DEFAULT mode.
11:15:23.755-[LAPTOP-FPFPK7D7][sys]-- INFO 35348 --- [           main] .s.d.r.c.RepositoryConfigurationDelegate : Finished Spring Data repository scanning in 43 ms. Found 0 Redis repository interfaces.
11:15:24.041-[LAPTOP-FPFPK7D7][sys]-- INFO 35348 --- [           main] o.s.cloud.context.scope.GenericScope     : BeanFactory id=10600a1d-5f9c-332f-9817-ff47e760cbaa
11:15:24.075-[LAPTOP-FPFPK7D7][sys]-- WARN 35348 --- [           main] trationDelegate$BeanPostProcessorChecker : Bean 'com.alibaba.cloud.nacos.NacosConfigAutoConfiguration' of type [com.alibaba.cloud.nacos.NacosConfigAutoConfiguration] is not eligible for getting processed by all BeanPostProcessors (for example: not eligible for auto-proxying). The currently created BeanPostProcessor [nacosAnnotationProcessor] is declared through a non-static factory method on that class; consider declaring it as static instead.
11:15:24.360-[LAPTOP-FPFPK7D7][sys]-- WARN 35348 --- [           main] trationDelegate$BeanPostProcessorChecker : Bean 'org.springframework.cloud.client.loadbalancer.LoadBalancerAutoConfiguration$DeferringLoadBalancerInterceptorConfig' of type [org.springframework.cloud.client.loadbalancer.LoadBalancerAutoConfiguration$DeferringLoadBalancerInterceptorConfig] is not eligible for getting processed by all BeanPostProcessors (for example: not eligible for auto-proxying). The currently created BeanPostProcessor [lbRestClientPostProcessor] is declared through a non-static factory method on that class; consider declaring it as static instead.
11:15:24.364-[LAPTOP-FPFPK7D7][sys]-- WARN 35348 --- [           main] trationDelegate$BeanPostProcessorChecker : Bean 'deferringLoadBalancerInterceptor' of type [org.springframework.cloud.client.loadbalancer.DeferringLoadBalancerInterceptor] is not eligible for getting processed by all BeanPostProcessors (for example: not eligible for auto-proxying). Is this bean getting eagerly injected/applied to a currently created BeanPostProcessor [lbRestClientPostProcessor]? Check the corresponding BeanPostProcessor declaration and its dependencies/advisors. If this bean does not have to be post-processed, declare it with ROLE_INFRASTRUCTURE.
11:15:24.606-[LAPTOP-FPFPK7D7][sys]-- INFO 35348 --- [           main] o.s.b.w.embedded.tomcat.TomcatWebServer  : Tomcat initialized with port 8082 (http)
11:15:24.620-[LAPTOP-FPFPK7D7][sys]-- INFO 35348 --- [           main] o.apache.catalina.core.StandardService   : Starting service [Tomcat]
11:15:24.620-[LAPTOP-FPFPK7D7][sys]-- INFO 35348 --- [           main] o.apache.catalina.core.StandardEngine    : Starting Servlet engine: [Apache Tomcat/10.1.31]
11:15:24.702-[LAPTOP-FPFPK7D7][sys]-- INFO 35348 --- [           main] o.a.c.c.C.[Tomcat].[localhost].[/]       : Initializing Spring embedded WebApplicationContext
11:15:24.702-[LAPTOP-FPFPK7D7][sys]-- INFO 35348 --- [           main] w.s.c.ServletWebServerApplicationContext : Root WebApplicationContext: initialization completed in 1720 ms
11:15:25.647-[LAPTOP-FPFPK7D7][sys]-- INFO 35348 --- [           main] o.s.c.openfeign.FeignClientFactoryBean   : For 'auth-service' URL not provided. Will try picking an instance via load-balancing.
11:15:26.199-[LAPTOP-FPFPK7D7][sys]-- INFO 35348 --- [           main] o.s.c.openfeign.FeignClientFactoryBean   : For 'trade-service' URL not provided. Will try picking an instance via load-balancing.
11:15:26.232-[LAPTOP-FPFPK7D7][sys]-- INFO 35348 --- [           main] o.s.c.openfeign.FeignClientFactoryBean   : For 'course-service' URL not provided. Will try picking an instance via load-balancing.
11:15:26.321-[LAPTOP-FPFPK7D7][sys]-- INFO 35348 --- [           main] c.a.c.sentinel.SentinelWebMvcConfigurer  : [Sentinel Starter] register SentinelWebInterceptor with urlPatterns: [/**].
11:15:26.608-[LAPTOP-FPFPK7D7][sys]-- INFO 35348 --- [           main] o.s.c.openfeign.FeignClientFactoryBean   : For 'course-service' URL not provided. Will try picking an instance via load-balancing.
11:15:27.236-[LAPTOP-FPFPK7D7][sys]-- INFO 35348 --- [           main] o.s.b.w.embedded.tomcat.TomcatWebServer  : Tomcat started on port 8082 (http) with context path '/'
11:15:27.257-[LAPTOP-FPFPK7D7][sys]-- INFO 35348 --- [           main] c.a.n.p.a.s.c.ClientAuthPluginManager    : [ClientAuthPluginManager] Load ClientAuthService com.alibaba.nacos.client.auth.impl.NacosClientAuthServiceImpl success.
11:15:27.257-[LAPTOP-FPFPK7D7][sys]-- INFO 35348 --- [           main] c.a.n.p.a.s.c.ClientAuthPluginManager    : [ClientAuthPluginManager] Load ClientAuthService com.alibaba.nacos.client.auth.ram.RamClientAuthServiceImpl success.
11:15:27.348-[LAPTOP-FPFPK7D7][sys]-- INFO 35348 --- [           main] c.a.c.n.registry.NacosServiceRegistry    : nacos registry, DEFAULT_GROUP user-service 192.168.150.1:8082 register finished
11:15:27.678-[LAPTOP-FPFPK7D7][sys]-- INFO 35348 --- [           main] com.tianji.UserApplication               : Started UserApplication in 8.697 seconds (process running for 9.415)
11:15:27.689-[LAPTOP-FPFPK7D7][sys]-- INFO 35348 --- [           main] c.a.c.n.refresh.NacosContextRefresher    : [Nacos Config] Listening config: dataId=user-service.yaml, group=DEFAULT_GROUP
11:15:27.691-[LAPTOP-FPFPK7D7][sys]-- INFO 35348 --- [           main] c.a.c.n.refresh.NacosContextRefresher    : [Nacos Config] Listening config: dataId=shared-redis.yaml, group=DEFAULT_GROUP
11:15:27.692-[LAPTOP-FPFPK7D7][sys]-- INFO 35348 --- [           main] c.a.c.n.refresh.NacosContextRefresher    : [Nacos Config] Listening config: dataId=shared-spring.yaml, group=DEFAULT_GROUP
11:15:27.692-[LAPTOP-FPFPK7D7][sys]-- INFO 35348 --- [           main] c.a.c.n.refresh.NacosContextRefresher    : [Nacos Config] Listening config: dataId=shared-feign.yaml, group=DEFAULT_GROUP
11:15:27.694-[LAPTOP-FPFPK7D7][sys]-- INFO 35348 --- [           main] c.a.c.n.refresh.NacosContextRefresher    : [Nacos Config] Listening config: dataId=shared-mybatis.yaml, group=DEFAULT_GROUP
11:15:27.695-[LAPTOP-FPFPK7D7][sys]-- INFO 35348 --- [           main] c.a.c.n.refresh.NacosContextRefresher    : [Nacos Config] Listening config: dataId=shared-logs.yaml, group=DEFAULT_GROUP
11:15:27.695-[LAPTOP-FPFPK7D7][sys]-- INFO 35348 --- [           main] com.tianji.UserApplication               : --/
---------------------------------------------------------------------------------------
	Application 'user-service' is running! Access URLs:
	Local: 		http://localhost:8082
	External: 	http://10.254.2.55:8082
	Profile(s): 	[local]
---------------------------------------------------------------------------------------
11:17:04.753-[LAPTOP-FPFPK7D7][sys]-- INFO 35348 --- [nio-8082-exec-1] o.a.c.c.C.[Tomcat].[localhost].[/]       : Initializing Spring DispatcherServlet 'dispatcherServlet'
11:17:04.754-[LAPTOP-FPFPK7D7][sys]-- INFO 35348 --- [nio-8082-exec-1] o.s.web.servlet.DispatcherServlet        : Initializing Servlet 'dispatcherServlet'
11:17:04.756-[LAPTOP-FPFPK7D7][sys]-- INFO 35348 --- [nio-8082-exec-1] o.s.web.servlet.DispatcherServlet        : Completed initialization in 2 ms
11:17:05.035-[LAPTOP-FPFPK7D7][f0a6878b8da440f6a5dd8ff3a7a632d7]-- INFO 35348 --- [nio-8082-exec-3] com.zaxxer.hikari.HikariDataSource       : HikariPool-1 - Starting...
11:17:05.560-[LAPTOP-FPFPK7D7][f0a6878b8da440f6a5dd8ff3a7a632d7]-- INFO 35348 --- [nio-8082-exec-3] com.zaxxer.hikari.pool.HikariPool        : HikariPool-1 - Added connection com.mysql.cj.jdbc.ConnectionImpl@4101207f
11:17:05.562-[LAPTOP-FPFPK7D7][f0a6878b8da440f6a5dd8ff3a7a632d7]-- INFO 35348 --- [nio-8082-exec-3] com.zaxxer.hikari.HikariDataSource       : HikariPool-1 - Start completed.
11:17:05.574-[LAPTOP-FPFPK7D7][f0a6878b8da440f6a5dd8ff3a7a632d7]--DEBUG 35348 --- [nio-8082-exec-3] c.t.u.m.UserDetailMapper.queryByIds      : ==>  Preparing: SELECT u.cell_phone, u.status, u.create_time, u.update_time, u.creater, u.updater, u.id, u.username, ud.type, ud.name, ud.gender, ud.icon, ud.email, ud.qq, ud.birthday, ud.job, ud.province, ud.city, ud.district, ud.intro, ud.photo, ud.role_id FROM `user` u LEFT JOIN user_detail ud ON u.id = ud.id WHERE u.id in ( ? )
11:17:05.588-[LAPTOP-FPFPK7D7][99c7528b42d84cddb38158d26e7cec57]--DEBUG 35348 --- [nio-8082-exec-4] c.t.u.m.UserDetailMapper.queryByIds      : ==>  Preparing: SELECT u.cell_phone, u.status, u.create_time, u.update_time, u.creater, u.updater, u.id, u.username, ud.type, ud.name, ud.gender, ud.icon, ud.email, ud.qq, ud.birthday, ud.job, ud.province, ud.city, ud.district, ud.intro, ud.photo, ud.role_id FROM `user` u LEFT JOIN user_detail ud ON u.id = ud.id WHERE u.id in ( ? , ? , ? , ? )
11:17:05.605-[LAPTOP-FPFPK7D7][99c7528b42d84cddb38158d26e7cec57]--DEBUG 35348 --- [nio-8082-exec-4] c.t.u.m.UserDetailMapper.queryByIds      : ==> Parameters: 1549358501685448706(Long), 1548889371405492225(Long), 1548940921662365698(Long), 1549358967710371842(Long)
11:17:05.605-[LAPTOP-FPFPK7D7][f0a6878b8da440f6a5dd8ff3a7a632d7]--DEBUG 35348 --- [nio-8082-exec-3] c.t.u.m.UserDetailMapper.queryByIds      : ==> Parameters: 1548940921662365698(Long)
11:17:05.652-[LAPTOP-FPFPK7D7][34405035457740c8bc8aa9953f87b8d5]--DEBUG 35348 --- [nio-8082-exec-1] c.t.u.m.UserDetailMapper.queryByIds      : ==>  Preparing: SELECT u.cell_phone, u.status, u.create_time, u.update_time, u.creater, u.updater, u.id, u.username, ud.type, ud.name, ud.gender, ud.icon, ud.email, ud.qq, ud.birthday, ud.job, ud.province, ud.city, ud.district, ud.intro, ud.photo, ud.role_id FROM `user` u LEFT JOIN user_detail ud ON u.id = ud.id WHERE u.id in ( ? , ? , ? , ? )
11:17:05.653-[LAPTOP-FPFPK7D7][34405035457740c8bc8aa9953f87b8d5]--DEBUG 35348 --- [nio-8082-exec-1] c.t.u.m.UserDetailMapper.queryByIds      : ==> Parameters: 1548889371405492225(Long), 1565885870605664257(Long), 1548941239125041153(Long), 1549358967710371842(Long)
11:17:05.695-[LAPTOP-FPFPK7D7][f0a6878b8da440f6a5dd8ff3a7a632d7]--DEBUG 35348 --- [nio-8082-exec-3] c.t.u.m.UserDetailMapper.queryByIds      : <==      Total: 1
11:17:05.695-[LAPTOP-FPFPK7D7][99c7528b42d84cddb38158d26e7cec57]--DEBUG 35348 --- [nio-8082-exec-4] c.t.u.m.UserDetailMapper.queryByIds      : <==      Total: 4
11:17:05.701-[LAPTOP-FPFPK7D7][34405035457740c8bc8aa9953f87b8d5]--DEBUG 35348 --- [nio-8082-exec-1] c.t.u.m.UserDetailMapper.queryByIds      : <==      Total: 4
11:17:24.785-[LAPTOP-FPFPK7D7][0349b03af7ca499b8d842e8388b0c0d1]--DEBUG 35348 --- [nio-8082-exec-6] c.t.u.m.UserDetailMapper.queryByIds      : ==>  Preparing: SELECT u.cell_phone, u.status, u.create_time, u.update_time, u.creater, u.updater, u.id, u.username, ud.type, ud.name, ud.gender, ud.icon, ud.email, ud.qq, ud.birthday, ud.job, ud.province, ud.city, ud.district, ud.intro, ud.photo, ud.role_id FROM `user` u LEFT JOIN user_detail ud ON u.id = ud.id WHERE u.id in ( ? , ? , ? , ? )
11:17:24.785-[LAPTOP-FPFPK7D7][74277a1c4f3b4ad7bef7cd2e2f1829bd]--DEBUG 35348 --- [nio-8082-exec-5] c.t.u.m.UserDetailMapper.queryByIds      : ==>  Preparing: SELECT u.cell_phone, u.status, u.create_time, u.update_time, u.creater, u.updater, u.id, u.username, ud.type, ud.name, ud.gender, ud.icon, ud.email, ud.qq, ud.birthday, ud.job, ud.province, ud.city, ud.district, ud.intro, ud.photo, ud.role_id FROM `user` u LEFT JOIN user_detail ud ON u.id = ud.id WHERE u.id in ( ? , ? , ? , ? )
11:17:24.785-[LAPTOP-FPFPK7D7][2002a4d949224a28817fb1a630d61d86]--DEBUG 35348 --- [nio-8082-exec-9] c.t.u.m.UserDetailMapper.queryByIds      : ==>  Preparing: SELECT u.cell_phone, u.status, u.create_time, u.update_time, u.creater, u.updater, u.id, u.username, ud.type, ud.name, ud.gender, ud.icon, ud.email, ud.qq, ud.birthday, ud.job, ud.province, ud.city, ud.district, ud.intro, ud.photo, ud.role_id FROM `user` u LEFT JOIN user_detail ud ON u.id = ud.id WHERE u.id in ( ? )
11:17:24.787-[LAPTOP-FPFPK7D7][0349b03af7ca499b8d842e8388b0c0d1]--DEBUG 35348 --- [nio-8082-exec-6] c.t.u.m.UserDetailMapper.queryByIds      : ==> Parameters: 1549358501685448706(Long), 1548889371405492225(Long), 1548940921662365698(Long), 1549358967710371842(Long)
11:17:24.787-[LAPTOP-FPFPK7D7][2002a4d949224a28817fb1a630d61d86]--DEBUG 35348 --- [nio-8082-exec-9] c.t.u.m.UserDetailMapper.queryByIds      : ==> Parameters: 1548940921662365698(Long)
11:17:24.787-[LAPTOP-FPFPK7D7][74277a1c4f3b4ad7bef7cd2e2f1829bd]--DEBUG 35348 --- [nio-8082-exec-5] c.t.u.m.UserDetailMapper.queryByIds      : ==> Parameters: 1548889371405492225(Long), 1565885870605664257(Long), 1548941239125041153(Long), 1549358967710371842(Long)
11:17:24.791-[LAPTOP-FPFPK7D7][74277a1c4f3b4ad7bef7cd2e2f1829bd]--DEBUG 35348 --- [nio-8082-exec-5] c.t.u.m.UserDetailMapper.queryByIds      : <==      Total: 4
11:17:24.792-[LAPTOP-FPFPK7D7][2002a4d949224a28817fb1a630d61d86]--DEBUG 35348 --- [nio-8082-exec-9] c.t.u.m.UserDetailMapper.queryByIds      : <==      Total: 1
11:17:24.803-[LAPTOP-FPFPK7D7][0349b03af7ca499b8d842e8388b0c0d1]--DEBUG 35348 --- [nio-8082-exec-6] c.t.u.m.UserDetailMapper.queryByIds      : <==      Total: 4
11:18:44.345-[LAPTOP-FPFPK7D7][44075f2ce9064617a9ec57d56e030329]--DEBUG 35348 --- [io-8082-exec-10] c.t.user.mapper.UserMapper.selectList    : ==>  Preparing: SELECT id,username,cell_phone,password,status,type,create_time,update_time,creater,updater FROM user WHERE (username = ?)
11:18:44.345-[LAPTOP-FPFPK7D7][44075f2ce9064617a9ec57d56e030329]--DEBUG 35348 --- [io-8082-exec-10] c.t.user.mapper.UserMapper.selectList    : ==> Parameters: jack(String)
11:18:44.349-[LAPTOP-FPFPK7D7][44075f2ce9064617a9ec57d56e030329]--DEBUG 35348 --- [io-8082-exec-10] c.t.user.mapper.UserMapper.selectList    : <==      Total: 1
11:18:44.735-[LAPTOP-FPFPK7D7][8c37246fd00c4e1bb16d5e690fea99f1]--DEBUG 35348 --- [nio-8082-exec-4] c.t.u.mapper.UserDetailMapper.queryById  : ==>  Preparing: SELECT u.cell_phone, u.status, u.create_time, u.update_time, u.creater, u.updater, u.id, u.username, ud.type, ud.name, ud.gender, ud.icon, ud.email, ud.qq, ud.birthday, ud.job, ud.province, ud.city, ud.district, ud.intro, ud.photo, ud.role_id FROM `user` u LEFT JOIN user_detail ud ON u.id = ud.id WHERE u.id = ?
11:18:44.736-[LAPTOP-FPFPK7D7][8c37246fd00c4e1bb16d5e690fea99f1]--DEBUG 35348 --- [nio-8082-exec-4] c.t.u.mapper.UserDetailMapper.queryById  : ==> Parameters: 2(Long)
11:18:44.737-[LAPTOP-FPFPK7D7][8c37246fd00c4e1bb16d5e690fea99f1]--DEBUG 35348 --- [nio-8082-exec-4] c.t.u.mapper.UserDetailMapper.queryById  : <==      Total: 1
11:18:45.516-[LAPTOP-FPFPK7D7][af5ab9fd093540e9bb1eaffc8bc053d2]--DEBUG 35348 --- [nio-8082-exec-1] c.t.u.m.UserDetailMapper.queryByIds      : ==>  Preparing: SELECT u.cell_phone, u.status, u.create_time, u.update_time, u.creater, u.updater, u.id, u.username, ud.type, ud.name, ud.gender, ud.icon, ud.email, ud.qq, ud.birthday, ud.job, ud.province, ud.city, ud.district, ud.intro, ud.photo, ud.role_id FROM `user` u LEFT JOIN user_detail ud ON u.id = ud.id WHERE u.id in ( ? , ? , ? , ? )
11:18:45.516-[LAPTOP-FPFPK7D7][9871cbe9c1f4426fb4d9442946b913f9]--DEBUG 35348 --- [nio-8082-exec-3] c.t.u.m.UserDetailMapper.queryByIds      : ==>  Preparing: SELECT u.cell_phone, u.status, u.create_time, u.update_time, u.creater, u.updater, u.id, u.username, ud.type, ud.name, ud.gender, ud.icon, ud.email, ud.qq, ud.birthday, ud.job, ud.province, ud.city, ud.district, ud.intro, ud.photo, ud.role_id FROM `user` u LEFT JOIN user_detail ud ON u.id = ud.id WHERE u.id in ( ? )
11:18:45.516-[LAPTOP-FPFPK7D7][5458ad793d144cb9a6ba0704bc619391]--DEBUG 35348 --- [nio-8082-exec-9] c.t.u.m.UserDetailMapper.queryByIds      : ==>  Preparing: SELECT u.cell_phone, u.status, u.create_time, u.update_time, u.creater, u.updater, u.id, u.username, ud.type, ud.name, ud.gender, ud.icon, ud.email, ud.qq, ud.birthday, ud.job, ud.province, ud.city, ud.district, ud.intro, ud.photo, ud.role_id FROM `user` u LEFT JOIN user_detail ud ON u.id = ud.id WHERE u.id in ( ? , ? , ? , ? )
11:18:45.517-[LAPTOP-FPFPK7D7][af5ab9fd093540e9bb1eaffc8bc053d2]--DEBUG 35348 --- [nio-8082-exec-1] c.t.u.m.UserDetailMapper.queryByIds      : ==> Parameters: 1548889371405492225(Long), 1548940921662365698(Long), 1548941239125041153(Long), 1549358967710371842(Long)
11:18:45.517-[LAPTOP-FPFPK7D7][9871cbe9c1f4426fb4d9442946b913f9]--DEBUG 35348 --- [nio-8082-exec-3] c.t.u.m.UserDetailMapper.queryByIds      : ==> Parameters: 1548940921662365698(Long)
11:18:45.517-[LAPTOP-FPFPK7D7][5458ad793d144cb9a6ba0704bc619391]--DEBUG 35348 --- [nio-8082-exec-9] c.t.u.m.UserDetailMapper.queryByIds      : ==> Parameters: 1549358501685448706(Long), 1548889371405492225(Long), 1548940921662365698(Long), 1549358967710371842(Long)
11:18:45.520-[LAPTOP-FPFPK7D7][9871cbe9c1f4426fb4d9442946b913f9]--DEBUG 35348 --- [nio-8082-exec-3] c.t.u.m.UserDetailMapper.queryByIds      : <==      Total: 1
11:18:45.520-[LAPTOP-FPFPK7D7][af5ab9fd093540e9bb1eaffc8bc053d2]--DEBUG 35348 --- [nio-8082-exec-1] c.t.u.m.UserDetailMapper.queryByIds      : <==      Total: 4
11:18:45.522-[LAPTOP-FPFPK7D7][5458ad793d144cb9a6ba0704bc619391]--DEBUG 35348 --- [nio-8082-exec-9] c.t.u.m.UserDetailMapper.queryByIds      : <==      Total: 4
11:18:45.776-[LAPTOP-FPFPK7D7][92d2c6ab0682440cb084f192bee4a512]--DEBUG 35348 --- [nio-8082-exec-5] c.t.u.m.UserDetailMapper.queryByIds      : ==>  Preparing: SELECT u.cell_phone, u.status, u.create_time, u.update_time, u.creater, u.updater, u.id, u.username, ud.type, ud.name, ud.gender, ud.icon, ud.email, ud.qq, ud.birthday, ud.job, ud.province, ud.city, ud.district, ud.intro, ud.photo, ud.role_id FROM `user` u LEFT JOIN user_detail ud ON u.id = ud.id WHERE u.id in ( ? )
11:18:45.776-[LAPTOP-FPFPK7D7][92d2c6ab0682440cb084f192bee4a512]--DEBUG 35348 --- [nio-8082-exec-5] c.t.u.m.UserDetailMapper.queryByIds      : ==> Parameters: 1548940921662365698(Long)
11:18:45.779-[LAPTOP-FPFPK7D7][92d2c6ab0682440cb084f192bee4a512]--DEBUG 35348 --- [nio-8082-exec-5] c.t.u.m.UserDetailMapper.queryByIds      : <==      Total: 1
11:24:42.809-[LAPTOP-FPFPK7D7][1ed2e5071133491e874d0dc4bf31dcdb]--DEBUG 35348 --- [nio-8082-exec-4] c.t.u.m.UserDetailMapper.queryByIds      : ==>  Preparing: SELECT u.cell_phone, u.status, u.create_time, u.update_time, u.creater, u.updater, u.id, u.username, ud.type, ud.name, ud.gender, ud.icon, ud.email, ud.qq, ud.birthday, ud.job, ud.province, ud.city, ud.district, ud.intro, ud.photo, ud.role_id FROM `user` u LEFT JOIN user_detail ud ON u.id = ud.id WHERE u.id in ( ? , ? , ? , ? )
11:24:42.809-[LAPTOP-FPFPK7D7][461b2fb4199a43d08f77590b49bcb9c3]--DEBUG 35348 --- [nio-8082-exec-3] c.t.u.m.UserDetailMapper.queryByIds      : ==>  Preparing: SELECT u.cell_phone, u.status, u.create_time, u.update_time, u.creater, u.updater, u.id, u.username, ud.type, ud.name, ud.gender, ud.icon, ud.email, ud.qq, ud.birthday, ud.job, ud.province, ud.city, ud.district, ud.intro, ud.photo, ud.role_id FROM `user` u LEFT JOIN user_detail ud ON u.id = ud.id WHERE u.id in ( ? , ? , ? , ? )
11:24:42.809-[LAPTOP-FPFPK7D7][e5435195163b4634a6bd57a78782a9af]--DEBUG 35348 --- [nio-8082-exec-1] c.t.u.m.UserDetailMapper.queryByIds      : ==>  Preparing: SELECT u.cell_phone, u.status, u.create_time, u.update_time, u.creater, u.updater, u.id, u.username, ud.type, ud.name, ud.gender, ud.icon, ud.email, ud.qq, ud.birthday, ud.job, ud.province, ud.city, ud.district, ud.intro, ud.photo, ud.role_id FROM `user` u LEFT JOIN user_detail ud ON u.id = ud.id WHERE u.id in ( ? )
11:24:42.810-[LAPTOP-FPFPK7D7][e5435195163b4634a6bd57a78782a9af]--DEBUG 35348 --- [nio-8082-exec-1] c.t.u.m.UserDetailMapper.queryByIds      : ==> Parameters: 1548940921662365698(Long)
11:24:42.810-[LAPTOP-FPFPK7D7][1ed2e5071133491e874d0dc4bf31dcdb]--DEBUG 35348 --- [nio-8082-exec-4] c.t.u.m.UserDetailMapper.queryByIds      : ==> Parameters: 1549358501685448706(Long), 1548889371405492225(Long), 1548940921662365698(Long), 1549358967710371842(Long)
11:24:42.810-[LAPTOP-FPFPK7D7][461b2fb4199a43d08f77590b49bcb9c3]--DEBUG 35348 --- [nio-8082-exec-3] c.t.u.m.UserDetailMapper.queryByIds      : ==> Parameters: 1548889371405492225(Long), 1548940921662365698(Long), 1548941239125041153(Long), 1549358967710371842(Long)
11:24:42.815-[LAPTOP-FPFPK7D7][e5435195163b4634a6bd57a78782a9af]--DEBUG 35348 --- [nio-8082-exec-1] c.t.u.m.UserDetailMapper.queryByIds      : <==      Total: 1
11:24:42.815-[LAPTOP-FPFPK7D7][461b2fb4199a43d08f77590b49bcb9c3]--DEBUG 35348 --- [nio-8082-exec-3] c.t.u.m.UserDetailMapper.queryByIds      : <==      Total: 4
11:24:42.815-[LAPTOP-FPFPK7D7][1ed2e5071133491e874d0dc4bf31dcdb]--DEBUG 35348 --- [nio-8082-exec-4] c.t.u.m.UserDetailMapper.queryByIds      : <==      Total: 4
11:24:42.874-[LAPTOP-FPFPK7D7][f45c3cfb77094385948e1e6e4745324b]--DEBUG 35348 --- [nio-8082-exec-9] c.t.u.m.UserDetailMapper.queryByIds      : ==>  Preparing: SELECT u.cell_phone, u.status, u.create_time, u.update_time, u.creater, u.updater, u.id, u.username, ud.type, ud.name, ud.gender, ud.icon, ud.email, ud.qq, ud.birthday, ud.job, ud.province, ud.city, ud.district, ud.intro, ud.photo, ud.role_id FROM `user` u LEFT JOIN user_detail ud ON u.id = ud.id WHERE u.id in ( ? )
11:24:42.875-[LAPTOP-FPFPK7D7][f45c3cfb77094385948e1e6e4745324b]--DEBUG 35348 --- [nio-8082-exec-9] c.t.u.m.UserDetailMapper.queryByIds      : ==> Parameters: 1548940921662365698(Long)
11:24:42.878-[LAPTOP-FPFPK7D7][f45c3cfb77094385948e1e6e4745324b]--DEBUG 35348 --- [nio-8082-exec-9] c.t.u.m.UserDetailMapper.queryByIds      : <==      Total: 1
13:58:51.425-[LAPTOP-FPFPK7D7][sys]-- WARN 35348 --- [l-1 housekeeper] com.zaxxer.hikari.pool.HikariPool        : HikariPool-1 - Thread starvation or clock leap detected (housekeeper delta=1h37m52s337ms471µs900ns).
15:03:05.790-[LAPTOP-FPFPK7D7][c561f683c95d46099e6a70300cb4240a]--DEBUG 35348 --- [io-8082-exec-10] c.t.u.m.UserDetailMapper.queryByIds      : ==>  Preparing: SELECT u.cell_phone, u.status, u.create_time, u.update_time, u.creater, u.updater, u.id, u.username, ud.type, ud.name, ud.gender, ud.icon, ud.email, ud.qq, ud.birthday, ud.job, ud.province, ud.city, ud.district, ud.intro, ud.photo, ud.role_id FROM `user` u LEFT JOIN user_detail ud ON u.id = ud.id WHERE u.id in ( ? )
15:03:05.790-[LAPTOP-FPFPK7D7][0c16731f847648bc87e2f2180f766dc5]--DEBUG 35348 --- [nio-8082-exec-8] c.t.u.m.UserDetailMapper.queryByIds      : ==>  Preparing: SELECT u.cell_phone, u.status, u.create_time, u.update_time, u.creater, u.updater, u.id, u.username, ud.type, ud.name, ud.gender, ud.icon, ud.email, ud.qq, ud.birthday, ud.job, ud.province, ud.city, ud.district, ud.intro, ud.photo, ud.role_id FROM `user` u LEFT JOIN user_detail ud ON u.id = ud.id WHERE u.id in ( ? , ? , ? , ? )
15:03:05.795-[LAPTOP-FPFPK7D7][040d5a4eda4649298105936aabc06275]--DEBUG 35348 --- [nio-8082-exec-7] c.t.u.m.UserDetailMapper.queryByIds      : ==>  Preparing: SELECT u.cell_phone, u.status, u.create_time, u.update_time, u.creater, u.updater, u.id, u.username, ud.type, ud.name, ud.gender, ud.icon, ud.email, ud.qq, ud.birthday, ud.job, ud.province, ud.city, ud.district, ud.intro, ud.photo, ud.role_id FROM `user` u LEFT JOIN user_detail ud ON u.id = ud.id WHERE u.id in ( ? , ? , ? , ? )
15:03:05.815-[LAPTOP-FPFPK7D7][040d5a4eda4649298105936aabc06275]--DEBUG 35348 --- [nio-8082-exec-7] c.t.u.m.UserDetailMapper.queryByIds      : ==> Parameters: 1549358501685448706(Long), 1548889371405492225(Long), 1548940921662365698(Long), 1549358967710371842(Long)
15:03:05.815-[LAPTOP-FPFPK7D7][c561f683c95d46099e6a70300cb4240a]--DEBUG 35348 --- [io-8082-exec-10] c.t.u.m.UserDetailMapper.queryByIds      : ==> Parameters: 1548940921662365698(Long)
15:03:05.815-[LAPTOP-FPFPK7D7][0c16731f847648bc87e2f2180f766dc5]--DEBUG 35348 --- [nio-8082-exec-8] c.t.u.m.UserDetailMapper.queryByIds      : ==> Parameters: 1548889371405492225(Long), 1565885870605664257(Long), 1548941239125041153(Long), 1549358967710371842(Long)
15:03:05.863-[LAPTOP-FPFPK7D7][c561f683c95d46099e6a70300cb4240a]--DEBUG 35348 --- [io-8082-exec-10] c.t.u.m.UserDetailMapper.queryByIds      : <==      Total: 1
15:03:05.864-[LAPTOP-FPFPK7D7][040d5a4eda4649298105936aabc06275]--DEBUG 35348 --- [nio-8082-exec-7] c.t.u.m.UserDetailMapper.queryByIds      : <==      Total: 4
15:03:05.867-[LAPTOP-FPFPK7D7][0c16731f847648bc87e2f2180f766dc5]--DEBUG 35348 --- [nio-8082-exec-8] c.t.u.m.UserDetailMapper.queryByIds      : <==      Total: 4
15:03:09.567-[LAPTOP-FPFPK7D7][998cf7f6b95244778edf42cfd390453f]--DEBUG 35348 --- [nio-8082-exec-4] c.t.user.mapper.UserMapper.selectList    : ==>  Preparing: SELECT id,username,cell_phone,password,status,type,create_time,update_time,creater,updater FROM user WHERE (username = ?)
15:03:09.569-[LAPTOP-FPFPK7D7][998cf7f6b95244778edf42cfd390453f]--DEBUG 35348 --- [nio-8082-exec-4] c.t.user.mapper.UserMapper.selectList    : ==> Parameters: jack(String)
15:03:09.576-[LAPTOP-FPFPK7D7][998cf7f6b95244778edf42cfd390453f]--DEBUG 35348 --- [nio-8082-exec-4] c.t.user.mapper.UserMapper.selectList    : <==      Total: 1
15:03:09.777-[LAPTOP-FPFPK7D7][3179eff27d824dfebe195b7e5f47df08]--DEBUG 35348 --- [nio-8082-exec-1] c.t.u.mapper.UserDetailMapper.queryById  : ==>  Preparing: SELECT u.cell_phone, u.status, u.create_time, u.update_time, u.creater, u.updater, u.id, u.username, ud.type, ud.name, ud.gender, ud.icon, ud.email, ud.qq, ud.birthday, ud.job, ud.province, ud.city, ud.district, ud.intro, ud.photo, ud.role_id FROM `user` u LEFT JOIN user_detail ud ON u.id = ud.id WHERE u.id = ?
15:03:09.777-[LAPTOP-FPFPK7D7][3179eff27d824dfebe195b7e5f47df08]--DEBUG 35348 --- [nio-8082-exec-1] c.t.u.mapper.UserDetailMapper.queryById  : ==> Parameters: 2(Long)
15:03:09.783-[LAPTOP-FPFPK7D7][3179eff27d824dfebe195b7e5f47df08]--DEBUG 35348 --- [nio-8082-exec-1] c.t.u.mapper.UserDetailMapper.queryById  : <==      Total: 1
15:03:09.970-[LAPTOP-FPFPK7D7][f2d0f099dd8f49049457539eafd6cf37]--DEBUG 35348 --- [nio-8082-exec-3] c.t.u.m.UserDetailMapper.queryByIds      : ==>  Preparing: SELECT u.cell_phone, u.status, u.create_time, u.update_time, u.creater, u.updater, u.id, u.username, ud.type, ud.name, ud.gender, ud.icon, ud.email, ud.qq, ud.birthday, ud.job, ud.province, ud.city, ud.district, ud.intro, ud.photo, ud.role_id FROM `user` u LEFT JOIN user_detail ud ON u.id = ud.id WHERE u.id in ( ? )
15:03:09.970-[LAPTOP-FPFPK7D7][f2d0f099dd8f49049457539eafd6cf37]--DEBUG 35348 --- [nio-8082-exec-3] c.t.u.m.UserDetailMapper.queryByIds      : ==> Parameters: 1548940921662365698(Long)
15:03:09.973-[LAPTOP-FPFPK7D7][f2d0f099dd8f49049457539eafd6cf37]--DEBUG 35348 --- [nio-8082-exec-3] c.t.u.m.UserDetailMapper.queryByIds      : <==      Total: 1
15:03:09.976-[LAPTOP-FPFPK7D7][a11e3bf2a1184003acd43c3e205f6d90]--DEBUG 35348 --- [nio-8082-exec-9] c.t.u.m.UserDetailMapper.queryByIds      : ==>  Preparing: SELECT u.cell_phone, u.status, u.create_time, u.update_time, u.creater, u.updater, u.id, u.username, ud.type, ud.name, ud.gender, ud.icon, ud.email, ud.qq, ud.birthday, ud.job, ud.province, ud.city, ud.district, ud.intro, ud.photo, ud.role_id FROM `user` u LEFT JOIN user_detail ud ON u.id = ud.id WHERE u.id in ( ? , ? , ? , ? )
15:03:09.977-[LAPTOP-FPFPK7D7][a11e3bf2a1184003acd43c3e205f6d90]--DEBUG 35348 --- [nio-8082-exec-9] c.t.u.m.UserDetailMapper.queryByIds      : ==> Parameters: 1548889371405492225(Long), 1548940921662365698(Long), 1548941239125041153(Long), 1549358967710371842(Long)
15:03:09.981-[LAPTOP-FPFPK7D7][a11e3bf2a1184003acd43c3e205f6d90]--DEBUG 35348 --- [nio-8082-exec-9] c.t.u.m.UserDetailMapper.queryByIds      : <==      Total: 4
15:03:09.981-[LAPTOP-FPFPK7D7][185fa8e12e174e3ea371208a5fe219fb]--DEBUG 35348 --- [nio-8082-exec-5] c.t.u.m.UserDetailMapper.queryByIds      : ==>  Preparing: SELECT u.cell_phone, u.status, u.create_time, u.update_time, u.creater, u.updater, u.id, u.username, ud.type, ud.name, ud.gender, ud.icon, ud.email, ud.qq, ud.birthday, ud.job, ud.province, ud.city, ud.district, ud.intro, ud.photo, ud.role_id FROM `user` u LEFT JOIN user_detail ud ON u.id = ud.id WHERE u.id in ( ? , ? , ? , ? )
15:03:09.982-[LAPTOP-FPFPK7D7][185fa8e12e174e3ea371208a5fe219fb]--DEBUG 35348 --- [nio-8082-exec-5] c.t.u.m.UserDetailMapper.queryByIds      : ==> Parameters: 1549358501685448706(Long), 1548889371405492225(Long), 1548940921662365698(Long), 1549358967710371842(Long)
15:03:09.985-[LAPTOP-FPFPK7D7][185fa8e12e174e3ea371208a5fe219fb]--DEBUG 35348 --- [nio-8082-exec-5] c.t.u.m.UserDetailMapper.queryByIds      : <==      Total: 4
15:03:10.125-[LAPTOP-FPFPK7D7][743041dbe9de47eea1ef31f12495b905]--DEBUG 35348 --- [nio-8082-exec-2] c.t.u.m.UserDetailMapper.queryByIds      : ==>  Preparing: SELECT u.cell_phone, u.status, u.create_time, u.update_time, u.creater, u.updater, u.id, u.username, ud.type, ud.name, ud.gender, ud.icon, ud.email, ud.qq, ud.birthday, ud.job, ud.province, ud.city, ud.district, ud.intro, ud.photo, ud.role_id FROM `user` u LEFT JOIN user_detail ud ON u.id = ud.id WHERE u.id in ( ? )
15:03:10.125-[LAPTOP-FPFPK7D7][743041dbe9de47eea1ef31f12495b905]--DEBUG 35348 --- [nio-8082-exec-2] c.t.u.m.UserDetailMapper.queryByIds      : ==> Parameters: 1548940921662365698(Long)
15:03:10.127-[LAPTOP-FPFPK7D7][743041dbe9de47eea1ef31f12495b905]--DEBUG 35348 --- [nio-8082-exec-2] c.t.u.m.UserDetailMapper.queryByIds      : <==      Total: 1
15:03:21.016-[LAPTOP-FPFPK7D7][737445a9ebe740608ea04ad49f649afb]--DEBUG 35348 --- [nio-8082-exec-6] c.t.u.m.UserDetailMapper.queryByIds      : ==>  Preparing: SELECT u.cell_phone, u.status, u.create_time, u.update_time, u.creater, u.updater, u.id, u.username, ud.type, ud.name, ud.gender, ud.icon, ud.email, ud.qq, ud.birthday, ud.job, ud.province, ud.city, ud.district, ud.intro, ud.photo, ud.role_id FROM `user` u LEFT JOIN user_detail ud ON u.id = ud.id WHERE u.id in ( ? )
15:03:21.017-[LAPTOP-FPFPK7D7][737445a9ebe740608ea04ad49f649afb]--DEBUG 35348 --- [nio-8082-exec-6] c.t.u.m.UserDetailMapper.queryByIds      : ==> Parameters: 1548940921662365698(Long)
15:03:21.020-[LAPTOP-FPFPK7D7][737445a9ebe740608ea04ad49f649afb]--DEBUG 35348 --- [nio-8082-exec-6] c.t.u.m.UserDetailMapper.queryByIds      : <==      Total: 1
15:03:21.039-[LAPTOP-FPFPK7D7][340b9d21b1cf4fde9010106ebd5a8828]--DEBUG 35348 --- [nio-8082-exec-8] c.t.u.m.UserDetailMapper.queryByIds      : ==>  Preparing: SELECT u.cell_phone, u.status, u.create_time, u.update_time, u.creater, u.updater, u.id, u.username, ud.type, ud.name, ud.gender, ud.icon, ud.email, ud.qq, ud.birthday, ud.job, ud.province, ud.city, ud.district, ud.intro, ud.photo, ud.role_id FROM `user` u LEFT JOIN user_detail ud ON u.id = ud.id WHERE u.id in ( ? , ? , ? , ? )
15:03:21.040-[LAPTOP-FPFPK7D7][340b9d21b1cf4fde9010106ebd5a8828]--DEBUG 35348 --- [nio-8082-exec-8] c.t.u.m.UserDetailMapper.queryByIds      : ==> Parameters: 1548889371405492225(Long), 1548940921662365698(Long), 1548941239125041153(Long), 1549358967710371842(Long)
15:03:21.044-[LAPTOP-FPFPK7D7][340b9d21b1cf4fde9010106ebd5a8828]--DEBUG 35348 --- [nio-8082-exec-8] c.t.u.m.UserDetailMapper.queryByIds      : <==      Total: 4
15:03:21.053-[LAPTOP-FPFPK7D7][082e511ea0c14373821c762b1b21c2d3]--DEBUG 35348 --- [nio-8082-exec-7] c.t.u.m.UserDetailMapper.queryByIds      : ==>  Preparing: SELECT u.cell_phone, u.status, u.create_time, u.update_time, u.creater, u.updater, u.id, u.username, ud.type, ud.name, ud.gender, ud.icon, ud.email, ud.qq, ud.birthday, ud.job, ud.province, ud.city, ud.district, ud.intro, ud.photo, ud.role_id FROM `user` u LEFT JOIN user_detail ud ON u.id = ud.id WHERE u.id in ( ? , ? , ? , ? )
15:03:21.053-[LAPTOP-FPFPK7D7][082e511ea0c14373821c762b1b21c2d3]--DEBUG 35348 --- [nio-8082-exec-7] c.t.u.m.UserDetailMapper.queryByIds      : ==> Parameters: 1549358501685448706(Long), 1548889371405492225(Long), 1548940921662365698(Long), 1549358967710371842(Long)
15:03:21.055-[LAPTOP-FPFPK7D7][7913426b45dc40a7ac4272d9cb1c7ae7]--DEBUG 35348 --- [io-8082-exec-10] c.t.u.m.UserDetailMapper.queryByIds      : ==>  Preparing: SELECT u.cell_phone, u.status, u.create_time, u.update_time, u.creater, u.updater, u.id, u.username, ud.type, ud.name, ud.gender, ud.icon, ud.email, ud.qq, ud.birthday, ud.job, ud.province, ud.city, ud.district, ud.intro, ud.photo, ud.role_id FROM `user` u LEFT JOIN user_detail ud ON u.id = ud.id WHERE u.id in ( ? )
15:03:21.055-[LAPTOP-FPFPK7D7][082e511ea0c14373821c762b1b21c2d3]--DEBUG 35348 --- [nio-8082-exec-7] c.t.u.m.UserDetailMapper.queryByIds      : <==      Total: 4
15:03:21.055-[LAPTOP-FPFPK7D7][7913426b45dc40a7ac4272d9cb1c7ae7]--DEBUG 35348 --- [io-8082-exec-10] c.t.u.m.UserDetailMapper.queryByIds      : ==> Parameters: 1548940921662365698(Long)
15:03:21.058-[LAPTOP-FPFPK7D7][7913426b45dc40a7ac4272d9cb1c7ae7]--DEBUG 35348 --- [io-8082-exec-10] c.t.u.m.UserDetailMapper.queryByIds      : <==      Total: 1
15:03:46.212-[LAPTOP-FPFPK7D7][d55fd4abf6cb4a598ca98a0d7bed58f9]--DEBUG 35348 --- [nio-8082-exec-4] c.t.u.m.UserDetailMapper.queryByIds      : ==>  Preparing: SELECT u.cell_phone, u.status, u.create_time, u.update_time, u.creater, u.updater, u.id, u.username, ud.type, ud.name, ud.gender, ud.icon, ud.email, ud.qq, ud.birthday, ud.job, ud.province, ud.city, ud.district, ud.intro, ud.photo, ud.role_id FROM `user` u LEFT JOIN user_detail ud ON u.id = ud.id WHERE u.id in ( ? )
15:03:46.213-[LAPTOP-FPFPK7D7][d55fd4abf6cb4a598ca98a0d7bed58f9]--DEBUG 35348 --- [nio-8082-exec-4] c.t.u.m.UserDetailMapper.queryByIds      : ==> Parameters: 1(Long)
15:03:46.214-[LAPTOP-FPFPK7D7][d55fd4abf6cb4a598ca98a0d7bed58f9]--DEBUG 35348 --- [nio-8082-exec-4] c.t.u.m.UserDetailMapper.queryByIds      : <==      Total: 1
15:03:46.352-[LAPTOP-FPFPK7D7][cf30bfb5fb8541dea7447ea6148c6c09]--DEBUG 35348 --- [nio-8082-exec-1] c.t.u.m.UserDetailMapper.queryByIds      : ==>  Preparing: SELECT u.cell_phone, u.status, u.create_time, u.update_time, u.creater, u.updater, u.id, u.username, ud.type, ud.name, ud.gender, ud.icon, ud.email, ud.qq, ud.birthday, ud.job, ud.province, ud.city, ud.district, ud.intro, ud.photo, ud.role_id FROM `user` u LEFT JOIN user_detail ud ON u.id = ud.id WHERE u.id in ( ? )
15:03:46.352-[LAPTOP-FPFPK7D7][cf30bfb5fb8541dea7447ea6148c6c09]--DEBUG 35348 --- [nio-8082-exec-1] c.t.u.m.UserDetailMapper.queryByIds      : ==> Parameters: 1548940921662365698(Long)
15:03:46.354-[LAPTOP-FPFPK7D7][cf30bfb5fb8541dea7447ea6148c6c09]--DEBUG 35348 --- [nio-8082-exec-1] c.t.u.m.UserDetailMapper.queryByIds      : <==      Total: 1
15:03:47.797-[LAPTOP-FPFPK7D7][5e33d82cc31a4ce6b68f9f3a49818c1d]--DEBUG 35348 --- [nio-8082-exec-3] c.t.u.m.UserDetailMapper.queryByIds      : ==>  Preparing: SELECT u.cell_phone, u.status, u.create_time, u.update_time, u.creater, u.updater, u.id, u.username, ud.type, ud.name, ud.gender, ud.icon, ud.email, ud.qq, ud.birthday, ud.job, ud.province, ud.city, ud.district, ud.intro, ud.photo, ud.role_id FROM `user` u LEFT JOIN user_detail ud ON u.id = ud.id WHERE u.id in ( ? )
15:03:47.797-[LAPTOP-FPFPK7D7][5e33d82cc31a4ce6b68f9f3a49818c1d]--DEBUG 35348 --- [nio-8082-exec-3] c.t.u.m.UserDetailMapper.queryByIds      : ==> Parameters: 2(Long)
15:03:47.799-[LAPTOP-FPFPK7D7][5e33d82cc31a4ce6b68f9f3a49818c1d]--DEBUG 35348 --- [nio-8082-exec-3] c.t.u.m.UserDetailMapper.queryByIds      : <==      Total: 1
15:04:30.005-[LAPTOP-FPFPK7D7][2f4d04108552466eba8b0498065d3ce2]--DEBUG 35348 --- [nio-8082-exec-7] c.t.u.m.UserDetailMapper.queryByIds      : ==>  Preparing: SELECT u.cell_phone, u.status, u.create_time, u.update_time, u.creater, u.updater, u.id, u.username, ud.type, ud.name, ud.gender, ud.icon, ud.email, ud.qq, ud.birthday, ud.job, ud.province, ud.city, ud.district, ud.intro, ud.photo, ud.role_id FROM `user` u LEFT JOIN user_detail ud ON u.id = ud.id WHERE u.id in ( ? )
15:04:30.005-[LAPTOP-FPFPK7D7][2f4d04108552466eba8b0498065d3ce2]--DEBUG 35348 --- [nio-8082-exec-7] c.t.u.m.UserDetailMapper.queryByIds      : ==> Parameters: 1(Long)
15:04:30.006-[LAPTOP-FPFPK7D7][2f4d04108552466eba8b0498065d3ce2]--DEBUG 35348 --- [nio-8082-exec-7] c.t.u.m.UserDetailMapper.queryByIds      : <==      Total: 1
15:04:30.039-[LAPTOP-FPFPK7D7][ede1286b6ac04173b721e5191fae3fbb]--DEBUG 35348 --- [io-8082-exec-10] c.t.u.m.UserDetailMapper.queryByIds      : ==>  Preparing: SELECT u.cell_phone, u.status, u.create_time, u.update_time, u.creater, u.updater, u.id, u.username, ud.type, ud.name, ud.gender, ud.icon, ud.email, ud.qq, ud.birthday, ud.job, ud.province, ud.city, ud.district, ud.intro, ud.photo, ud.role_id FROM `user` u LEFT JOIN user_detail ud ON u.id = ud.id WHERE u.id in ( ? )
15:04:30.040-[LAPTOP-FPFPK7D7][ede1286b6ac04173b721e5191fae3fbb]--DEBUG 35348 --- [io-8082-exec-10] c.t.u.m.UserDetailMapper.queryByIds      : ==> Parameters: 1548940921662365698(Long)
15:04:30.042-[LAPTOP-FPFPK7D7][ede1286b6ac04173b721e5191fae3fbb]--DEBUG 35348 --- [io-8082-exec-10] c.t.u.m.UserDetailMapper.queryByIds      : <==      Total: 1
15:04:30.210-[LAPTOP-FPFPK7D7][76a4abac58584328b15d14c23a7fc9b3]--DEBUG 35348 --- [nio-8082-exec-4] c.t.u.m.UserDetailMapper.queryByIds      : ==>  Preparing: SELECT u.cell_phone, u.status, u.create_time, u.update_time, u.creater, u.updater, u.id, u.username, ud.type, ud.name, ud.gender, ud.icon, ud.email, ud.qq, ud.birthday, ud.job, ud.province, ud.city, ud.district, ud.intro, ud.photo, ud.role_id FROM `user` u LEFT JOIN user_detail ud ON u.id = ud.id WHERE u.id in ( ? )
15:04:30.211-[LAPTOP-FPFPK7D7][76a4abac58584328b15d14c23a7fc9b3]--DEBUG 35348 --- [nio-8082-exec-4] c.t.u.m.UserDetailMapper.queryByIds      : ==> Parameters: 2(Long)
15:04:30.213-[LAPTOP-FPFPK7D7][76a4abac58584328b15d14c23a7fc9b3]--DEBUG 35348 --- [nio-8082-exec-4] c.t.u.m.UserDetailMapper.queryByIds      : <==      Total: 1
15:04:34.517-[LAPTOP-FPFPK7D7][dcb8d2aad1c140ad85864e69ba0a77e9]--DEBUG 35348 --- [nio-8082-exec-1] c.t.u.m.UserDetailMapper.queryByIds      : ==>  Preparing: SELECT u.cell_phone, u.status, u.create_time, u.update_time, u.creater, u.updater, u.id, u.username, ud.type, ud.name, ud.gender, ud.icon, ud.email, ud.qq, ud.birthday, ud.job, ud.province, ud.city, ud.district, ud.intro, ud.photo, ud.role_id FROM `user` u LEFT JOIN user_detail ud ON u.id = ud.id WHERE u.id in ( ? )
15:04:34.517-[LAPTOP-FPFPK7D7][dcb8d2aad1c140ad85864e69ba0a77e9]--DEBUG 35348 --- [nio-8082-exec-1] c.t.u.m.UserDetailMapper.queryByIds      : ==> Parameters: 1(Long)
15:04:34.518-[LAPTOP-FPFPK7D7][dcb8d2aad1c140ad85864e69ba0a77e9]--DEBUG 35348 --- [nio-8082-exec-1] c.t.u.m.UserDetailMapper.queryByIds      : <==      Total: 1
15:04:34.552-[LAPTOP-FPFPK7D7][0cf8ee88e7824efa98c7d62f177a1eb7]--DEBUG 35348 --- [nio-8082-exec-3] c.t.u.m.UserDetailMapper.queryByIds      : ==>  Preparing: SELECT u.cell_phone, u.status, u.create_time, u.update_time, u.creater, u.updater, u.id, u.username, ud.type, ud.name, ud.gender, ud.icon, ud.email, ud.qq, ud.birthday, ud.job, ud.province, ud.city, ud.district, ud.intro, ud.photo, ud.role_id FROM `user` u LEFT JOIN user_detail ud ON u.id = ud.id WHERE u.id in ( ? )
15:04:34.552-[LAPTOP-FPFPK7D7][0cf8ee88e7824efa98c7d62f177a1eb7]--DEBUG 35348 --- [nio-8082-exec-3] c.t.u.m.UserDetailMapper.queryByIds      : ==> Parameters: 1548940921662365698(Long)
15:04:34.555-[LAPTOP-FPFPK7D7][0cf8ee88e7824efa98c7d62f177a1eb7]--DEBUG 35348 --- [nio-8082-exec-3] c.t.u.m.UserDetailMapper.queryByIds      : <==      Total: 1
15:04:34.691-[LAPTOP-FPFPK7D7][fd32c105bfbd4cfeb4a59f18f25d7716]--DEBUG 35348 --- [nio-8082-exec-9] c.t.u.m.UserDetailMapper.queryByIds      : ==>  Preparing: SELECT u.cell_phone, u.status, u.create_time, u.update_time, u.creater, u.updater, u.id, u.username, ud.type, ud.name, ud.gender, ud.icon, ud.email, ud.qq, ud.birthday, ud.job, ud.province, ud.city, ud.district, ud.intro, ud.photo, ud.role_id FROM `user` u LEFT JOIN user_detail ud ON u.id = ud.id WHERE u.id in ( ? )
15:04:34.692-[LAPTOP-FPFPK7D7][fd32c105bfbd4cfeb4a59f18f25d7716]--DEBUG 35348 --- [nio-8082-exec-9] c.t.u.m.UserDetailMapper.queryByIds      : ==> Parameters: 2(Long)
15:04:34.695-[LAPTOP-FPFPK7D7][fd32c105bfbd4cfeb4a59f18f25d7716]--DEBUG 35348 --- [nio-8082-exec-9] c.t.u.m.UserDetailMapper.queryByIds      : <==      Total: 1
15:04:41.345-[LAPTOP-FPFPK7D7][950215ecb8d9433a88f5ad8ed1c921ea]--DEBUG 35348 --- [nio-8082-exec-5] c.t.u.m.UserDetailMapper.queryByIds      : ==>  Preparing: SELECT u.cell_phone, u.status, u.create_time, u.update_time, u.creater, u.updater, u.id, u.username, ud.type, ud.name, ud.gender, ud.icon, ud.email, ud.qq, ud.birthday, ud.job, ud.province, ud.city, ud.district, ud.intro, ud.photo, ud.role_id FROM `user` u LEFT JOIN user_detail ud ON u.id = ud.id WHERE u.id in ( ? )
15:04:41.345-[LAPTOP-FPFPK7D7][950215ecb8d9433a88f5ad8ed1c921ea]--DEBUG 35348 --- [nio-8082-exec-5] c.t.u.m.UserDetailMapper.queryByIds      : ==> Parameters: 1(Long)
15:04:41.347-[LAPTOP-FPFPK7D7][950215ecb8d9433a88f5ad8ed1c921ea]--DEBUG 35348 --- [nio-8082-exec-5] c.t.u.m.UserDetailMapper.queryByIds      : <==      Total: 1
15:04:41.372-[LAPTOP-FPFPK7D7][6bb1f2e7905e4f5f95a691726e1c41f1]--DEBUG 35348 --- [nio-8082-exec-2] c.t.u.m.UserDetailMapper.queryByIds      : ==>  Preparing: SELECT u.cell_phone, u.status, u.create_time, u.update_time, u.creater, u.updater, u.id, u.username, ud.type, ud.name, ud.gender, ud.icon, ud.email, ud.qq, ud.birthday, ud.job, ud.province, ud.city, ud.district, ud.intro, ud.photo, ud.role_id FROM `user` u LEFT JOIN user_detail ud ON u.id = ud.id WHERE u.id in ( ? )
15:04:41.373-[LAPTOP-FPFPK7D7][6bb1f2e7905e4f5f95a691726e1c41f1]--DEBUG 35348 --- [nio-8082-exec-2] c.t.u.m.UserDetailMapper.queryByIds      : ==> Parameters: 1548940921662365698(Long)
15:04:41.375-[LAPTOP-FPFPK7D7][6bb1f2e7905e4f5f95a691726e1c41f1]--DEBUG 35348 --- [nio-8082-exec-2] c.t.u.m.UserDetailMapper.queryByIds      : <==      Total: 1
15:04:41.496-[LAPTOP-FPFPK7D7][4ae24b37aae4417dbd345f825a02b63a]--DEBUG 35348 --- [nio-8082-exec-6] c.t.u.m.UserDetailMapper.queryByIds      : ==>  Preparing: SELECT u.cell_phone, u.status, u.create_time, u.update_time, u.creater, u.updater, u.id, u.username, ud.type, ud.name, ud.gender, ud.icon, ud.email, ud.qq, ud.birthday, ud.job, ud.province, ud.city, ud.district, ud.intro, ud.photo, ud.role_id FROM `user` u LEFT JOIN user_detail ud ON u.id = ud.id WHERE u.id in ( ? )
15:04:41.497-[LAPTOP-FPFPK7D7][4ae24b37aae4417dbd345f825a02b63a]--DEBUG 35348 --- [nio-8082-exec-6] c.t.u.m.UserDetailMapper.queryByIds      : ==> Parameters: 2(Long)
15:04:41.498-[LAPTOP-FPFPK7D7][4ae24b37aae4417dbd345f825a02b63a]--DEBUG 35348 --- [nio-8082-exec-6] c.t.u.m.UserDetailMapper.queryByIds      : <==      Total: 1
15:04:44.950-[LAPTOP-FPFPK7D7][50fd3cbc1a6c4418999a0ba8d683a3f5]--DEBUG 35348 --- [nio-8082-exec-8] c.t.u.m.UserDetailMapper.queryByIds      : ==>  Preparing: SELECT u.cell_phone, u.status, u.create_time, u.update_time, u.creater, u.updater, u.id, u.username, ud.type, ud.name, ud.gender, ud.icon, ud.email, ud.qq, ud.birthday, ud.job, ud.province, ud.city, ud.district, ud.intro, ud.photo, ud.role_id FROM `user` u LEFT JOIN user_detail ud ON u.id = ud.id WHERE u.id in ( ? )
15:04:44.950-[LAPTOP-FPFPK7D7][50fd3cbc1a6c4418999a0ba8d683a3f5]--DEBUG 35348 --- [nio-8082-exec-8] c.t.u.m.UserDetailMapper.queryByIds      : ==> Parameters: 1(Long)
15:04:44.951-[LAPTOP-FPFPK7D7][50fd3cbc1a6c4418999a0ba8d683a3f5]--DEBUG 35348 --- [nio-8082-exec-8] c.t.u.m.UserDetailMapper.queryByIds      : <==      Total: 1
15:04:44.977-[LAPTOP-FPFPK7D7][73f75a8a147846158f2727cce7d38f74]--DEBUG 35348 --- [nio-8082-exec-7] c.t.u.m.UserDetailMapper.queryByIds      : ==>  Preparing: SELECT u.cell_phone, u.status, u.create_time, u.update_time, u.creater, u.updater, u.id, u.username, ud.type, ud.name, ud.gender, ud.icon, ud.email, ud.qq, ud.birthday, ud.job, ud.province, ud.city, ud.district, ud.intro, ud.photo, ud.role_id FROM `user` u LEFT JOIN user_detail ud ON u.id = ud.id WHERE u.id in ( ? )
15:04:44.978-[LAPTOP-FPFPK7D7][73f75a8a147846158f2727cce7d38f74]--DEBUG 35348 --- [nio-8082-exec-7] c.t.u.m.UserDetailMapper.queryByIds      : ==> Parameters: 1548940921662365698(Long)
15:04:44.979-[LAPTOP-FPFPK7D7][73f75a8a147846158f2727cce7d38f74]--DEBUG 35348 --- [nio-8082-exec-7] c.t.u.m.UserDetailMapper.queryByIds      : <==      Total: 1
15:04:45.105-[LAPTOP-FPFPK7D7][9dcde72bfd924c75b2de1dd02ddea548]--DEBUG 35348 --- [io-8082-exec-10] c.t.u.m.UserDetailMapper.queryByIds      : ==>  Preparing: SELECT u.cell_phone, u.status, u.create_time, u.update_time, u.creater, u.updater, u.id, u.username, ud.type, ud.name, ud.gender, ud.icon, ud.email, ud.qq, ud.birthday, ud.job, ud.province, ud.city, ud.district, ud.intro, ud.photo, ud.role_id FROM `user` u LEFT JOIN user_detail ud ON u.id = ud.id WHERE u.id in ( ? )
15:04:45.105-[LAPTOP-FPFPK7D7][9dcde72bfd924c75b2de1dd02ddea548]--DEBUG 35348 --- [io-8082-exec-10] c.t.u.m.UserDetailMapper.queryByIds      : ==> Parameters: 2(Long)
15:04:45.107-[LAPTOP-FPFPK7D7][9dcde72bfd924c75b2de1dd02ddea548]--DEBUG 35348 --- [io-8082-exec-10] c.t.u.m.UserDetailMapper.queryByIds      : <==      Total: 1
15:04:49.867-[LAPTOP-FPFPK7D7][3f0305c922a749c49706240fbc15eafc]--DEBUG 35348 --- [nio-8082-exec-4] c.t.u.m.UserDetailMapper.queryByIds      : ==>  Preparing: SELECT u.cell_phone, u.status, u.create_time, u.update_time, u.creater, u.updater, u.id, u.username, ud.type, ud.name, ud.gender, ud.icon, ud.email, ud.qq, ud.birthday, ud.job, ud.province, ud.city, ud.district, ud.intro, ud.photo, ud.role_id FROM `user` u LEFT JOIN user_detail ud ON u.id = ud.id WHERE u.id in ( ? )
15:04:49.867-[LAPTOP-FPFPK7D7][3f0305c922a749c49706240fbc15eafc]--DEBUG 35348 --- [nio-8082-exec-4] c.t.u.m.UserDetailMapper.queryByIds      : ==> Parameters: 2(Long)
15:04:49.868-[LAPTOP-FPFPK7D7][3f0305c922a749c49706240fbc15eafc]--DEBUG 35348 --- [nio-8082-exec-4] c.t.u.m.UserDetailMapper.queryByIds      : <==      Total: 1
15:04:53.461-[LAPTOP-FPFPK7D7][1b35516dd794412f8d0c950e140b75a1]--DEBUG 35348 --- [nio-8082-exec-1] c.t.u.m.UserDetailMapper.queryByIds      : ==>  Preparing: SELECT u.cell_phone, u.status, u.create_time, u.update_time, u.creater, u.updater, u.id, u.username, ud.type, ud.name, ud.gender, ud.icon, ud.email, ud.qq, ud.birthday, ud.job, ud.province, ud.city, ud.district, ud.intro, ud.photo, ud.role_id FROM `user` u LEFT JOIN user_detail ud ON u.id = ud.id WHERE u.id in ( ? )
15:04:53.461-[LAPTOP-FPFPK7D7][1b35516dd794412f8d0c950e140b75a1]--DEBUG 35348 --- [nio-8082-exec-1] c.t.u.m.UserDetailMapper.queryByIds      : ==> Parameters: 2(Long)
15:04:53.464-[LAPTOP-FPFPK7D7][1b35516dd794412f8d0c950e140b75a1]--DEBUG 35348 --- [nio-8082-exec-1] c.t.u.m.UserDetailMapper.queryByIds      : <==      Total: 1
15:04:57.728-[LAPTOP-FPFPK7D7][9426265c36d442d88526fa97b79b581f]--DEBUG 35348 --- [nio-8082-exec-3] c.t.u.m.UserDetailMapper.queryByIds      : ==>  Preparing: SELECT u.cell_phone, u.status, u.create_time, u.update_time, u.creater, u.updater, u.id, u.username, ud.type, ud.name, ud.gender, ud.icon, ud.email, ud.qq, ud.birthday, ud.job, ud.province, ud.city, ud.district, ud.intro, ud.photo, ud.role_id FROM `user` u LEFT JOIN user_detail ud ON u.id = ud.id WHERE u.id in ( ? )
15:04:57.728-[LAPTOP-FPFPK7D7][9426265c36d442d88526fa97b79b581f]--DEBUG 35348 --- [nio-8082-exec-3] c.t.u.m.UserDetailMapper.queryByIds      : ==> Parameters: 1(Long)
15:04:57.731-[LAPTOP-FPFPK7D7][9426265c36d442d88526fa97b79b581f]--DEBUG 35348 --- [nio-8082-exec-3] c.t.u.m.UserDetailMapper.queryByIds      : <==      Total: 1
15:04:57.754-[LAPTOP-FPFPK7D7][831ccc45ee5244baa4e7d22c8767e69a]--DEBUG 35348 --- [nio-8082-exec-9] c.t.u.m.UserDetailMapper.queryByIds      : ==>  Preparing: SELECT u.cell_phone, u.status, u.create_time, u.update_time, u.creater, u.updater, u.id, u.username, ud.type, ud.name, ud.gender, ud.icon, ud.email, ud.qq, ud.birthday, ud.job, ud.province, ud.city, ud.district, ud.intro, ud.photo, ud.role_id FROM `user` u LEFT JOIN user_detail ud ON u.id = ud.id WHERE u.id in ( ? )
15:04:57.754-[LAPTOP-FPFPK7D7][831ccc45ee5244baa4e7d22c8767e69a]--DEBUG 35348 --- [nio-8082-exec-9] c.t.u.m.UserDetailMapper.queryByIds      : ==> Parameters: 1548940921662365698(Long)
15:04:57.756-[LAPTOP-FPFPK7D7][831ccc45ee5244baa4e7d22c8767e69a]--DEBUG 35348 --- [nio-8082-exec-9] c.t.u.m.UserDetailMapper.queryByIds      : <==      Total: 1
15:04:57.861-[LAPTOP-FPFPK7D7][d14c646b167c4b1d8004bde727ea2562]--DEBUG 35348 --- [nio-8082-exec-5] c.t.u.m.UserDetailMapper.queryByIds      : ==>  Preparing: SELECT u.cell_phone, u.status, u.create_time, u.update_time, u.creater, u.updater, u.id, u.username, ud.type, ud.name, ud.gender, ud.icon, ud.email, ud.qq, ud.birthday, ud.job, ud.province, ud.city, ud.district, ud.intro, ud.photo, ud.role_id FROM `user` u LEFT JOIN user_detail ud ON u.id = ud.id WHERE u.id in ( ? )
15:04:57.861-[LAPTOP-FPFPK7D7][d14c646b167c4b1d8004bde727ea2562]--DEBUG 35348 --- [nio-8082-exec-5] c.t.u.m.UserDetailMapper.queryByIds      : ==> Parameters: 2(Long)
15:04:57.864-[LAPTOP-FPFPK7D7][d14c646b167c4b1d8004bde727ea2562]--DEBUG 35348 --- [nio-8082-exec-5] c.t.u.m.UserDetailMapper.queryByIds      : <==      Total: 1
15:05:26.766-[LAPTOP-FPFPK7D7][fb0d02d17a9445f98db0ac7909b1442a]--DEBUG 35348 --- [nio-8082-exec-2] c.t.u.m.UserDetailMapper.queryByIds      : ==>  Preparing: SELECT u.cell_phone, u.status, u.create_time, u.update_time, u.creater, u.updater, u.id, u.username, ud.type, ud.name, ud.gender, ud.icon, ud.email, ud.qq, ud.birthday, ud.job, ud.province, ud.city, ud.district, ud.intro, ud.photo, ud.role_id FROM `user` u LEFT JOIN user_detail ud ON u.id = ud.id WHERE u.id in ( ? )
15:05:26.766-[LAPTOP-FPFPK7D7][fb0d02d17a9445f98db0ac7909b1442a]--DEBUG 35348 --- [nio-8082-exec-2] c.t.u.m.UserDetailMapper.queryByIds      : ==> Parameters: 1(Long)
15:05:26.768-[LAPTOP-FPFPK7D7][fb0d02d17a9445f98db0ac7909b1442a]--DEBUG 35348 --- [nio-8082-exec-2] c.t.u.m.UserDetailMapper.queryByIds      : <==      Total: 1
15:05:26.804-[LAPTOP-FPFPK7D7][ab7f6ee4cb5547bf8c6ea41e14dac48c]--DEBUG 35348 --- [nio-8082-exec-6] c.t.u.m.UserDetailMapper.queryByIds      : ==>  Preparing: SELECT u.cell_phone, u.status, u.create_time, u.update_time, u.creater, u.updater, u.id, u.username, ud.type, ud.name, ud.gender, ud.icon, ud.email, ud.qq, ud.birthday, ud.job, ud.province, ud.city, ud.district, ud.intro, ud.photo, ud.role_id FROM `user` u LEFT JOIN user_detail ud ON u.id = ud.id WHERE u.id in ( ? )
15:05:26.804-[LAPTOP-FPFPK7D7][ab7f6ee4cb5547bf8c6ea41e14dac48c]--DEBUG 35348 --- [nio-8082-exec-6] c.t.u.m.UserDetailMapper.queryByIds      : ==> Parameters: 1548940921662365698(Long)
15:05:26.806-[LAPTOP-FPFPK7D7][ab7f6ee4cb5547bf8c6ea41e14dac48c]--DEBUG 35348 --- [nio-8082-exec-6] c.t.u.m.UserDetailMapper.queryByIds      : <==      Total: 1
15:05:26.911-[LAPTOP-FPFPK7D7][bc0d121116f340f4ab98b7e45e936640]--DEBUG 35348 --- [nio-8082-exec-8] c.t.u.m.UserDetailMapper.queryByIds      : ==>  Preparing: SELECT u.cell_phone, u.status, u.create_time, u.update_time, u.creater, u.updater, u.id, u.username, ud.type, ud.name, ud.gender, ud.icon, ud.email, ud.qq, ud.birthday, ud.job, ud.province, ud.city, ud.district, ud.intro, ud.photo, ud.role_id FROM `user` u LEFT JOIN user_detail ud ON u.id = ud.id WHERE u.id in ( ? )
15:05:26.911-[LAPTOP-FPFPK7D7][bc0d121116f340f4ab98b7e45e936640]--DEBUG 35348 --- [nio-8082-exec-8] c.t.u.m.UserDetailMapper.queryByIds      : ==> Parameters: 2(Long)
15:05:26.912-[LAPTOP-FPFPK7D7][bc0d121116f340f4ab98b7e45e936640]--DEBUG 35348 --- [nio-8082-exec-8] c.t.u.m.UserDetailMapper.queryByIds      : <==      Total: 1
15:05:30.064-[LAPTOP-FPFPK7D7][d92533d845704737b938e1902583cd59]--DEBUG 35348 --- [nio-8082-exec-7] c.t.u.mapper.UserDetailMapper.queryById  : ==>  Preparing: SELECT u.cell_phone, u.status, u.create_time, u.update_time, u.creater, u.updater, u.id, u.username, ud.type, ud.name, ud.gender, ud.icon, ud.email, ud.qq, ud.birthday, ud.job, ud.province, ud.city, ud.district, ud.intro, ud.photo, ud.role_id FROM `user` u LEFT JOIN user_detail ud ON u.id = ud.id WHERE u.id = ?
15:05:30.065-[LAPTOP-FPFPK7D7][d92533d845704737b938e1902583cd59]--DEBUG 35348 --- [nio-8082-exec-7] c.t.u.mapper.UserDetailMapper.queryById  : ==> Parameters: 2(Long)
15:05:30.067-[LAPTOP-FPFPK7D7][d92533d845704737b938e1902583cd59]--DEBUG 35348 --- [nio-8082-exec-7] c.t.u.mapper.UserDetailMapper.queryById  : <==      Total: 1
15:06:31.298-[LAPTOP-FPFPK7D7][59ed6570fcda4bc3ab5dfa6c5efde6eb]--DEBUG 35348 --- [nio-8082-exec-1] c.t.u.m.UserDetailMapper.queryByIds      : ==>  Preparing: SELECT u.cell_phone, u.status, u.create_time, u.update_time, u.creater, u.updater, u.id, u.username, ud.type, ud.name, ud.gender, ud.icon, ud.email, ud.qq, ud.birthday, ud.job, ud.province, ud.city, ud.district, ud.intro, ud.photo, ud.role_id FROM `user` u LEFT JOIN user_detail ud ON u.id = ud.id WHERE u.id in ( ? )
15:06:31.298-[LAPTOP-FPFPK7D7][59ed6570fcda4bc3ab5dfa6c5efde6eb]--DEBUG 35348 --- [nio-8082-exec-1] c.t.u.m.UserDetailMapper.queryByIds      : ==> Parameters: 1(Long)
15:06:31.299-[LAPTOP-FPFPK7D7][59ed6570fcda4bc3ab5dfa6c5efde6eb]--DEBUG 35348 --- [nio-8082-exec-1] c.t.u.m.UserDetailMapper.queryByIds      : <==      Total: 1
15:06:31.325-[LAPTOP-FPFPK7D7][877842d2c0eb4212906f0f650c9811d4]--DEBUG 35348 --- [nio-8082-exec-3] c.t.u.m.UserDetailMapper.queryByIds      : ==>  Preparing: SELECT u.cell_phone, u.status, u.create_time, u.update_time, u.creater, u.updater, u.id, u.username, ud.type, ud.name, ud.gender, ud.icon, ud.email, ud.qq, ud.birthday, ud.job, ud.province, ud.city, ud.district, ud.intro, ud.photo, ud.role_id FROM `user` u LEFT JOIN user_detail ud ON u.id = ud.id WHERE u.id in ( ? )
15:06:31.326-[LAPTOP-FPFPK7D7][877842d2c0eb4212906f0f650c9811d4]--DEBUG 35348 --- [nio-8082-exec-3] c.t.u.m.UserDetailMapper.queryByIds      : ==> Parameters: 1548940921662365698(Long)
15:06:31.327-[LAPTOP-FPFPK7D7][877842d2c0eb4212906f0f650c9811d4]--DEBUG 35348 --- [nio-8082-exec-3] c.t.u.m.UserDetailMapper.queryByIds      : <==      Total: 1
15:06:31.815-[LAPTOP-FPFPK7D7][a0f90bdd09ba4921bb3125bc5763fad9]--DEBUG 35348 --- [nio-8082-exec-9] c.t.u.m.UserDetailMapper.queryByIds      : ==>  Preparing: SELECT u.cell_phone, u.status, u.create_time, u.update_time, u.creater, u.updater, u.id, u.username, ud.type, ud.name, ud.gender, ud.icon, ud.email, ud.qq, ud.birthday, ud.job, ud.province, ud.city, ud.district, ud.intro, ud.photo, ud.role_id FROM `user` u LEFT JOIN user_detail ud ON u.id = ud.id WHERE u.id in ( ? )
15:06:31.815-[LAPTOP-FPFPK7D7][a0f90bdd09ba4921bb3125bc5763fad9]--DEBUG 35348 --- [nio-8082-exec-9] c.t.u.m.UserDetailMapper.queryByIds      : ==> Parameters: 2(Long)
15:06:31.818-[LAPTOP-FPFPK7D7][a0f90bdd09ba4921bb3125bc5763fad9]--DEBUG 35348 --- [nio-8082-exec-9] c.t.u.m.UserDetailMapper.queryByIds      : <==      Total: 1
15:06:35.447-[LAPTOP-FPFPK7D7][1504c2f7cddb40dcbb9d597e33695a86]--DEBUG 35348 --- [nio-8082-exec-5] c.t.u.m.UserDetailMapper.queryByIds      : ==>  Preparing: SELECT u.cell_phone, u.status, u.create_time, u.update_time, u.creater, u.updater, u.id, u.username, ud.type, ud.name, ud.gender, ud.icon, ud.email, ud.qq, ud.birthday, ud.job, ud.province, ud.city, ud.district, ud.intro, ud.photo, ud.role_id FROM `user` u LEFT JOIN user_detail ud ON u.id = ud.id WHERE u.id in ( ? )
15:06:35.447-[LAPTOP-FPFPK7D7][1504c2f7cddb40dcbb9d597e33695a86]--DEBUG 35348 --- [nio-8082-exec-5] c.t.u.m.UserDetailMapper.queryByIds      : ==> Parameters: 2(Long)
15:06:35.449-[LAPTOP-FPFPK7D7][1504c2f7cddb40dcbb9d597e33695a86]--DEBUG 35348 --- [nio-8082-exec-5] c.t.u.m.UserDetailMapper.queryByIds      : <==      Total: 1
15:07:12.661-[LAPTOP-FPFPK7D7][2cb9c00b50aa4411adf817422930108c]--DEBUG 35348 --- [nio-8082-exec-2] c.t.u.m.UserDetailMapper.queryByIds      : ==>  Preparing: SELECT u.cell_phone, u.status, u.create_time, u.update_time, u.creater, u.updater, u.id, u.username, ud.type, ud.name, ud.gender, ud.icon, ud.email, ud.qq, ud.birthday, ud.job, ud.province, ud.city, ud.district, ud.intro, ud.photo, ud.role_id FROM `user` u LEFT JOIN user_detail ud ON u.id = ud.id WHERE u.id in ( ? )
15:07:12.662-[LAPTOP-FPFPK7D7][2cb9c00b50aa4411adf817422930108c]--DEBUG 35348 --- [nio-8082-exec-2] c.t.u.m.UserDetailMapper.queryByIds      : ==> Parameters: 1(Long)
15:07:12.663-[LAPTOP-FPFPK7D7][2cb9c00b50aa4411adf817422930108c]--DEBUG 35348 --- [nio-8082-exec-2] c.t.u.m.UserDetailMapper.queryByIds      : <==      Total: 1
15:07:12.684-[LAPTOP-FPFPK7D7][325d9562775b40209a4a9be28de233b1]--DEBUG 35348 --- [nio-8082-exec-6] c.t.u.m.UserDetailMapper.queryByIds      : ==>  Preparing: SELECT u.cell_phone, u.status, u.create_time, u.update_time, u.creater, u.updater, u.id, u.username, ud.type, ud.name, ud.gender, ud.icon, ud.email, ud.qq, ud.birthday, ud.job, ud.province, ud.city, ud.district, ud.intro, ud.photo, ud.role_id FROM `user` u LEFT JOIN user_detail ud ON u.id = ud.id WHERE u.id in ( ? )
15:07:12.684-[LAPTOP-FPFPK7D7][325d9562775b40209a4a9be28de233b1]--DEBUG 35348 --- [nio-8082-exec-6] c.t.u.m.UserDetailMapper.queryByIds      : ==> Parameters: 1548940921662365698(Long)
15:07:12.685-[LAPTOP-FPFPK7D7][325d9562775b40209a4a9be28de233b1]--DEBUG 35348 --- [nio-8082-exec-6] c.t.u.m.UserDetailMapper.queryByIds      : <==      Total: 1
15:07:12.791-[LAPTOP-FPFPK7D7][f12115f74a664e64a884c04bb4b850d2]--DEBUG 35348 --- [nio-8082-exec-8] c.t.u.m.UserDetailMapper.queryByIds      : ==>  Preparing: SELECT u.cell_phone, u.status, u.create_time, u.update_time, u.creater, u.updater, u.id, u.username, ud.type, ud.name, ud.gender, ud.icon, ud.email, ud.qq, ud.birthday, ud.job, ud.province, ud.city, ud.district, ud.intro, ud.photo, ud.role_id FROM `user` u LEFT JOIN user_detail ud ON u.id = ud.id WHERE u.id in ( ? )
15:07:12.792-[LAPTOP-FPFPK7D7][f12115f74a664e64a884c04bb4b850d2]--DEBUG 35348 --- [nio-8082-exec-8] c.t.u.m.UserDetailMapper.queryByIds      : ==> Parameters: 2(Long)
15:07:12.796-[LAPTOP-FPFPK7D7][f12115f74a664e64a884c04bb4b850d2]--DEBUG 35348 --- [nio-8082-exec-8] c.t.u.m.UserDetailMapper.queryByIds      : <==      Total: 1
15:08:41.365-[LAPTOP-FPFPK7D7][d86884f77c5f4852ab42da61263cc7ad]--DEBUG 35348 --- [nio-8082-exec-4] c.t.u.m.UserDetailMapper.queryByIds      : ==>  Preparing: SELECT u.cell_phone, u.status, u.create_time, u.update_time, u.creater, u.updater, u.id, u.username, ud.type, ud.name, ud.gender, ud.icon, ud.email, ud.qq, ud.birthday, ud.job, ud.province, ud.city, ud.district, ud.intro, ud.photo, ud.role_id FROM `user` u LEFT JOIN user_detail ud ON u.id = ud.id WHERE u.id in ( ? )
15:08:41.365-[LAPTOP-FPFPK7D7][d86884f77c5f4852ab42da61263cc7ad]--DEBUG 35348 --- [nio-8082-exec-4] c.t.u.m.UserDetailMapper.queryByIds      : ==> Parameters: 1(Long)
15:08:41.368-[LAPTOP-FPFPK7D7][d86884f77c5f4852ab42da61263cc7ad]--DEBUG 35348 --- [nio-8082-exec-4] c.t.u.m.UserDetailMapper.queryByIds      : <==      Total: 1
15:08:41.392-[LAPTOP-FPFPK7D7][9c0ff2060a1748f085b05509555a5d10]--DEBUG 35348 --- [nio-8082-exec-1] c.t.u.m.UserDetailMapper.queryByIds      : ==>  Preparing: SELECT u.cell_phone, u.status, u.create_time, u.update_time, u.creater, u.updater, u.id, u.username, ud.type, ud.name, ud.gender, ud.icon, ud.email, ud.qq, ud.birthday, ud.job, ud.province, ud.city, ud.district, ud.intro, ud.photo, ud.role_id FROM `user` u LEFT JOIN user_detail ud ON u.id = ud.id WHERE u.id in ( ? )
15:08:41.392-[LAPTOP-FPFPK7D7][9c0ff2060a1748f085b05509555a5d10]--DEBUG 35348 --- [nio-8082-exec-1] c.t.u.m.UserDetailMapper.queryByIds      : ==> Parameters: 1548940921662365698(Long)
15:08:41.394-[LAPTOP-FPFPK7D7][9c0ff2060a1748f085b05509555a5d10]--DEBUG 35348 --- [nio-8082-exec-1] c.t.u.m.UserDetailMapper.queryByIds      : <==      Total: 1
15:08:41.592-[LAPTOP-FPFPK7D7][17580485ba8d4c1aabfe4bc9a3190e58]--DEBUG 35348 --- [nio-8082-exec-3] c.t.u.m.UserDetailMapper.queryByIds      : ==>  Preparing: SELECT u.cell_phone, u.status, u.create_time, u.update_time, u.creater, u.updater, u.id, u.username, ud.type, ud.name, ud.gender, ud.icon, ud.email, ud.qq, ud.birthday, ud.job, ud.province, ud.city, ud.district, ud.intro, ud.photo, ud.role_id FROM `user` u LEFT JOIN user_detail ud ON u.id = ud.id WHERE u.id in ( ? )
15:08:41.592-[LAPTOP-FPFPK7D7][17580485ba8d4c1aabfe4bc9a3190e58]--DEBUG 35348 --- [nio-8082-exec-3] c.t.u.m.UserDetailMapper.queryByIds      : ==> Parameters: 2(Long)
15:08:41.595-[LAPTOP-FPFPK7D7][17580485ba8d4c1aabfe4bc9a3190e58]--DEBUG 35348 --- [nio-8082-exec-3] c.t.u.m.UserDetailMapper.queryByIds      : <==      Total: 1
15:08:43.976-[LAPTOP-FPFPK7D7][5a876d280b124b33a145909d1ef41d2c]--DEBUG 35348 --- [nio-8082-exec-9] c.t.u.mapper.UserDetailMapper.queryById  : ==>  Preparing: SELECT u.cell_phone, u.status, u.create_time, u.update_time, u.creater, u.updater, u.id, u.username, ud.type, ud.name, ud.gender, ud.icon, ud.email, ud.qq, ud.birthday, ud.job, ud.province, ud.city, ud.district, ud.intro, ud.photo, ud.role_id FROM `user` u LEFT JOIN user_detail ud ON u.id = ud.id WHERE u.id = ?
15:08:43.976-[LAPTOP-FPFPK7D7][5a876d280b124b33a145909d1ef41d2c]--DEBUG 35348 --- [nio-8082-exec-9] c.t.u.mapper.UserDetailMapper.queryById  : ==> Parameters: 2(Long)
15:08:43.978-[LAPTOP-FPFPK7D7][5a876d280b124b33a145909d1ef41d2c]--DEBUG 35348 --- [nio-8082-exec-9] c.t.u.mapper.UserDetailMapper.queryById  : <==      Total: 1
15:08:43.996-[LAPTOP-FPFPK7D7][f8980afd6c144ae78c2919662bc3ba11]--DEBUG 35348 --- [nio-8082-exec-5] c.t.u.m.UserDetailMapper.queryByIds      : ==>  Preparing: SELECT u.cell_phone, u.status, u.create_time, u.update_time, u.creater, u.updater, u.id, u.username, ud.type, ud.name, ud.gender, ud.icon, ud.email, ud.qq, ud.birthday, ud.job, ud.province, ud.city, ud.district, ud.intro, ud.photo, ud.role_id FROM `user` u LEFT JOIN user_detail ud ON u.id = ud.id WHERE u.id in ( ? )
15:08:43.998-[LAPTOP-FPFPK7D7][f8980afd6c144ae78c2919662bc3ba11]--DEBUG 35348 --- [nio-8082-exec-5] c.t.u.m.UserDetailMapper.queryByIds      : ==> Parameters: 9223372036854775807(Long)
15:08:43.999-[LAPTOP-FPFPK7D7][f8980afd6c144ae78c2919662bc3ba11]--DEBUG 35348 --- [nio-8082-exec-5] c.t.u.m.UserDetailMapper.queryByIds      : <==      Total: 0
15:09:05.341-[LAPTOP-FPFPK7D7][38b1fb44870644d0ac797c4b4a67bea7]--DEBUG 35348 --- [nio-8082-exec-2] c.t.u.m.UserDetailMapper.queryByIds      : ==>  Preparing: SELECT u.cell_phone, u.status, u.create_time, u.update_time, u.creater, u.updater, u.id, u.username, ud.type, ud.name, ud.gender, ud.icon, ud.email, ud.qq, ud.birthday, ud.job, ud.province, ud.city, ud.district, ud.intro, ud.photo, ud.role_id FROM `user` u LEFT JOIN user_detail ud ON u.id = ud.id WHERE u.id in ( ? )
15:09:05.341-[LAPTOP-FPFPK7D7][38b1fb44870644d0ac797c4b4a67bea7]--DEBUG 35348 --- [nio-8082-exec-2] c.t.u.m.UserDetailMapper.queryByIds      : ==> Parameters: 1(Long)
15:09:05.343-[LAPTOP-FPFPK7D7][38b1fb44870644d0ac797c4b4a67bea7]--DEBUG 35348 --- [nio-8082-exec-2] c.t.u.m.UserDetailMapper.queryByIds      : <==      Total: 1
15:09:05.364-[LAPTOP-FPFPK7D7][00e71e2af6b644c9bb9afe4d75000898]--DEBUG 35348 --- [nio-8082-exec-6] c.t.u.m.UserDetailMapper.queryByIds      : ==>  Preparing: SELECT u.cell_phone, u.status, u.create_time, u.update_time, u.creater, u.updater, u.id, u.username, ud.type, ud.name, ud.gender, ud.icon, ud.email, ud.qq, ud.birthday, ud.job, ud.province, ud.city, ud.district, ud.intro, ud.photo, ud.role_id FROM `user` u LEFT JOIN user_detail ud ON u.id = ud.id WHERE u.id in ( ? )
15:09:05.364-[LAPTOP-FPFPK7D7][00e71e2af6b644c9bb9afe4d75000898]--DEBUG 35348 --- [nio-8082-exec-6] c.t.u.m.UserDetailMapper.queryByIds      : ==> Parameters: 1548940921662365698(Long)
15:09:05.365-[LAPTOP-FPFPK7D7][00e71e2af6b644c9bb9afe4d75000898]--DEBUG 35348 --- [nio-8082-exec-6] c.t.u.m.UserDetailMapper.queryByIds      : <==      Total: 1
15:09:05.484-[LAPTOP-FPFPK7D7][dd5c32e04d4e44d9b4621422f1a3f2da]--DEBUG 35348 --- [nio-8082-exec-8] c.t.u.m.UserDetailMapper.queryByIds      : ==>  Preparing: SELECT u.cell_phone, u.status, u.create_time, u.update_time, u.creater, u.updater, u.id, u.username, ud.type, ud.name, ud.gender, ud.icon, ud.email, ud.qq, ud.birthday, ud.job, ud.province, ud.city, ud.district, ud.intro, ud.photo, ud.role_id FROM `user` u LEFT JOIN user_detail ud ON u.id = ud.id WHERE u.id in ( ? )
15:09:05.484-[LAPTOP-FPFPK7D7][dd5c32e04d4e44d9b4621422f1a3f2da]--DEBUG 35348 --- [nio-8082-exec-8] c.t.u.m.UserDetailMapper.queryByIds      : ==> Parameters: 2(Long)
15:09:05.487-[LAPTOP-FPFPK7D7][dd5c32e04d4e44d9b4621422f1a3f2da]--DEBUG 35348 --- [nio-8082-exec-8] c.t.u.m.UserDetailMapper.queryByIds      : <==      Total: 1
15:09:08.289-[LAPTOP-FPFPK7D7][18661850e7874827b57ac0310c1710a0]--DEBUG 35348 --- [io-8082-exec-10] c.t.u.mapper.UserDetailMapper.queryById  : ==>  Preparing: SELECT u.cell_phone, u.status, u.create_time, u.update_time, u.creater, u.updater, u.id, u.username, ud.type, ud.name, ud.gender, ud.icon, ud.email, ud.qq, ud.birthday, ud.job, ud.province, ud.city, ud.district, ud.intro, ud.photo, ud.role_id FROM `user` u LEFT JOIN user_detail ud ON u.id = ud.id WHERE u.id = ?
15:09:08.289-[LAPTOP-FPFPK7D7][18661850e7874827b57ac0310c1710a0]--DEBUG 35348 --- [io-8082-exec-10] c.t.u.mapper.UserDetailMapper.queryById  : ==> Parameters: 2(Long)
15:09:08.291-[LAPTOP-FPFPK7D7][18661850e7874827b57ac0310c1710a0]--DEBUG 35348 --- [io-8082-exec-10] c.t.u.mapper.UserDetailMapper.queryById  : <==      Total: 1
15:09:08.316-[LAPTOP-FPFPK7D7][a8176379430947b5a0a712376f4d510c]--DEBUG 35348 --- [nio-8082-exec-7] c.t.u.m.UserDetailMapper.queryByIds      : ==>  Preparing: SELECT u.cell_phone, u.status, u.create_time, u.update_time, u.creater, u.updater, u.id, u.username, ud.type, ud.name, ud.gender, ud.icon, ud.email, ud.qq, ud.birthday, ud.job, ud.province, ud.city, ud.district, ud.intro, ud.photo, ud.role_id FROM `user` u LEFT JOIN user_detail ud ON u.id = ud.id WHERE u.id in ( ? )
15:09:08.316-[LAPTOP-FPFPK7D7][a8176379430947b5a0a712376f4d510c]--DEBUG 35348 --- [nio-8082-exec-7] c.t.u.m.UserDetailMapper.queryByIds      : ==> Parameters: 9999(Long)
15:09:08.318-[LAPTOP-FPFPK7D7][a8176379430947b5a0a712376f4d510c]--DEBUG 35348 --- [nio-8082-exec-7] c.t.u.m.UserDetailMapper.queryByIds      : <==      Total: 1
15:12:19.672-[LAPTOP-FPFPK7D7][6a80d60abc14413495f9950684bfd437]--DEBUG 35348 --- [nio-8082-exec-3] c.t.u.m.UserDetailMapper.queryByIds      : ==>  Preparing: SELECT u.cell_phone, u.status, u.create_time, u.update_time, u.creater, u.updater, u.id, u.username, ud.type, ud.name, ud.gender, ud.icon, ud.email, ud.qq, ud.birthday, ud.job, ud.province, ud.city, ud.district, ud.intro, ud.photo, ud.role_id FROM `user` u LEFT JOIN user_detail ud ON u.id = ud.id WHERE u.id in ( ? )
15:12:19.672-[LAPTOP-FPFPK7D7][6a80d60abc14413495f9950684bfd437]--DEBUG 35348 --- [nio-8082-exec-3] c.t.u.m.UserDetailMapper.queryByIds      : ==> Parameters: 1(Long)
15:12:19.675-[LAPTOP-FPFPK7D7][6a80d60abc14413495f9950684bfd437]--DEBUG 35348 --- [nio-8082-exec-3] c.t.u.m.UserDetailMapper.queryByIds      : <==      Total: 1
15:12:19.700-[LAPTOP-FPFPK7D7][9b4a08dd7040469492be63535abd1cdc]--DEBUG 35348 --- [nio-8082-exec-9] c.t.u.m.UserDetailMapper.queryByIds      : ==>  Preparing: SELECT u.cell_phone, u.status, u.create_time, u.update_time, u.creater, u.updater, u.id, u.username, ud.type, ud.name, ud.gender, ud.icon, ud.email, ud.qq, ud.birthday, ud.job, ud.province, ud.city, ud.district, ud.intro, ud.photo, ud.role_id FROM `user` u LEFT JOIN user_detail ud ON u.id = ud.id WHERE u.id in ( ? )
15:12:19.700-[LAPTOP-FPFPK7D7][9b4a08dd7040469492be63535abd1cdc]--DEBUG 35348 --- [nio-8082-exec-9] c.t.u.m.UserDetailMapper.queryByIds      : ==> Parameters: 1548940921662365698(Long)
15:12:19.703-[LAPTOP-FPFPK7D7][9b4a08dd7040469492be63535abd1cdc]--DEBUG 35348 --- [nio-8082-exec-9] c.t.u.m.UserDetailMapper.queryByIds      : <==      Total: 1
15:12:20.201-[LAPTOP-FPFPK7D7][db377482bea945668dcdaf6cd0c0efb1]--DEBUG 35348 --- [nio-8082-exec-5] c.t.u.m.UserDetailMapper.queryByIds      : ==>  Preparing: SELECT u.cell_phone, u.status, u.create_time, u.update_time, u.creater, u.updater, u.id, u.username, ud.type, ud.name, ud.gender, ud.icon, ud.email, ud.qq, ud.birthday, ud.job, ud.province, ud.city, ud.district, ud.intro, ud.photo, ud.role_id FROM `user` u LEFT JOIN user_detail ud ON u.id = ud.id WHERE u.id in ( ? )
15:12:20.202-[LAPTOP-FPFPK7D7][db377482bea945668dcdaf6cd0c0efb1]--DEBUG 35348 --- [nio-8082-exec-5] c.t.u.m.UserDetailMapper.queryByIds      : ==> Parameters: 2(Long)
15:12:20.204-[LAPTOP-FPFPK7D7][db377482bea945668dcdaf6cd0c0efb1]--DEBUG 35348 --- [nio-8082-exec-5] c.t.u.m.UserDetailMapper.queryByIds      : <==      Total: 1
15:12:51.154-[LAPTOP-FPFPK7D7][f5fca0a6eea04855baf99ecb3cca6df8]--DEBUG 35348 --- [nio-8082-exec-2] c.t.u.m.UserDetailMapper.queryByIds      : ==>  Preparing: SELECT u.cell_phone, u.status, u.create_time, u.update_time, u.creater, u.updater, u.id, u.username, ud.type, ud.name, ud.gender, ud.icon, ud.email, ud.qq, ud.birthday, ud.job, ud.province, ud.city, ud.district, ud.intro, ud.photo, ud.role_id FROM `user` u LEFT JOIN user_detail ud ON u.id = ud.id WHERE u.id in ( ? )
15:12:51.154-[LAPTOP-FPFPK7D7][f5fca0a6eea04855baf99ecb3cca6df8]--DEBUG 35348 --- [nio-8082-exec-2] c.t.u.m.UserDetailMapper.queryByIds      : ==> Parameters: 1(Long)
15:12:51.156-[LAPTOP-FPFPK7D7][f5fca0a6eea04855baf99ecb3cca6df8]--DEBUG 35348 --- [nio-8082-exec-2] c.t.u.m.UserDetailMapper.queryByIds      : <==      Total: 1
15:12:51.179-[LAPTOP-FPFPK7D7][9352715f50b14d0492285d13c5feb005]--DEBUG 35348 --- [nio-8082-exec-6] c.t.u.m.UserDetailMapper.queryByIds      : ==>  Preparing: SELECT u.cell_phone, u.status, u.create_time, u.update_time, u.creater, u.updater, u.id, u.username, ud.type, ud.name, ud.gender, ud.icon, ud.email, ud.qq, ud.birthday, ud.job, ud.province, ud.city, ud.district, ud.intro, ud.photo, ud.role_id FROM `user` u LEFT JOIN user_detail ud ON u.id = ud.id WHERE u.id in ( ? )
15:12:51.179-[LAPTOP-FPFPK7D7][9352715f50b14d0492285d13c5feb005]--DEBUG 35348 --- [nio-8082-exec-6] c.t.u.m.UserDetailMapper.queryByIds      : ==> Parameters: 1548940921662365698(Long)
15:12:51.181-[LAPTOP-FPFPK7D7][9352715f50b14d0492285d13c5feb005]--DEBUG 35348 --- [nio-8082-exec-6] c.t.u.m.UserDetailMapper.queryByIds      : <==      Total: 1
15:12:51.368-[LAPTOP-FPFPK7D7][a7ee7c67268543ce84c10b052371de1b]--DEBUG 35348 --- [nio-8082-exec-8] c.t.u.m.UserDetailMapper.queryByIds      : ==>  Preparing: SELECT u.cell_phone, u.status, u.create_time, u.update_time, u.creater, u.updater, u.id, u.username, ud.type, ud.name, ud.gender, ud.icon, ud.email, ud.qq, ud.birthday, ud.job, ud.province, ud.city, ud.district, ud.intro, ud.photo, ud.role_id FROM `user` u LEFT JOIN user_detail ud ON u.id = ud.id WHERE u.id in ( ? )
15:12:51.368-[LAPTOP-FPFPK7D7][a7ee7c67268543ce84c10b052371de1b]--DEBUG 35348 --- [nio-8082-exec-8] c.t.u.m.UserDetailMapper.queryByIds      : ==> Parameters: 2(Long)
15:12:51.371-[LAPTOP-FPFPK7D7][a7ee7c67268543ce84c10b052371de1b]--DEBUG 35348 --- [nio-8082-exec-8] c.t.u.m.UserDetailMapper.queryByIds      : <==      Total: 1
15:13:00.589-[LAPTOP-FPFPK7D7][554cb9928c714fc1a692b5365f65f540]--DEBUG 35348 --- [io-8082-exec-10] c.t.u.m.UserDetailMapper.queryByIds      : ==>  Preparing: SELECT u.cell_phone, u.status, u.create_time, u.update_time, u.creater, u.updater, u.id, u.username, ud.type, ud.name, ud.gender, ud.icon, ud.email, ud.qq, ud.birthday, ud.job, ud.province, ud.city, ud.district, ud.intro, ud.photo, ud.role_id FROM `user` u LEFT JOIN user_detail ud ON u.id = ud.id WHERE u.id in ( ? )
15:13:00.589-[LAPTOP-FPFPK7D7][554cb9928c714fc1a692b5365f65f540]--DEBUG 35348 --- [io-8082-exec-10] c.t.u.m.UserDetailMapper.queryByIds      : ==> Parameters: 1(Long)
15:13:00.590-[LAPTOP-FPFPK7D7][554cb9928c714fc1a692b5365f65f540]--DEBUG 35348 --- [io-8082-exec-10] c.t.u.m.UserDetailMapper.queryByIds      : <==      Total: 1
15:13:00.616-[LAPTOP-FPFPK7D7][da3e232b88f64282826c4055288c82c1]--DEBUG 35348 --- [nio-8082-exec-7] c.t.u.m.UserDetailMapper.queryByIds      : ==>  Preparing: SELECT u.cell_phone, u.status, u.create_time, u.update_time, u.creater, u.updater, u.id, u.username, ud.type, ud.name, ud.gender, ud.icon, ud.email, ud.qq, ud.birthday, ud.job, ud.province, ud.city, ud.district, ud.intro, ud.photo, ud.role_id FROM `user` u LEFT JOIN user_detail ud ON u.id = ud.id WHERE u.id in ( ? )
15:13:00.617-[LAPTOP-FPFPK7D7][da3e232b88f64282826c4055288c82c1]--DEBUG 35348 --- [nio-8082-exec-7] c.t.u.m.UserDetailMapper.queryByIds      : ==> Parameters: 1548940921662365698(Long)
15:13:00.618-[LAPTOP-FPFPK7D7][da3e232b88f64282826c4055288c82c1]--DEBUG 35348 --- [nio-8082-exec-7] c.t.u.m.UserDetailMapper.queryByIds      : <==      Total: 1
15:13:00.755-[LAPTOP-FPFPK7D7][860803acca9844219a3b3cd26db3302c]--DEBUG 35348 --- [nio-8082-exec-4] c.t.u.m.UserDetailMapper.queryByIds      : ==>  Preparing: SELECT u.cell_phone, u.status, u.create_time, u.update_time, u.creater, u.updater, u.id, u.username, ud.type, ud.name, ud.gender, ud.icon, ud.email, ud.qq, ud.birthday, ud.job, ud.province, ud.city, ud.district, ud.intro, ud.photo, ud.role_id FROM `user` u LEFT JOIN user_detail ud ON u.id = ud.id WHERE u.id in ( ? )
15:13:00.755-[LAPTOP-FPFPK7D7][860803acca9844219a3b3cd26db3302c]--DEBUG 35348 --- [nio-8082-exec-4] c.t.u.m.UserDetailMapper.queryByIds      : ==> Parameters: 2(Long)
15:13:00.757-[LAPTOP-FPFPK7D7][860803acca9844219a3b3cd26db3302c]--DEBUG 35348 --- [nio-8082-exec-4] c.t.u.m.UserDetailMapper.queryByIds      : <==      Total: 1
15:13:03.666-[LAPTOP-FPFPK7D7][81427c00e42744629e6202678aabbada]--DEBUG 35348 --- [nio-8082-exec-1] c.t.u.m.UserDetailMapper.queryByIds      : ==>  Preparing: SELECT u.cell_phone, u.status, u.create_time, u.update_time, u.creater, u.updater, u.id, u.username, ud.type, ud.name, ud.gender, ud.icon, ud.email, ud.qq, ud.birthday, ud.job, ud.province, ud.city, ud.district, ud.intro, ud.photo, ud.role_id FROM `user` u LEFT JOIN user_detail ud ON u.id = ud.id WHERE u.id in ( ? )
15:13:03.666-[LAPTOP-FPFPK7D7][81427c00e42744629e6202678aabbada]--DEBUG 35348 --- [nio-8082-exec-1] c.t.u.m.UserDetailMapper.queryByIds      : ==> Parameters: 1(Long)
15:13:03.668-[LAPTOP-FPFPK7D7][81427c00e42744629e6202678aabbada]--DEBUG 35348 --- [nio-8082-exec-1] c.t.u.m.UserDetailMapper.queryByIds      : <==      Total: 1
15:13:03.710-[LAPTOP-FPFPK7D7][33f64d130cb44196a71415ba3d63b592]--DEBUG 35348 --- [nio-8082-exec-3] c.t.u.m.UserDetailMapper.queryByIds      : ==>  Preparing: SELECT u.cell_phone, u.status, u.create_time, u.update_time, u.creater, u.updater, u.id, u.username, ud.type, ud.name, ud.gender, ud.icon, ud.email, ud.qq, ud.birthday, ud.job, ud.province, ud.city, ud.district, ud.intro, ud.photo, ud.role_id FROM `user` u LEFT JOIN user_detail ud ON u.id = ud.id WHERE u.id in ( ? )
15:13:03.710-[LAPTOP-FPFPK7D7][33f64d130cb44196a71415ba3d63b592]--DEBUG 35348 --- [nio-8082-exec-3] c.t.u.m.UserDetailMapper.queryByIds      : ==> Parameters: 1548940921662365698(Long)
15:13:03.712-[LAPTOP-FPFPK7D7][33f64d130cb44196a71415ba3d63b592]--DEBUG 35348 --- [nio-8082-exec-3] c.t.u.m.UserDetailMapper.queryByIds      : <==      Total: 1
15:13:03.891-[LAPTOP-FPFPK7D7][5c2d63428c7e4b2d8d24c1af2b59d0f1]--DEBUG 35348 --- [nio-8082-exec-9] c.t.u.m.UserDetailMapper.queryByIds      : ==>  Preparing: SELECT u.cell_phone, u.status, u.create_time, u.update_time, u.creater, u.updater, u.id, u.username, ud.type, ud.name, ud.gender, ud.icon, ud.email, ud.qq, ud.birthday, ud.job, ud.province, ud.city, ud.district, ud.intro, ud.photo, ud.role_id FROM `user` u LEFT JOIN user_detail ud ON u.id = ud.id WHERE u.id in ( ? )
15:13:03.891-[LAPTOP-FPFPK7D7][5c2d63428c7e4b2d8d24c1af2b59d0f1]--DEBUG 35348 --- [nio-8082-exec-9] c.t.u.m.UserDetailMapper.queryByIds      : ==> Parameters: 2(Long)
15:13:03.893-[LAPTOP-FPFPK7D7][5c2d63428c7e4b2d8d24c1af2b59d0f1]--DEBUG 35348 --- [nio-8082-exec-9] c.t.u.m.UserDetailMapper.queryByIds      : <==      Total: 1
15:13:06.256-[LAPTOP-FPFPK7D7][76f99b4f560f40f3a55458c47610ac37]--DEBUG 35348 --- [nio-8082-exec-5] c.t.u.m.UserDetailMapper.queryByIds      : ==>  Preparing: SELECT u.cell_phone, u.status, u.create_time, u.update_time, u.creater, u.updater, u.id, u.username, ud.type, ud.name, ud.gender, ud.icon, ud.email, ud.qq, ud.birthday, ud.job, ud.province, ud.city, ud.district, ud.intro, ud.photo, ud.role_id FROM `user` u LEFT JOIN user_detail ud ON u.id = ud.id WHERE u.id in ( ? )
15:13:06.257-[LAPTOP-FPFPK7D7][76f99b4f560f40f3a55458c47610ac37]--DEBUG 35348 --- [nio-8082-exec-5] c.t.u.m.UserDetailMapper.queryByIds      : ==> Parameters: 1(Long)
15:13:06.258-[LAPTOP-FPFPK7D7][76f99b4f560f40f3a55458c47610ac37]--DEBUG 35348 --- [nio-8082-exec-5] c.t.u.m.UserDetailMapper.queryByIds      : <==      Total: 1
15:13:06.286-[LAPTOP-FPFPK7D7][e7c8a4a681db4d6f9bfec4d9478f00d1]--DEBUG 35348 --- [nio-8082-exec-2] c.t.u.m.UserDetailMapper.queryByIds      : ==>  Preparing: SELECT u.cell_phone, u.status, u.create_time, u.update_time, u.creater, u.updater, u.id, u.username, ud.type, ud.name, ud.gender, ud.icon, ud.email, ud.qq, ud.birthday, ud.job, ud.province, ud.city, ud.district, ud.intro, ud.photo, ud.role_id FROM `user` u LEFT JOIN user_detail ud ON u.id = ud.id WHERE u.id in ( ? )
15:13:06.287-[LAPTOP-FPFPK7D7][e7c8a4a681db4d6f9bfec4d9478f00d1]--DEBUG 35348 --- [nio-8082-exec-2] c.t.u.m.UserDetailMapper.queryByIds      : ==> Parameters: 1548940921662365698(Long)
15:13:06.288-[LAPTOP-FPFPK7D7][e7c8a4a681db4d6f9bfec4d9478f00d1]--DEBUG 35348 --- [nio-8082-exec-2] c.t.u.m.UserDetailMapper.queryByIds      : <==      Total: 1
15:13:06.413-[LAPTOP-FPFPK7D7][d9e28745d96c44bdac2e2ffe791236f2]--DEBUG 35348 --- [nio-8082-exec-6] c.t.u.m.UserDetailMapper.queryByIds      : ==>  Preparing: SELECT u.cell_phone, u.status, u.create_time, u.update_time, u.creater, u.updater, u.id, u.username, ud.type, ud.name, ud.gender, ud.icon, ud.email, ud.qq, ud.birthday, ud.job, ud.province, ud.city, ud.district, ud.intro, ud.photo, ud.role_id FROM `user` u LEFT JOIN user_detail ud ON u.id = ud.id WHERE u.id in ( ? )
15:13:06.413-[LAPTOP-FPFPK7D7][d9e28745d96c44bdac2e2ffe791236f2]--DEBUG 35348 --- [nio-8082-exec-6] c.t.u.m.UserDetailMapper.queryByIds      : ==> Parameters: 2(Long)
15:13:06.415-[LAPTOP-FPFPK7D7][d9e28745d96c44bdac2e2ffe791236f2]--DEBUG 35348 --- [nio-8082-exec-6] c.t.u.m.UserDetailMapper.queryByIds      : <==      Total: 1
15:13:48.824-[LAPTOP-FPFPK7D7][2b8cd87fc0a64bb5a93de2c4d63fce6f]--DEBUG 35348 --- [nio-8082-exec-8] c.t.u.m.UserDetailMapper.queryByIds      : ==>  Preparing: SELECT u.cell_phone, u.status, u.create_time, u.update_time, u.creater, u.updater, u.id, u.username, ud.type, ud.name, ud.gender, ud.icon, ud.email, ud.qq, ud.birthday, ud.job, ud.province, ud.city, ud.district, ud.intro, ud.photo, ud.role_id FROM `user` u LEFT JOIN user_detail ud ON u.id = ud.id WHERE u.id in ( ? )
15:13:48.825-[LAPTOP-FPFPK7D7][2b8cd87fc0a64bb5a93de2c4d63fce6f]--DEBUG 35348 --- [nio-8082-exec-8] c.t.u.m.UserDetailMapper.queryByIds      : ==> Parameters: 1(Long)
15:13:48.826-[LAPTOP-FPFPK7D7][2b8cd87fc0a64bb5a93de2c4d63fce6f]--DEBUG 35348 --- [nio-8082-exec-8] c.t.u.m.UserDetailMapper.queryByIds      : <==      Total: 1
15:13:48.847-[LAPTOP-FPFPK7D7][016c763d4f9a4171a8cd55ff45b54a12]--DEBUG 35348 --- [io-8082-exec-10] c.t.u.m.UserDetailMapper.queryByIds      : ==>  Preparing: SELECT u.cell_phone, u.status, u.create_time, u.update_time, u.creater, u.updater, u.id, u.username, ud.type, ud.name, ud.gender, ud.icon, ud.email, ud.qq, ud.birthday, ud.job, ud.province, ud.city, ud.district, ud.intro, ud.photo, ud.role_id FROM `user` u LEFT JOIN user_detail ud ON u.id = ud.id WHERE u.id in ( ? )
15:13:48.848-[LAPTOP-FPFPK7D7][016c763d4f9a4171a8cd55ff45b54a12]--DEBUG 35348 --- [io-8082-exec-10] c.t.u.m.UserDetailMapper.queryByIds      : ==> Parameters: 1548940921662365698(Long)
15:13:48.849-[LAPTOP-FPFPK7D7][016c763d4f9a4171a8cd55ff45b54a12]--DEBUG 35348 --- [io-8082-exec-10] c.t.u.m.UserDetailMapper.queryByIds      : <==      Total: 1
15:13:48.945-[LAPTOP-FPFPK7D7][c890e7d09ec84646b6ef47130703b8d0]--DEBUG 35348 --- [nio-8082-exec-7] c.t.u.m.UserDetailMapper.queryByIds      : ==>  Preparing: SELECT u.cell_phone, u.status, u.create_time, u.update_time, u.creater, u.updater, u.id, u.username, ud.type, ud.name, ud.gender, ud.icon, ud.email, ud.qq, ud.birthday, ud.job, ud.province, ud.city, ud.district, ud.intro, ud.photo, ud.role_id FROM `user` u LEFT JOIN user_detail ud ON u.id = ud.id WHERE u.id in ( ? )
15:13:48.945-[LAPTOP-FPFPK7D7][c890e7d09ec84646b6ef47130703b8d0]--DEBUG 35348 --- [nio-8082-exec-7] c.t.u.m.UserDetailMapper.queryByIds      : ==> Parameters: 2(Long)
15:13:48.946-[LAPTOP-FPFPK7D7][c890e7d09ec84646b6ef47130703b8d0]--DEBUG 35348 --- [nio-8082-exec-7] c.t.u.m.UserDetailMapper.queryByIds      : <==      Total: 1
15:13:52.594-[LAPTOP-FPFPK7D7][c75ac14984704009975281c0f31d9a98]--DEBUG 35348 --- [nio-8082-exec-4] c.t.u.mapper.UserDetailMapper.queryById  : ==>  Preparing: SELECT u.cell_phone, u.status, u.create_time, u.update_time, u.creater, u.updater, u.id, u.username, ud.type, ud.name, ud.gender, ud.icon, ud.email, ud.qq, ud.birthday, ud.job, ud.province, ud.city, ud.district, ud.intro, ud.photo, ud.role_id FROM `user` u LEFT JOIN user_detail ud ON u.id = ud.id WHERE u.id = ?
15:13:52.594-[LAPTOP-FPFPK7D7][c75ac14984704009975281c0f31d9a98]--DEBUG 35348 --- [nio-8082-exec-4] c.t.u.mapper.UserDetailMapper.queryById  : ==> Parameters: 2(Long)
15:13:52.596-[LAPTOP-FPFPK7D7][c75ac14984704009975281c0f31d9a98]--DEBUG 35348 --- [nio-8082-exec-4] c.t.u.mapper.UserDetailMapper.queryById  : <==      Total: 1
15:13:52.641-[LAPTOP-FPFPK7D7][30b7a802f3e34881be6f9892339c6a37]--DEBUG 35348 --- [nio-8082-exec-1] c.t.u.m.UserDetailMapper.queryByIds      : ==>  Preparing: SELECT u.cell_phone, u.status, u.create_time, u.update_time, u.creater, u.updater, u.id, u.username, ud.type, ud.name, ud.gender, ud.icon, ud.email, ud.qq, ud.birthday, ud.job, ud.province, ud.city, ud.district, ud.intro, ud.photo, ud.role_id FROM `user` u LEFT JOIN user_detail ud ON u.id = ud.id WHERE u.id in ( ? )
15:13:52.642-[LAPTOP-FPFPK7D7][30b7a802f3e34881be6f9892339c6a37]--DEBUG 35348 --- [nio-8082-exec-1] c.t.u.m.UserDetailMapper.queryByIds      : ==> Parameters: 9999(Long)
15:13:52.643-[LAPTOP-FPFPK7D7][30b7a802f3e34881be6f9892339c6a37]--DEBUG 35348 --- [nio-8082-exec-1] c.t.u.m.UserDetailMapper.queryByIds      : <==      Total: 1
15:21:38.439-[LAPTOP-FPFPK7D7][cd44a42bac5d4dc5b69149bd8529dd1d]--DEBUG 35348 --- [nio-8082-exec-5] c.t.u.mapper.UserDetailMapper.queryById  : ==>  Preparing: SELECT u.cell_phone, u.status, u.create_time, u.update_time, u.creater, u.updater, u.id, u.username, ud.type, ud.name, ud.gender, ud.icon, ud.email, ud.qq, ud.birthday, ud.job, ud.province, ud.city, ud.district, ud.intro, ud.photo, ud.role_id FROM `user` u LEFT JOIN user_detail ud ON u.id = ud.id WHERE u.id = ?
15:21:38.440-[LAPTOP-FPFPK7D7][cd44a42bac5d4dc5b69149bd8529dd1d]--DEBUG 35348 --- [nio-8082-exec-5] c.t.u.mapper.UserDetailMapper.queryById  : ==> Parameters: 2(Long)
15:21:38.442-[LAPTOP-FPFPK7D7][cd44a42bac5d4dc5b69149bd8529dd1d]--DEBUG 35348 --- [nio-8082-exec-5] c.t.u.mapper.UserDetailMapper.queryById  : <==      Total: 1
15:21:38.451-[LAPTOP-FPFPK7D7][5c636c3b1dc34ba4a16520582a68a66a]--DEBUG 35348 --- [nio-8082-exec-2] c.t.u.m.UserDetailMapper.queryByIds      : ==>  Preparing: SELECT u.cell_phone, u.status, u.create_time, u.update_time, u.creater, u.updater, u.id, u.username, ud.type, ud.name, ud.gender, ud.icon, ud.email, ud.qq, ud.birthday, ud.job, ud.province, ud.city, ud.district, ud.intro, ud.photo, ud.role_id FROM `user` u LEFT JOIN user_detail ud ON u.id = ud.id WHERE u.id in ( ? )
15:21:38.452-[LAPTOP-FPFPK7D7][5c636c3b1dc34ba4a16520582a68a66a]--DEBUG 35348 --- [nio-8082-exec-2] c.t.u.m.UserDetailMapper.queryByIds      : ==> Parameters: 9999(Long)
15:21:38.454-[LAPTOP-FPFPK7D7][5c636c3b1dc34ba4a16520582a68a66a]--DEBUG 35348 --- [nio-8082-exec-2] c.t.u.m.UserDetailMapper.queryByIds      : <==      Total: 1
15:26:36.156-[LAPTOP-FPFPK7D7][d22078124e84492184537ed09b87bab1]--DEBUG 35348 --- [io-8082-exec-10] c.t.u.m.UserDetailMapper.queryByIds      : ==>  Preparing: SELECT u.cell_phone, u.status, u.create_time, u.update_time, u.creater, u.updater, u.id, u.username, ud.type, ud.name, ud.gender, ud.icon, ud.email, ud.qq, ud.birthday, ud.job, ud.province, ud.city, ud.district, ud.intro, ud.photo, ud.role_id FROM `user` u LEFT JOIN user_detail ud ON u.id = ud.id WHERE u.id in ( ? , ? , ? , ? )
15:26:36.156-[LAPTOP-FPFPK7D7][2a6bf2a740dc47b5b792a4e1b74d48ad]--DEBUG 35348 --- [nio-8082-exec-8] c.t.u.m.UserDetailMapper.queryByIds      : ==>  Preparing: SELECT u.cell_phone, u.status, u.create_time, u.update_time, u.creater, u.updater, u.id, u.username, ud.type, ud.name, ud.gender, ud.icon, ud.email, ud.qq, ud.birthday, ud.job, ud.province, ud.city, ud.district, ud.intro, ud.photo, ud.role_id FROM `user` u LEFT JOIN user_detail ud ON u.id = ud.id WHERE u.id in ( ? , ? , ? , ? )
15:26:36.156-[LAPTOP-FPFPK7D7][e92452f90a9643d79276a77a3ba6163a]--DEBUG 35348 --- [nio-8082-exec-7] c.t.u.m.UserDetailMapper.queryByIds      : ==>  Preparing: SELECT u.cell_phone, u.status, u.create_time, u.update_time, u.creater, u.updater, u.id, u.username, ud.type, ud.name, ud.gender, ud.icon, ud.email, ud.qq, ud.birthday, ud.job, ud.province, ud.city, ud.district, ud.intro, ud.photo, ud.role_id FROM `user` u LEFT JOIN user_detail ud ON u.id = ud.id WHERE u.id in ( ? )
15:26:36.156-[LAPTOP-FPFPK7D7][e92452f90a9643d79276a77a3ba6163a]--DEBUG 35348 --- [nio-8082-exec-7] c.t.u.m.UserDetailMapper.queryByIds      : ==> Parameters: 1548940921662365698(Long)
15:26:36.156-[LAPTOP-FPFPK7D7][d22078124e84492184537ed09b87bab1]--DEBUG 35348 --- [io-8082-exec-10] c.t.u.m.UserDetailMapper.queryByIds      : ==> Parameters: 1549358501685448706(Long), 1548889371405492225(Long), 1548940921662365698(Long), 1549358967710371842(Long)
15:26:36.156-[LAPTOP-FPFPK7D7][2a6bf2a740dc47b5b792a4e1b74d48ad]--DEBUG 35348 --- [nio-8082-exec-8] c.t.u.m.UserDetailMapper.queryByIds      : ==> Parameters: 1548889371405492225(Long), 1548940921662365698(Long), 1548941239125041153(Long), 1549358967710371842(Long)
15:26:36.158-[LAPTOP-FPFPK7D7][e92452f90a9643d79276a77a3ba6163a]--DEBUG 35348 --- [nio-8082-exec-7] c.t.u.m.UserDetailMapper.queryByIds      : <==      Total: 1
15:26:36.158-[LAPTOP-FPFPK7D7][2a6bf2a740dc47b5b792a4e1b74d48ad]--DEBUG 35348 --- [nio-8082-exec-8] c.t.u.m.UserDetailMapper.queryByIds      : <==      Total: 4
15:26:36.158-[LAPTOP-FPFPK7D7][d22078124e84492184537ed09b87bab1]--DEBUG 35348 --- [io-8082-exec-10] c.t.u.m.UserDetailMapper.queryByIds      : <==      Total: 4
15:26:36.165-[LAPTOP-FPFPK7D7][8d20a0cb6ff940ad972e9a4c58ffa27b]--DEBUG 35348 --- [nio-8082-exec-4] c.t.u.m.UserDetailMapper.queryByIds      : ==>  Preparing: SELECT u.cell_phone, u.status, u.create_time, u.update_time, u.creater, u.updater, u.id, u.username, ud.type, ud.name, ud.gender, ud.icon, ud.email, ud.qq, ud.birthday, ud.job, ud.province, ud.city, ud.district, ud.intro, ud.photo, ud.role_id FROM `user` u LEFT JOIN user_detail ud ON u.id = ud.id WHERE u.id in ( ? )
15:26:36.166-[LAPTOP-FPFPK7D7][8d20a0cb6ff940ad972e9a4c58ffa27b]--DEBUG 35348 --- [nio-8082-exec-4] c.t.u.m.UserDetailMapper.queryByIds      : ==> Parameters: 1548940921662365698(Long)
15:26:36.167-[LAPTOP-FPFPK7D7][8d20a0cb6ff940ad972e9a4c58ffa27b]--DEBUG 35348 --- [nio-8082-exec-4] c.t.u.m.UserDetailMapper.queryByIds      : <==      Total: 1
16:07:26.966-[LAPTOP-FPFPK7D7][sys]-- WARN 35348 --- [      Thread-13] c.a.n.common.http.HttpClientBeanHolder   : [HttpClientBeanHolder] Start destroying common HttpClient
16:07:26.967-[LAPTOP-FPFPK7D7][sys]-- WARN 35348 --- [      Thread-15] c.a.nacos.common.notify.NotifyCenter     : [NotifyCenter] Start destroying Publisher
16:07:26.967-[LAPTOP-FPFPK7D7][sys]-- WARN 35348 --- [       Thread-2] c.a.n.common.executor.ThreadPoolManager  : [ThreadPoolManager] Start destroying ThreadPool
16:07:26.968-[LAPTOP-FPFPK7D7][sys]-- WARN 35348 --- [      Thread-15] c.a.nacos.common.notify.NotifyCenter     : [NotifyCenter] Destruction of the end
16:07:26.970-[LAPTOP-FPFPK7D7][sys]-- WARN 35348 --- [       Thread-2] c.a.n.common.executor.ThreadPoolManager  : [ThreadPoolManager] Destruction of the end
16:07:26.976-[LAPTOP-FPFPK7D7][sys]-- WARN 35348 --- [      Thread-13] c.a.n.common.http.HttpClientBeanHolder   : [HttpClientBeanHolder] Destruction of the end
16:07:27.282-[LAPTOP-FPFPK7D7][sys]-- INFO 35348 --- [ionShutdownHook] c.a.c.n.registry.NacosServiceRegistry    : De-registering from Nacos Server now...
16:07:27.810-[LAPTOP-FPFPK7D7][sys]--ERROR 35348 --- [ionShutdownHook] c.a.c.n.registry.NacosServiceRegistry    : ERR_NACOS_DEREGISTER, de-register failed...NacosRegistration{nacosDiscoveryProperties=NacosDiscoveryProperties{serverAddr='null', username='******', password='******', endpoint='null', namespace='null', watchDelay=30000, logName='null', service='null', weight=1.0, clusterName='null', group='DEFAULT_GROUP', namingLoadCacheAtStart='false', metadata={}, registerEnabled=true, ip='null', networkInterface='', port=-1, secure=false, accessKey='null', secretKey='null', heartBeatInterval=null, heartBeatTimeout=null, ipDeleteTimeout=null, instanceEnabled=true, ephemeral=true, failureToleranceEnabled=false}, ipDeleteTimeout=null, failFast=true}},
com.alibaba.nacos.api.exception.NacosException: Client not connected, current status:UNHEALTHY
	at com.alibaba.nacos.common.remote.client.RpcClient.request(RpcClient.java:645) ~[nacos-client-2.4.2.jar:na]
	at com.alibaba.nacos.common.remote.client.RpcClient.request(RpcClient.java:624) ~[nacos-client-2.4.2.jar:na]
	at com.alibaba.nacos.client.naming.remote.gprc.NamingGrpcClientProxy.requestToServer(NamingGrpcClientProxy.java:447) ~[nacos-client-2.4.2.jar:na]
	at com.alibaba.nacos.client.naming.remote.gprc.NamingGrpcClientProxy.doDeregisterService(NamingGrpcClientProxy.java:308) ~[nacos-client-2.4.2.jar:na]
	at com.alibaba.nacos.client.naming.remote.gprc.NamingGrpcClientProxy.deregisterServiceForEphemeral(NamingGrpcClientProxy.java:293) ~[nacos-client-2.4.2.jar:na]
	at com.alibaba.nacos.client.naming.remote.gprc.NamingGrpcClientProxy.deregisterService(NamingGrpcClientProxy.java:275) ~[nacos-client-2.4.2.jar:na]
	at com.alibaba.nacos.client.naming.remote.NamingClientProxyDelegate.deregisterService(NamingClientProxyDelegate.java:122) ~[nacos-client-2.4.2.jar:na]
	at com.alibaba.nacos.client.naming.NacosNamingService.deregisterInstance(NacosNamingService.java:211) ~[nacos-client-2.4.2.jar:na]
	at com.alibaba.nacos.client.naming.NacosNamingService.deregisterInstance(NacosNamingService.java:199) ~[nacos-client-2.4.2.jar:na]
	at com.alibaba.cloud.nacos.registry.NacosServiceRegistry.deregister(NacosServiceRegistry.java:107) ~[spring-cloud-starter-alibaba-nacos-discovery-2023.0.3.2.jar:2023.0.3.2]
	at org.springframework.cloud.client.serviceregistry.AbstractAutoServiceRegistration.deregister(AbstractAutoServiceRegistration.java:281) ~[spring-cloud-commons-4.1.4.jar:4.1.4]
	at org.springframework.cloud.client.serviceregistry.AbstractAutoServiceRegistration.stop(AbstractAutoServiceRegistration.java:299) ~[spring-cloud-commons-4.1.4.jar:4.1.4]
	at org.springframework.cloud.client.serviceregistry.AbstractAutoServiceRegistration.destroy(AbstractAutoServiceRegistration.java:233) ~[spring-cloud-commons-4.1.4.jar:4.1.4]
	at java.base/jdk.internal.reflect.NativeMethodAccessorImpl.invoke0(Native Method) ~[na:na]
	at java.base/jdk.internal.reflect.NativeMethodAccessorImpl.invoke(NativeMethodAccessorImpl.java:77) ~[na:na]
	at java.base/jdk.internal.reflect.DelegatingMethodAccessorImpl.invoke(DelegatingMethodAccessorImpl.java:43) ~[na:na]
	at java.base/java.lang.reflect.Method.invoke(Method.java:568) ~[na:na]
	at org.springframework.beans.factory.annotation.InitDestroyAnnotationBeanPostProcessor$LifecycleMethod.invoke(InitDestroyAnnotationBeanPostProcessor.java:457) ~[spring-beans-6.1.14.jar:6.1.14]
	at org.springframework.beans.factory.annotation.InitDestroyAnnotationBeanPostProcessor$LifecycleMetadata.invokeDestroyMethods(InitDestroyAnnotationBeanPostProcessor.java:415) ~[spring-beans-6.1.14.jar:6.1.14]
	at org.springframework.beans.factory.annotation.InitDestroyAnnotationBeanPostProcessor.postProcessBeforeDestruction(InitDestroyAnnotationBeanPostProcessor.java:239) ~[spring-beans-6.1.14.jar:6.1.14]
	at org.springframework.beans.factory.support.DisposableBeanAdapter.destroy(DisposableBeanAdapter.java:202) ~[spring-beans-6.1.14.jar:6.1.14]
	at org.springframework.beans.factory.support.DefaultSingletonBeanRegistry.destroyBean(DefaultSingletonBeanRegistry.java:587) ~[spring-beans-6.1.14.jar:6.1.14]
	at org.springframework.beans.factory.support.DefaultSingletonBeanRegistry.destroySingleton(DefaultSingletonBeanRegistry.java:559) ~[spring-beans-6.1.14.jar:6.1.14]
	at org.springframework.beans.factory.support.DefaultListableBeanFactory.destroySingleton(DefaultListableBeanFactory.java:1202) ~[spring-beans-6.1.14.jar:6.1.14]
	at org.springframework.beans.factory.support.DefaultSingletonBeanRegistry.destroySingletons(DefaultSingletonBeanRegistry.java:520) ~[spring-beans-6.1.14.jar:6.1.14]
	at org.springframework.beans.factory.support.DefaultListableBeanFactory.destroySingletons(DefaultListableBeanFactory.java:1195) ~[spring-beans-6.1.14.jar:6.1.14]
	at org.springframework.context.support.AbstractApplicationContext.destroyBeans(AbstractApplicationContext.java:1195) ~[spring-context-6.1.14.jar:6.1.14]
	at org.springframework.context.support.AbstractApplicationContext.doClose(AbstractApplicationContext.java:1156) ~[spring-context-6.1.14.jar:6.1.14]
	at org.springframework.boot.web.servlet.context.ServletWebServerApplicationContext.doClose(ServletWebServerApplicationContext.java:174) ~[spring-boot-3.3.5.jar:3.3.5]
	at org.springframework.context.support.AbstractApplicationContext.close(AbstractApplicationContext.java:1102) ~[spring-context-6.1.14.jar:6.1.14]
	at org.springframework.boot.SpringApplicationShutdownHook.closeAndWait(SpringApplicationShutdownHook.java:145) ~[spring-boot-3.3.5.jar:3.3.5]
	at java.base/java.lang.Iterable.forEach(Iterable.java:75) ~[na:na]
	at org.springframework.boot.SpringApplicationShutdownHook.run(SpringApplicationShutdownHook.java:114) ~[spring-boot-3.3.5.jar:3.3.5]
	at java.base/java.lang.Thread.run(Thread.java:842) ~[na:na]
16:07:27.819-[LAPTOP-FPFPK7D7][sys]-- INFO 35348 --- [ionShutdownHook] c.a.c.n.registry.NacosServiceRegistry    : De-registration finished.
16:07:27.908-[LAPTOP-FPFPK7D7][sys]-- INFO 35348 --- [ionShutdownHook] com.zaxxer.hikari.HikariDataSource       : HikariPool-1 - Shutdown initiated...
16:07:37.932-[LAPTOP-FPFPK7D7][sys]-- WARN 35348 --- [ionShutdownHook] com.zaxxer.hikari.pool.HikariPool        : Timed-out waiting for close connection executor to shutdown
16:07:37.932-[LAPTOP-FPFPK7D7][sys]-- INFO 35348 --- [ionShutdownHook] com.zaxxer.hikari.HikariDataSource       : HikariPool-1 - Shutdown completed.
